Archive member included to satisfy reference by file (symbol)

c:/progra~2/armgnu~1/1142da~1.3re/bin/../lib/gcc/arm-none-eabi/11.3.1/thumb/v6-m/nofp\libgcc.a(_dvmd_tls.o)
                              CMakeFiles/XOC.dir/C_/Users/Christopher_Martin/Documents/Pico_SDK/pico-sdk/src/rp2_common/pico_divider/divider.S.obj (__aeabi_idiv0)
c:/progra~2/armgnu~1/1142da~1.3re/bin/../lib/gcc/arm-none-eabi/11.3.1/thumb/v6-m/nofp\libc.a(libc_a-calloc.o)
                              CMakeFiles/XOC.dir/C_/Users/Christopher_Martin/Documents/Pico_SDK/pico-sdk/src/rp2_common/pico_malloc/pico_malloc.c.obj (calloc)
c:/progra~2/armgnu~1/1142da~1.3re/bin/../lib/gcc/arm-none-eabi/11.3.1/thumb/v6-m/nofp\libc.a(libc_a-callocr.o)
                              c:/progra~2/armgnu~1/1142da~1.3re/bin/../lib/gcc/arm-none-eabi/11.3.1/thumb/v6-m/nofp\libc.a(libc_a-calloc.o) (_calloc_r)
c:/progra~2/armgnu~1/1142da~1.3re/bin/../lib/gcc/arm-none-eabi/11.3.1/thumb/v6-m/nofp\libc.a(libc_a-malloc.o)
                              CMakeFiles/XOC.dir/C_/Users/Christopher_Martin/Documents/Pico_SDK/pico-sdk/src/rp2_common/pico_malloc/pico_malloc.c.obj (malloc)
c:/progra~2/armgnu~1/1142da~1.3re/bin/../lib/gcc/arm-none-eabi/11.3.1/thumb/v6-m/nofp\libc.a(libc_a-mallocr.o)
                              c:/progra~2/armgnu~1/1142da~1.3re/bin/../lib/gcc/arm-none-eabi/11.3.1/thumb/v6-m/nofp\libc.a(libc_a-callocr.o) (_malloc_r)
c:/progra~2/armgnu~1/1142da~1.3re/bin/../lib/gcc/arm-none-eabi/11.3.1/thumb/v6-m/nofp\libc.a(libc_a-mlock.o)
                              c:/progra~2/armgnu~1/1142da~1.3re/bin/../lib/gcc/arm-none-eabi/11.3.1/thumb/v6-m/nofp\libc.a(libc_a-mallocr.o) (__malloc_lock)
c:/progra~2/armgnu~1/1142da~1.3re/bin/../lib/gcc/arm-none-eabi/11.3.1/thumb/v6-m/nofp\libc.a(libc_a-realloc.o)
                              CMakeFiles/XOC.dir/C_/Users/Christopher_Martin/Documents/Pico_SDK/pico-sdk/src/rp2_common/pico_malloc/pico_malloc.c.obj (realloc)
c:/progra~2/armgnu~1/1142da~1.3re/bin/../lib/gcc/arm-none-eabi/11.3.1/thumb/v6-m/nofp\libc.a(libc_a-reallocr.o)
                              c:/progra~2/armgnu~1/1142da~1.3re/bin/../lib/gcc/arm-none-eabi/11.3.1/thumb/v6-m/nofp\libc.a(libc_a-realloc.o) (_realloc_r)
c:/progra~2/armgnu~1/1142da~1.3re/bin/../lib/gcc/arm-none-eabi/11.3.1/thumb/v6-m/nofp\libc.a(libc_a-memmove.o)
                              c:/progra~2/armgnu~1/1142da~1.3re/bin/../lib/gcc/arm-none-eabi/11.3.1/thumb/v6-m/nofp\libc.a(libc_a-reallocr.o) (memmove)
c:/progra~2/armgnu~1/1142da~1.3re/bin/../lib/gcc/arm-none-eabi/11.3.1/thumb/v6-m/nofp\libc.a(libc_a-impure.o)
                              c:/progra~2/armgnu~1/1142da~1.3re/bin/../lib/gcc/arm-none-eabi/11.3.1/thumb/v6-m/nofp\libc.a(libc_a-calloc.o) (_impure_ptr)
c:/progra~2/armgnu~1/1142da~1.3re/bin/../lib/gcc/arm-none-eabi/11.3.1/thumb/v6-m/nofp\libc.a(libc_a-sbrkr.o)
                              c:/progra~2/armgnu~1/1142da~1.3re/bin/../lib/gcc/arm-none-eabi/11.3.1/thumb/v6-m/nofp\libc.a(libc_a-mallocr.o) (_sbrk_r)
c:/progra~2/armgnu~1/1142da~1.3re/bin/../lib/gcc/arm-none-eabi/11.3.1/thumb/v6-m/nofp\libc.a(libc_a-errno.o)
                              c:/progra~2/armgnu~1/1142da~1.3re/bin/../lib/gcc/arm-none-eabi/11.3.1/thumb/v6-m/nofp\libc.a(libc_a-callocr.o) (__errno)
c:/progra~2/armgnu~1/1142da~1.3re/bin/../lib/gcc/arm-none-eabi/11.3.1/thumb/v6-m/nofp\libc.a(libc_a-init.o)
                              c:/progra~2/armgnu~1/1142da~1.3re/bin/../lib/gcc/arm-none-eabi/11.3.1/thumb/v6-m/nofp/crt0.o (__libc_init_array)
c:/progra~2/armgnu~1/1142da~1.3re/bin/../lib/gcc/arm-none-eabi/11.3.1/thumb/v6-m/nofp\libc.a(libc_a-lock.o)
                              c:/progra~2/armgnu~1/1142da~1.3re/bin/../lib/gcc/arm-none-eabi/11.3.1/thumb/v6-m/nofp\libc.a(libc_a-mlock.o) (__retarget_lock_acquire_recursive)
c:/progra~2/armgnu~1/1142da~1.3re/bin/../lib/gcc/arm-none-eabi/11.3.1/thumb/v6-m/nofp\libc.a(libc_a-strlen-stub.o)
                              CMakeFiles/XOC.dir/C_/Users/Christopher_Martin/Documents/Pico_SDK/pico-sdk/src/rp2_common/pico_stdio/stdio.c.obj (strlen)
c:/progra~2/armgnu~1/1142da~1.3re/bin/../lib/gcc/arm-none-eabi/11.3.1/thumb/v6-m/nofp\libc.a(libc_a-freer.o)
                              c:/progra~2/armgnu~1/1142da~1.3re/bin/../lib/gcc/arm-none-eabi/11.3.1/thumb/v6-m/nofp\libc.a(libc_a-malloc.o) (_free_r)
c:/progra~2/armgnu~1/1142da~1.3re/bin/../lib/gcc/arm-none-eabi/11.3.1/thumb/v6-m/nofp\libc.a(libc_a-findfp.o)
                              c:/progra~2/armgnu~1/1142da~1.3re/bin/../lib/gcc/arm-none-eabi/11.3.1/thumb/v6-m/nofp\libc.a(libc_a-impure.o) (__sf)
c:/progra~2/armgnu~1/1142da~1.3re/bin/../lib/gcc/arm-none-eabi/11.3.1/thumb/v6-m/nofp\libc.a(libc_a-fwalk.o)
                              c:/progra~2/armgnu~1/1142da~1.3re/bin/../lib/gcc/arm-none-eabi/11.3.1/thumb/v6-m/nofp\libc.a(libc_a-findfp.o) (_fwalk_sglue)
c:/progra~2/armgnu~1/1142da~1.3re/bin/../lib/gcc/arm-none-eabi/11.3.1/thumb/v6-m/nofp\libc.a(libc_a-stdio.o)
[...]
Memory Configuration

Name             Origin             Length             Attributes
FLASH            0x10000000         0x00200000         xr
RAM              0x20000000         0x00040000         xrw
SCRATCH_X        0x20040000         0x00001000         xrw
SCRATCH_Y        0x20041000         0x00001000         xrw
*default*        0x00000000         0xffffffff

Linker script and memory map

LOAD c:/progra~2/armgnu~1/1142da~1.3re/bin/../lib/gcc/arm-none-eabi/11.3.1/thumb/v6-m/nofp/crti.o
LOAD c:/progra~2/armgnu~1/1142da~1.3re/bin/../lib/gcc/arm-none-eabi/11.3.1/thumb/v6-m/nofp/crtbegin.o
LOAD c:/progra~2/armgnu~1/1142da~1.3re/bin/../lib/gcc/arm-none-eabi/11.3.1/thumb/v6-m/nofp/crt0.o

.flash_begin    0x10000000        0x0
                0x10000000                __flash_binary_start = .

.boot2          0x10000000      0x100
                0x10000000                __boot2_start__ = .
 *(.boot2)
 .boot2         0x10000000      0x100 C:\Users\CHRIST~1\AppData\Local\Temp\ccEIKauJ.o
                0x10000100                __boot2_end__ = .
                0x00000001                ASSERT (((__boot2_end__ - __boot2_start__) == 0x100), ERROR: Pico second stage bootloader must be 256 bytes in size)

.flashtext      0x10000100      0x1e0
                0x10000100                __logical_binary_start = .
 *(.vectors)
 .vectors       0x10000100       0xd4 CMakeFiles/XOC.dir/C_/Users/Christopher_Martin/Documents/Pico_SDK/pico-sdk/src/rp2_common/pico_standard_link/crt0.S.obj
                0x10000100                __VECTOR_TABLE
                0x10000100                __vectors
                0x100001c0                isr_invalid
                0x100001c0                __default_isrs_start
                0x100001c2                isr_nmi
                0x100001c4                isr_hardfault
                0x100001c6                isr_svcall
                0x100001c8                isr_pendsv
                0x100001ca                isr_systick
                0x100001cc                isr_irq23
                0x100001cc                isr_irq18
                0x100001cc                isr_irq11
                0x100001cc                isr_irq28
                0x100001cc                isr_irq19
                0x100001cc                isr_irq0
                0x100001cc                isr_irq6
                0x100001cc                isr_irq5
                0x100001cc                isr_irq12
                0x100001cc                isr_irq22
                0x100001cc                isr_irq31
                0x100001cc                isr_irq17
                0x100001cc                isr_irq27
                0x100001cc                isr_irq30
                0x100001cc                isr_irq2
                0x100001cc                isr_irq10
                0x100001cc                isr_irq8
                0x100001cc                isr_irq24
                0x100001cc                isr_irq1
                0x100001cc                isr_irq7
                0x100001cc                isr_irq21
                0x100001cc                isr_irq20
                0x100001cc                isr_irq15
                0x100001cc                isr_irq25
                0x100001cc                isr_irq13
                0x100001cc                __unhandled_user_irq
                0x100001cc                isr_irq4
                0x100001cc                isr_irq16
                0x100001cc                isr_irq29
                0x100001cc                isr_irq26
                0x100001cc                __default_isrs_end
                0x100001cc                isr_irq3
                0x100001cc                isr_irq14
                0x100001cc                isr_irq9
                0x100001d2                unhandled_user_irq_num_in_r0
 *(.binary_info_header)
 .binary_info_header
                0x100001d4       0x14 CMakeFiles/XOC.dir/C_/Users/Christopher_Martin/Documents/Pico_SDK/pico-sdk/src/rp2_common/pico_standard_link/crt0.S.obj
                0x100001e8                __binary_info_header_end = .
 *(.reset)
 .reset         0x100001e8       0xb4 CMakeFiles/XOC.dir/C_/Users/Christopher_Martin/Documents/Pico_SDK/pico-sdk/src/rp2_common/pico_standard_link/crt0.S.obj
                0x100001e8                _entry_point
                0x10000272                __get_current_exception
 *fill*         0x1000029c        0x4 
 .reset.__stub  0x100002a0       0x10 linker stubs
 .reset         0x100002b0       0x30 CMakeFiles/XOC.dir/C_/Users/Christopher_Martin/Documents/Pico_SDK/pico-sdk/src/rp2_common/pico_standard_link/binary_info.c.obj

.rodata         0x100002e0        0x0
 *(SORT_BY_ALIGNMENT(SORT_BY_NAME(.flashdata*)))
                0x100002e0                . = ALIGN (0x4)

.ARM.extab
 *(.ARM.extab* .gnu.linkonce.armextab.*)
                0x100002e0                __exidx_start = .

.ARM.exidx
 *(.ARM.exidx* .gnu.linkonce.armexidx.*)
                0x100002e0                __exidx_end = .
                0x100002e0                . = ALIGN (0x4)
                0x100002e0                __binary_info_start = .

.binary_info    0x100002e0       0x28
 *(.binary_info.keep.*)
 .binary_info.keep.__bi_ptr22
                0x100002e0        0x4 CMakeFiles/XOC.dir/C_/Users/Christopher_Martin/Documents/Pico_SDK/pico-sdk/src/rp2_common/pico_standard_link/binary_info.c.obj
 .binary_info.keep.__bi_ptr30
                0x100002e4        0x4 CMakeFiles/XOC.dir/C_/Users/Christopher_Martin/Documents/Pico_SDK/pico-sdk/src/rp2_common/pico_standard_link/binary_info.c.obj
 .binary_info.keep.__bi_ptr38
                0x100002e8        0x4 CMakeFiles/XOC.dir/C_/Users/Christopher_Martin/Documents/Pico_SDK/pico-sdk/src/rp2_common/pico_standard_link/binary_info.c.obj
 .binary_info.keep.__bi_ptr44
                0x100002ec        0x4 CMakeFiles/XOC.dir/C_/Users/Christopher_Martin/Documents/Pico_SDK/pico-sdk/src/rp2_common/pico_standard_link/binary_info.c.obj
 .binary_info.keep.__bi_ptr50
                0x100002f0        0x4 CMakeFiles/XOC.dir/C_/Users/Christopher_Martin/Documents/Pico_SDK/pico-sdk/src/rp2_common/pico_standard_link/binary_info.c.obj
 .binary_info.keep.__bi_ptr75
                0x100002f4        0x4 CMakeFiles/XOC.dir/C_/Users/Christopher_Martin/Documents/Pico_SDK/pico-sdk/src/rp2_common/pico_standard_link/binary_info.c.obj
 .binary_info.keep.__bi_ptr81
                0x100002f8        0x4 CMakeFiles/XOC.dir/C_/Users/Christopher_Martin/Documents/Pico_SDK/pico-sdk/src/rp2_common/pico_standard_link/binary_info.c.obj
 *(.binary_info.*)
 .binary_info.__bi_ptr28
                0x100002fc        0x4 CMakeFiles/XOC.dir/C_/Users/Christopher_Martin/Documents/Pico_SDK/pico-sdk/src/rp2_common/pico_stdio_uart/stdio_uart.c.obj
 .binary_info.__bi_ptr29
                0x10000300        0x4 CMakeFiles/XOC.dir/C_/Users/Christopher_Martin/Documents/Pico_SDK/pico-sdk/src/rp2_common/pico_stdio_uart/stdio_uart.c.obj
 .binary_info.__bi_ptr118
                0x10000304        0x4 CMakeFiles/XOC.dir/C_/Users/Christopher_Martin/Documents/Pico_SDK/pico-sdk/src/rp2_common/pico_stdio_usb/stdio_usb.c.obj
                0x10000308                __binary_info_end = .
                0x10000308                . = ALIGN (0x4)

.ram_vector_table
                0x20000000       0xc0
 *(.ram_vector_table)
 .ram_vector_table
                0x20000000       0xc0 CMakeFiles/XOC.dir/C_/Users/Christopher_Martin/Documents/Pico_SDK/pico-sdk/src/rp2_common/pico_runtime/runtime.c.obj
                0x20000000                ram_vector_table

.text           0x200000c0     0x7048 load address 0x10000308
                0x200000c0                __ram_text_start__ = .
 *(.init)
 .init          0x200000c0        0x4 c:/progra~2/armgnu~1/1142da~1.3re/bin/../lib/gcc/arm-none-eabi/11.3.1/thumb/v6-m/nofp/crti.o
                0x200000c0                _init
 *(.text*)
 .text.register_tm_clones
                0x200000c4       0x28 c:/progra~2/armgnu~1/1142da~1.3re/bin/../lib/gcc/arm-none-eabi/11.3.1/thumb/v6-m/nofp/crtbegin.o
 .text.frame_dummy
                0x200000ec       0x24 c:/progra~2/armgnu~1/1142da~1.3re/bin/../lib/gcc/arm-none-eabi/11.3.1/thumb/v6-m/nofp/crtbegin.o
 .text.clk_config_rosc
                0x20000110       0x9c CMakeFiles/XOC.dir/XOC.c.obj
                0x20000110                clk_config_rosc
 .text.startup.main
                0x200001ac       0x44 CMakeFiles/XOC.dir/XOC.c.obj
                0x200001ac                main
 .text.gpio_set_function
                0x200001f0       0x30 CMakeFiles/XOC.dir/C_/Users/Christopher_Martin/Documents/Pico_SDK/pico-sdk/src/rp2_common/hardware_gpio/gpio.c.obj
                0x200001f0                gpio_set_function
 .text.hw_claim_or_assert
                0x20000220       0x44 CMakeFiles/XOC.dir/C_/Users/Christopher_Martin/Documents/Pico_SDK/pico-sdk/src/rp2_common/hardware_claim/claim.c.obj
                0x20000220                hw_claim_or_assert
 .text.hw_claim_unused_from_range
                0x20000264       0x9c CMakeFiles/XOC.dir/C_/Users/Christopher_Martin/Documents/Pico_SDK/pico-sdk/src/rp2_common/hardware_claim/claim.c.obj
                0x20000264                hw_claim_unused_from_range
 .text.running_on_fpga
                0x20000300       0x10 CMakeFiles/XOC.dir/C_/Users/Christopher_Martin/Documents/Pico_SDK/pico-sdk/src/rp2_common/pico_platform/platform.c.obj
                0x20000300                running_on_fpga
 .text.spin_locks_reset
                0x20000310       0x1c CMakeFiles/XOC.dir/C_/Users/Christopher_Martin/Documents/Pico_SDK/pico-sdk/src/rp2_common/hardware_sync/sync.c.obj
                0x20000310                spin_locks_reset
 .text.next_striped_spin_lock_num
                0x2000032c       0x18 CMakeFiles/XOC.dir/C_/Users/Christopher_Martin/Documents/Pico_SDK/pico-sdk/src/rp2_common/hardware_sync/sync.c.obj
                0x2000032c                next_striped_spin_lock_num
 .text.spin_lock_claim_unused
                0x20000344       0x24 CMakeFiles/XOC.dir/C_/Users/Christopher_Martin/Documents/Pico_SDK/pico-sdk/src/rp2_common/hardware_sync/sync.c.obj
                0x20000344                spin_lock_claim_unused
 .text.irq_set_enabled
                0x20000368       0x24 CMakeFiles/XOC.dir/C_/Users/Christopher_Martin/Documents/Pico_SDK/pico-sdk/src/rp2_common/hardware_irq/irq.c.obj
                0x20000368                irq_set_enabled
 .text.irq_set_pending
                0x2000038c       0x10 CMakeFiles/XOC.dir/C_/Users/Christopher_Martin/Documents/Pico_SDK/pico-sdk/src/rp2_common/hardware_irq/irq.c.obj
                0x2000038c                irq_set_pending
 .text.irq_has_shared_handler
                0x2000039c       0x2c CMakeFiles/XOC.dir/C_/Users/Christopher_Martin/Documents/Pico_SDK/pico-sdk/src/rp2_common/hardware_irq/irq.c.obj
                0x2000039c                irq_has_shared_handler
 .text.irq_get_vtable_handler
                0x200003c8       0x10 CMakeFiles/XOC.dir/C_/Users/Christopher_Martin/Documents/Pico_SDK/pico-sdk/src/rp2_common/hardware_irq/irq.c.obj
                0x200003c8                irq_get_vtable_handler
 .text.irq_set_exclusive_handler
                0x200003d8       0x54 CMakeFiles/XOC.dir/C_/Users/Christopher_Martin/Documents/Pico_SDK/pico-sdk/src/rp2_common/hardware_irq/irq.c.obj
                0x200003d8                irq_set_exclusive_handler
 .text.irq_add_shared_handler
                0x2000042c      0x1e0 CMakeFiles/XOC.dir/C_/Users/Christopher_Martin/Documents/Pico_SDK/pico-sdk/src/rp2_common/hardware_irq/irq.c.obj
                0x2000042c                irq_add_shared_handler
 .text.irq_remove_handler
                0x2000060c      0x1b4 CMakeFiles/XOC.dir/C_/Users/Christopher_Martin/Documents/Pico_SDK/pico-sdk/src/rp2_common/hardware_irq/irq.c.obj
                0x2000060c                irq_remove_handler
 .text.irq_add_tail_to_free_list
                0x200007c0       0xb4 CMakeFiles/XOC.dir/C_/Users/Christopher_Martin/Documents/Pico_SDK/pico-sdk/src/rp2_common/hardware_irq/irq.c.obj
                0x200007c0                irq_add_tail_to_free_list
 .text.irq_init_priorities
                0x20000874       0x24 CMakeFiles/XOC.dir/C_/Users/Christopher_Martin/Documents/Pico_SDK/pico-sdk/src/rp2_common/hardware_irq/irq.c.obj
                0x20000874                irq_init_priorities
 .text.user_irq_claim_unused
                0x20000898       0x30 CMakeFiles/XOC.dir/C_/Users/Christopher_Martin/Documents/Pico_SDK/pico-sdk/src/rp2_common/hardware_irq/irq.c.obj
                0x20000898                user_irq_claim_unused
 .text.lock_init
                0x200008c8       0x10 CMakeFiles/XOC.dir/C_/Users/Christopher_Martin/Documents/Pico_SDK/pico-sdk/src/common/pico_sync/lock_core.c.obj
                0x200008c8                lock_init
 .text.timer_pool_entry_comparator
                0x200008d8       0x34 CMakeFiles/XOC.dir/C_/Users/Christopher_Martin/Documents/Pico_SDK/pico-sdk/src/common/pico_time/time.c.obj
                0x200008d8                timer_pool_entry_comparator
 .text.sleep_until_callback
                0x2000090c       0x30 CMakeFiles/XOC.dir/C_/Users/Christopher_Martin/Documents/Pico_SDK/pico-sdk/src/common/pico_time/time.c.obj
 .text.add_alarm_under_lock.isra.0
                0x2000093c      0x104 CMakeFiles/XOC.dir/C_/Users/Christopher_Martin/Documents/Pico_SDK/pico-sdk/src/common/pico_time/time.c.obj
 .text.alarm_pool_alarm_callback
                0x20000a40      0x1c8 CMakeFiles/XOC.dir/C_/Users/Christopher_Martin/Documents/Pico_SDK/pico-sdk/src/common/pico_time/time.c.obj
 .text.alarm_pool_add_alarm_at.constprop.0
                0x20000c08      0x11c CMakeFiles/XOC.dir/C_/Users/Christopher_Martin/Documents/Pico_SDK/pico-sdk/src/common/pico_time/time.c.obj
 .text.alarm_pool_init_default
                0x20000d24       0x64 CMakeFiles/XOC.dir/C_/Users/Christopher_Martin/Documents/Pico_SDK/pico-sdk/src/common/pico_time/time.c.obj
                0x20000d24                alarm_pool_init_default
 .text.alarm_pool_get_default
                0x20000d88        0x8 CMakeFiles/XOC.dir/C_/Users/Christopher_Martin/Documents/Pico_SDK/pico-sdk/src/common/pico_time/time.c.obj
                0x20000d88                alarm_pool_get_default
 .text.alarm_pool_add_alarm_at
                0x20000d90      0x1a0 CMakeFiles/XOC.dir/C_/Users/Christopher_Martin/Documents/Pico_SDK/pico-sdk/src/common/pico_time/time.c.obj
                0x20000d90                alarm_pool_add_alarm_at
 .text.sleep_until
                0x20000f30       0xac CMakeFiles/XOC.dir/C_/Users/Christopher_Martin/Documents/Pico_SDK/pico-sdk/src/common/pico_time/time.c.obj
                0x20000f30                sleep_until
 .text.sleep_ms
                0x20000fdc       0x38 CMakeFiles/XOC.dir/C_/Users/Christopher_Martin/Documents/Pico_SDK/pico-sdk/src/common/pico_time/time.c.obj
                0x20000fdc                sleep_ms
 .text.best_effort_wfe_or_timeout
                0x20001014       0xc0 CMakeFiles/XOC.dir/C_/Users/Christopher_Martin/Documents/Pico_SDK/pico-sdk/src/common/pico_time/time.c.obj
                0x20001014                best_effort_wfe_or_timeout
 .text.hardware_alarm_irq_handler
                0x200010d4       0xb8 CMakeFiles/XOC.dir/C_/Users/Christopher_Martin/Documents/Pico_SDK/pico-sdk/src/rp2_common/hardware_timer/timer.c.obj
 .text.hardware_alarm_claim
                0x2000118c       0x18 CMakeFiles/XOC.dir/C_/Users/Christopher_Martin/Documents/Pico_SDK/pico-sdk/src/rp2_common/hardware_timer/timer.c.obj
                0x2000118c                hardware_alarm_claim
 .text.time_us_64
                0x200011a4       0x14 CMakeFiles/XOC.dir/C_/Users/Christopher_Martin/Documents/Pico_SDK/pico-sdk/src/rp2_common/hardware_timer/timer.c.obj
                0x200011a4                time_us_64
 .text.busy_wait_until
                0x200011b8       0x20 CMakeFiles/XOC.dir/C_/Users/Christopher_Martin/Documents/Pico_SDK/pico-sdk/src/rp2_common/hardware_timer/timer.c.obj
                0x200011b8                busy_wait_until
 .text.hardware_alarm_set_callback
                0x200011d8       0x8c CMakeFiles/XOC.dir/C_/Users/Christopher_Martin/Documents/Pico_SDK/pico-sdk/src/rp2_common/hardware_timer/timer.c.obj
                0x200011d8                hardware_alarm_set_callback
 .text.hardware_alarm_set_target
                0x20001264       0xe0 CMakeFiles/XOC.dir/C_/Users/Christopher_Martin/Documents/Pico_SDK/pico-sdk/src/rp2_common/hardware_timer/timer.c.obj
                0x20001264                hardware_alarm_set_target
 .text.hardware_alarm_cancel
                0x20001344       0x3c CMakeFiles/XOC.dir/C_/Users/Christopher_Martin/Documents/Pico_SDK/pico-sdk/src/rp2_common/hardware_timer/timer.c.obj
                0x20001344                hardware_alarm_cancel
 .text.ph_merge_nodes
                0x20001380       0x68 CMakeFiles/XOC.dir/C_/Users/Christopher_Martin/Documents/Pico_SDK/pico-sdk/src/common/pico_util/pheap.c.obj
 .text.ph_post_alloc_init
                0x200013e8       0x3c CMakeFiles/XOC.dir/C_/Users/Christopher_Martin/Documents/Pico_SDK/pico-sdk/src/common/pico_util/pheap.c.obj
                0x200013e8                ph_post_alloc_init
 .text.ph_merge_two_pass
                0x20001424       0x9c CMakeFiles/XOC.dir/C_/Users/Christopher_Martin/Documents/Pico_SDK/pico-sdk/src/common/pico_util/pheap.c.obj
                0x20001424                ph_merge_two_pass
 .text.ph_remove_any_head
                0x200014c0       0xf8 CMakeFiles/XOC.dir/C_/Users/Christopher_Martin/Documents/Pico_SDK/pico-sdk/src/common/pico_util/pheap.c.obj
 .text.ph_remove_head
                0x200015b8       0xfc CMakeFiles/XOC.dir/C_/Users/Christopher_Martin/Documents/Pico_SDK/pico-sdk/src/common/pico_util/pheap.c.obj
                0x200015b8                ph_remove_head
 .text.ph_remove_and_free_node
                0x200016b4       0x7c CMakeFiles/XOC.dir/C_/Users/Christopher_Martin/Documents/Pico_SDK/pico-sdk/src/common/pico_util/pheap.c.obj
                0x200016b4                ph_remove_and_free_node
 .text.mutex_init
                0x20001730       0x1c CMakeFiles/XOC.dir/C_/Users/Christopher_Martin/Documents/Pico_SDK/pico-sdk/src/common/pico_sync/mutex.c.obj
                0x20001730                mutex_init
 .text.recursive_mutex_init
                0x2000174c       0x1c CMakeFiles/XOC.dir/C_/Users/Christopher_Martin/Documents/Pico_SDK/pico-sdk/src/common/pico_sync/mutex.c.obj
                0x2000174c                recursive_mutex_init
 .text.critical_section_init
                0x20001768       0x20 CMakeFiles/XOC.dir/C_/Users/Christopher_Martin/Documents/Pico_SDK/pico-sdk/src/common/pico_sync/critical_section.c.obj
                0x20001768                critical_section_init
 .text.uart_init
                0x20001788       0xe0 CMakeFiles/XOC.dir/C_/Users/Christopher_Martin/Documents/Pico_SDK/pico-sdk/src/rp2_common/hardware_uart/uart.c.obj
                0x20001788                uart_init
 .text.runtime_init
                0x20001868       0xf0 CMakeFiles/XOC.dir/C_/Users/Christopher_Martin/Documents/Pico_SDK/pico-sdk/src/rp2_common/pico_runtime/runtime.c.obj
                0x20001868                runtime_init
 .text.exit     0x20001958        0x4 CMakeFiles/XOC.dir/C_/Users/Christopher_Martin/Documents/Pico_SDK/pico-sdk/src/rp2_common/pico_runtime/runtime.c.obj
                0x20001958                exit
 .text.panic    0x2000195c       0x30 CMakeFiles/XOC.dir/C_/Users/Christopher_Martin/Documents/Pico_SDK/pico-sdk/src/rp2_common/pico_runtime/runtime.c.obj
                0x2000195c                panic
 .text.hard_assertion_failure
                0x2000198c        0xc CMakeFiles/XOC.dir/C_/Users/Christopher_Martin/Documents/Pico_SDK/pico-sdk/src/rp2_common/pico_runtime/runtime.c.obj
                0x2000198c                hard_assertion_failure
 .text.clock_configure
                0x20001998      0x114 CMakeFiles/XOC.dir/C_/Users/Christopher_Martin/Documents/Pico_SDK/pico-sdk/src/rp2_common/hardware_clocks/clocks.c.obj
                0x20001998                clock_configure
 .text.clocks_init
                0x20001aac      0x2b0 CMakeFiles/XOC.dir/C_/Users/Christopher_Martin/Documents/Pico_SDK/pico-sdk/src/rp2_common/hardware_clocks/clocks.c.obj
                0x20001aac                clocks_init
 .text.clock_get_hz
                0x20001d5c        0xc CMakeFiles/XOC.dir/C_/Users/Christopher_Martin/Documents/Pico_SDK/pico-sdk/src/rp2_common/hardware_clocks/clocks.c.obj
                0x20001d5c                clock_get_hz
 .text.frequency_count_khz
                0x20001d68       0x48 CMakeFiles/XOC.dir/C_/Users/Christopher_Martin/Documents/Pico_SDK/pico-sdk/src/rp2_common/hardware_clocks/clocks.c.obj
                0x20001d68                frequency_count_khz
 .text.pll_init
                0x20001db0       0xa8 CMakeFiles/XOC.dir/C_/Users/Christopher_Martin/Documents/Pico_SDK/pico-sdk/src/rp2_common/hardware_pll/pll.c.obj
                0x20001db0                pll_init
 .text.pll_deinit
                0x20001e58        0x8 CMakeFiles/XOC.dir/C_/Users/Christopher_Martin/Documents/Pico_SDK/pico-sdk/src/rp2_common/hardware_pll/pll.c.obj
                0x20001e58                pll_deinit
 .text.watchdog_start_tick
                0x20001e60       0x10 CMakeFiles/XOC.dir/C_/Users/Christopher_Martin/Documents/Pico_SDK/pico-sdk/src/rp2_common/hardware_watchdog/watchdog.c.obj
                0x20001e60                watchdog_start_tick
 .text.watchdog_reboot
                0x20001e70       0x9c CMakeFiles/XOC.dir/C_/Users/Christopher_Martin/Documents/Pico_SDK/pico-sdk/src/rp2_common/hardware_watchdog/watchdog.c.obj
                0x20001e70                watchdog_reboot
 .text.xosc_init
                0x20001f0c       0x28 CMakeFiles/XOC.dir/C_/Users/Christopher_Martin/Documents/Pico_SDK/pico-sdk/src/rp2_common/hardware_xosc/xosc.c.obj
                0x20001f0c                xosc_init
 .text._out_null
                0x20001f34        0x4 CMakeFiles/XOC.dir/C_/Users/Christopher_Martin/Documents/Pico_SDK/pico-sdk/src/rp2_common/pico_printf/printf.c.obj
 .text._out_rev
                0x20001f38       0x90 CMakeFiles/XOC.dir/C_/Users/Christopher_Martin/Documents/Pico_SDK/pico-sdk/src/rp2_common/pico_printf/printf.c.obj
 .text._ntoa_format
                0x20001fc8      0x1cc CMakeFiles/XOC.dir/C_/Users/Christopher_Martin/Documents/Pico_SDK/pico-sdk/src/rp2_common/pico_printf/printf.c.obj
 .text._out_char
                0x20002194       0x10 CMakeFiles/XOC.dir/C_/Users/Christopher_Martin/Documents/Pico_SDK/pico-sdk/src/rp2_common/pico_printf/printf.c.obj
 .text._out_fct
                0x200021a4       0x10 CMakeFiles/XOC.dir/C_/Users/Christopher_Martin/Documents/Pico_SDK/pico-sdk/src/rp2_common/pico_printf/printf.c.obj
 .text._etoa    0x200021b4      0x44c CMakeFiles/XOC.dir/C_/Users/Christopher_Martin/Documents/Pico_SDK/pico-sdk/src/rp2_common/pico_printf/printf.c.obj
 .text._ftoa    0x20002600      0x3d0 CMakeFiles/XOC.dir/C_/Users/Christopher_Martin/Documents/Pico_SDK/pico-sdk/src/rp2_common/pico_printf/printf.c.obj
 .text._vsnprintf
                0x200029d0      0xabc CMakeFiles/XOC.dir/C_/Users/Christopher_Martin/Documents/Pico_SDK/pico-sdk/src/rp2_common/pico_printf/printf.c.obj
 .text.vfctprintf
                0x2000348c       0x20 CMakeFiles/XOC.dir/C_/Users/Christopher_Martin/Documents/Pico_SDK/pico-sdk/src/rp2_common/pico_printf/printf.c.obj
                0x2000348c                vfctprintf
 .text.weak_raw_vprintf
                0x200034ac       0x30 CMakeFiles/XOC.dir/C_/Users/Christopher_Martin/Documents/Pico_SDK/pico-sdk/src/rp2_common/pico_printf/printf.c.obj
                0x200034ac                weak_raw_vprintf
 .text          0x200034dc       0x10 CMakeFiles/XOC.dir/C_/Users/Christopher_Martin/Documents/Pico_SDK/pico-sdk/src/rp2_common/pico_bit_ops/bit_ops_aeabi.S.obj
 .text.rom_func_lookup
                0x200034ec       0x10 CMakeFiles/XOC.dir/C_/Users/Christopher_Martin/Documents/Pico_SDK/pico-sdk/src/rp2_common/pico_bootrom/bootrom.c.obj
                0x200034ec                rom_func_lookup
 .text.rom_data_lookup
                0x200034fc       0x10 CMakeFiles/XOC.dir/C_/Users/Christopher_Martin/Documents/Pico_SDK/pico-sdk/src/rp2_common/pico_bootrom/bootrom.c.obj
                0x200034fc                rom_data_lookup
 .text.rom_funcs_lookup
                0x2000350c       0x44 CMakeFiles/XOC.dir/C_/Users/Christopher_Martin/Documents/Pico_SDK/pico-sdk/src/rp2_common/pico_bootrom/bootrom.c.obj
                0x2000350c                rom_funcs_lookup
 .text.__wrap___aeabi_idiv
                0x20003550       0x50 CMakeFiles/XOC.dir/C_/Users/Christopher_Martin/Documents/Pico_SDK/pico-sdk/src/rp2_common/pico_divider/divider.S.obj
                0x20003550                __wrap___aeabi_idivmod
                0x20003550                divmod_s32s32
                0x20003550                div_s32s32
                0x20003550                __wrap___aeabi_idiv
                0x20003558                divmod_s32s32_unsafe
                0x20003584                divmod_s32s32_savestate
 .text.__wrap___aeabi_uidiv
                0x200035a0       0x4c CMakeFiles/XOC.dir/C_/Users/Christopher_Martin/Documents/Pico_SDK/pico-sdk/src/rp2_common/pico_divider/divider.S.obj
                0x200035a0                __wrap___aeabi_uidiv
                0x200035a0                __wrap___aeabi_uidivmod
                0x200035a0                div_u32u32
                0x200035a0                divmod_u32u32
                0x200035a8                divmod_u32u32_unsafe
                0x200035d0                divmod_u32u32_savestate
 .text.__wrap___aeabi_ldiv
                0x200035ec      0x434 CMakeFiles/XOC.dir/C_/Users/Christopher_Martin/Documents/Pico_SDK/pico-sdk/src/rp2_common/pico_divider/divider.S.obj
                0x200035ec                div_s64s64
                0x200035ec                divmod_s64s64
                0x200035ec                __wrap___aeabi_ldivmod
                0x20003624                divmod_u64u64
                0x20003624                div_u64u64
                0x20003624                __wrap___aeabi_uldivmod
                0x20003634                divmod_u64u64_savestate
                0x2000365c                divmod_s64s64_unsafe
                0x200036e4                divmod_u64u64_unsafe
 .text.__wrap___aeabi_darithmetic
                0x20003a20       0x80 CMakeFiles/XOC.dir/C_/Users/Christopher_Martin/Documents/Pico_SDK/pico-sdk/src/rp2_common/pico_double/double_aeabi.S.obj
                0x20003a20                __wrap___aeabi_drsub
                0x20003a26                __wrap___aeabi_dsub
                0x20003a38                __wrap___aeabi_dadd
                0x20003a4a                __wrap___aeabi_ddiv
                0x20003a86                __wrap___aeabi_dmul
 .text.__wrap___aeabi_cdcmple
                0x20003aa0       0x6c CMakeFiles/XOC.dir/C_/Users/Christopher_Martin/Documents/Pico_SDK/pico-sdk/src/rp2_common/pico_double/double_aeabi.S.obj
                0x20003aa0                __wrap___aeabi_cdrcmple
                0x20003ab0                __wrap___aeabi_cdcmpeq
                0x20003ab0                __wrap___aeabi_cdcmple
 .text.__wrap___aeabi_dcmplt
                0x20003b0c        0xc CMakeFiles/XOC.dir/C_/Users/Christopher_Martin/Documents/Pico_SDK/pico-sdk/src/rp2_common/pico_double/double_aeabi.S.obj
                0x20003b0c                __wrap___aeabi_dcmplt
 .text.__wrap___aeabi_dcmple
                0x20003b18       0x10 CMakeFiles/XOC.dir/C_/Users/Christopher_Martin/Documents/Pico_SDK/pico-sdk/src/rp2_common/pico_double/double_aeabi.S.obj
                0x20003b18                __wrap___aeabi_dcmple
 .text.__wrap___aeabi_dcmpge
                0x20003b28       0x10 CMakeFiles/XOC.dir/C_/Users/Christopher_Martin/Documents/Pico_SDK/pico-sdk/src/rp2_common/pico_double/double_aeabi.S.obj
                0x20003b28                __wrap___aeabi_dcmpge
 .text.__wrap___aeabi_dcmpgt
                0x20003b38        0xa CMakeFiles/XOC.dir/C_/Users/Christopher_Martin/Documents/Pico_SDK/pico-sdk/src/rp2_common/pico_double/double_aeabi.S.obj
                0x20003b38                __wrap___aeabi_dcmpgt
 .text.__wrap___aeabi_dcmpun
                0x20003b42       0x1c CMakeFiles/XOC.dir/C_/Users/Christopher_Martin/Documents/Pico_SDK/pico-sdk/src/rp2_common/pico_double/double_aeabi.S.obj
                0x20003b42                __wrap___aeabi_dcmpun
 *fill*         0x20003b5e        0x2 
 .text.__wrap___aeabi_i2d
                0x20003b60       0x38 CMakeFiles/XOC.dir/C_/Users/Christopher_Martin/Documents/Pico_SDK/pico-sdk/src/rp2_common/pico_double/double_aeabi.S.obj
                0x20003b60                __wrap___aeabi_ui2d
                0x20003b68                __wrap___aeabi_i2d
 .text.__wrap___aeabi_d2iz
                0x20003b98       0x48 CMakeFiles/XOC.dir/C_/Users/Christopher_Martin/Documents/Pico_SDK/pico-sdk/src/rp2_common/pico_double/double_aeabi.S.obj
                0x20003b98                double2int_z
                0x20003b98                __wrap___aeabi_d2iz
 .text.__wrap___aeabi_d2uiz
                0x20003be0       0x18 CMakeFiles/XOC.dir/C_/Users/Christopher_Martin/Documents/Pico_SDK/pico-sdk/src/rp2_common/pico_double/double_aeabi.S.obj
                0x20003be0                __wrap___aeabi_d2uiz
                0x20003be0                double2uint
 .text.__aeabi_double_init
                0x20003bf8       0x94 CMakeFiles/XOC.dir/C_/Users/Christopher_Martin/Documents/Pico_SDK/pico-sdk/src/rp2_common/pico_double/double_init_rom.c.obj
                0x20003bf8                __aeabi_double_init
 .text.double_table_shim_on_use_helper
                0x20003c8c       0x2c CMakeFiles/XOC.dir/C_/Users/Christopher_Martin/Documents/Pico_SDK/pico-sdk/src/rp2_common/pico_double/double_v1_rom_shim.S.obj
                0x20003c8c                double_table_shim_on_use_helper
 .text.__wrap___aeabi_dsub
                0x20003cb8       0x10 CMakeFiles/XOC.dir/C_/Users/Christopher_Martin/Documents/Pico_SDK/pico-sdk/src/rp2_common/pico_double/double_v1_rom_shim.S.obj
                0x20003cb8                drsub_shim
                0x20003cbe                dsub_shim
 .text.dadd_shim
                0x20003cc8      0x15c CMakeFiles/XOC.dir/C_/Users/Christopher_Martin/Documents/Pico_SDK/pico-sdk/src/rp2_common/pico_double/double_v1_rom_shim.S.obj
                0x20003cc8                dadd_shim
 .text.dmul_shim
                0x20003e24      0x15c CMakeFiles/XOC.dir/C_/Users/Christopher_Martin/Documents/Pico_SDK/pico-sdk/src/rp2_common/pico_double/double_v1_rom_shim.S.obj
                0x20003e24                dmul_shim
 .text.ddiv_shim
                0x20003f80      0x1b0 CMakeFiles/XOC.dir/C_/Users/Christopher_Martin/Documents/Pico_SDK/pico-sdk/src/rp2_common/pico_double/double_v1_rom_shim.S.obj
                0x20003f80                ddiv_shim
 .text.double2uint_shim
                0x20004130        0xe CMakeFiles/XOC.dir/C_/Users/Christopher_Martin/Documents/Pico_SDK/pico-sdk/src/rp2_common/pico_double/double_v1_rom_shim.S.obj
                0x20004130                double2uint_shim
                0x20004132                double2ufix_shim
 *fill*         0x2000413e        0x2 
 .text.double2uint64_shim
                0x20004140       0x70 CMakeFiles/XOC.dir/C_/Users/Christopher_Martin/Documents/Pico_SDK/pico-sdk/src/rp2_common/pico_double/double_v1_rom_shim.S.obj
                0x20004140                double2uint64_shim
                0x20004142                double2ufix64_shim
                0x20004162                d2fix_a
 .text.dunpacks
                0x200041b0       0x3c CMakeFiles/XOC.dir/C_/Users/Christopher_Martin/Documents/Pico_SDK/pico-sdk/src/rp2_common/pico_double/double_v1_rom_shim.S.obj
                0x200041b0                dunpacks
 .text.__aeabi_lmul
                0x200041ec       0x32 CMakeFiles/XOC.dir/C_/Users/Christopher_Martin/Documents/Pico_SDK/pico-sdk/src/rp2_common/pico_int64_ops/pico_int64_ops_aeabi.S.obj
                0x200041ec                __wrap___aeabi_lmul
 *fill*         0x2000421e        0x2 
 .text.__aeabi_float_init
                0x20004220       0x64 CMakeFiles/XOC.dir/C_/Users/Christopher_Martin/Documents/Pico_SDK/pico-sdk/src/rp2_common/pico_float/float_init_rom.c.obj
                0x20004220                __aeabi_float_init
 .text.float_table_shim_on_use_helper
                0x20004284       0x2c CMakeFiles/XOC.dir/C_/Users/Christopher_Martin/Documents/Pico_SDK/pico-sdk/src/rp2_common/pico_float/float_v1_rom_shim.S.obj
                0x20004284                float_table_shim_on_use_helper
 .text          0x200042b0       0x10 CMakeFiles/XOC.dir/C_/Users/Christopher_Martin/Documents/Pico_SDK/pico-sdk/src/rp2_common/pico_mem_ops/mem_ops_aeabi.S.obj
                0x200042b0                __aeabi_mem_init
 .text.memset   0x200042c0        0xc CMakeFiles/XOC.dir/C_/Users/Christopher_Martin/Documents/Pico_SDK/pico-sdk/src/rp2_common/pico_mem_ops/mem_ops_aeabi.S.obj
                0x200042c0                __wrap_memset
 .text.memcpy   0x200042cc        0xc CMakeFiles/XOC.dir/C_/Users/Christopher_Martin/Documents/Pico_SDK/pico-sdk/src/rp2_common/pico_mem_ops/mem_ops_aeabi.S.obj
                0x200042cc                __wrap_memcpy
                0x200042cc                __wrap___aeabi_memcpy
 .text.stdio_out_chars_no_crlf
                0x200042d8       0x10 CMakeFiles/XOC.dir/C_/Users/Christopher_Martin/Documents/Pico_SDK/pico-sdk/src/rp2_common/pico_stdio/stdio.c.obj
 .text.stdio_out_chars_crlf
                0x200042e8       0xb4 CMakeFiles/XOC.dir/C_/Users/Christopher_Martin/Documents/Pico_SDK/pico-sdk/src/rp2_common/pico_stdio/stdio.c.obj
 .text.stdio_buffered_printer
                0x2000439c       0x64 CMakeFiles/XOC.dir/C_/Users/Christopher_Martin/Documents/Pico_SDK/pico-sdk/src/rp2_common/pico_stdio/stdio.c.obj
 .text.stdio_put_string.isra.0
                0x20004400       0xfc CMakeFiles/XOC.dir/C_/Users/Christopher_Martin/Documents/Pico_SDK/pico-sdk/src/rp2_common/pico_stdio/stdio.c.obj
 .text.__wrap_putchar
                0x200044fc       0xa0 CMakeFiles/XOC.dir/C_/Users/Christopher_Martin/Documents/Pico_SDK/pico-sdk/src/rp2_common/pico_stdio/stdio.c.obj
                0x200044fc                __wrap_putchar
 .text.__wrap_puts
                0x2000459c       0x3c CMakeFiles/XOC.dir/C_/Users/Christopher_Martin/Documents/Pico_SDK/pico-sdk/src/rp2_common/pico_stdio/stdio.c.obj
                0x2000459c                __wrap_puts
 .text.stdio_set_driver_enabled
                0x200045d8       0x30 CMakeFiles/XOC.dir/C_/Users/Christopher_Martin/Documents/Pico_SDK/pico-sdk/src/rp2_common/pico_stdio/stdio.c.obj
                0x200045d8                stdio_set_driver_enabled
 .text.__wrap_vprintf
                0x20004608       0xd4 CMakeFiles/XOC.dir/C_/Users/Christopher_Martin/Documents/Pico_SDK/pico-sdk/src/rp2_common/pico_stdio/stdio.c.obj
                0x20004608                __wrap_vprintf
 .text.__wrap_printf
                0x200046dc       0x18 CMakeFiles/XOC.dir/C_/Users/Christopher_Martin/Documents/Pico_SDK/pico-sdk/src/rp2_common/pico_stdio/stdio.c.obj
                0x200046dc                __wrap_printf
 .text.stdio_init_all
                0x200046f4        0xc CMakeFiles/XOC.dir/C_/Users/Christopher_Martin/Documents/Pico_SDK/pico-sdk/src/rp2_common/pico_stdio/stdio.c.obj
                0x200046f4                stdio_init_all
 .text.stdio_uart_out_chars
                0x20004700       0x4c CMakeFiles/XOC.dir/C_/Users/Christopher_Martin/Documents/Pico_SDK/pico-sdk/src/rp2_common/pico_stdio_uart/stdio_uart.c.obj
 .text.stdio_uart_in_chars
                0x2000474c       0x38 CMakeFiles/XOC.dir/C_/Users/Christopher_Martin/Documents/Pico_SDK/pico-sdk/src/rp2_common/pico_stdio_uart/stdio_uart.c.obj
                0x2000474c                stdio_uart_in_chars
 .text.stdio_uart_init
                0x20004784       0x48 CMakeFiles/XOC.dir/C_/Users/Christopher_Martin/Documents/Pico_SDK/pico-sdk/src/rp2_common/pico_stdio_uart/stdio_uart.c.obj
                0x20004784                stdio_uart_init
 .text.resetd_init
                0x200047cc        0x4 CMakeFiles/XOC.dir/C_/Users/Christopher_Martin/Documents/Pico_SDK/pico-sdk/src/rp2_common/pico_stdio_usb/reset_interface.c.obj
 .text.resetd_reset
                0x200047d0        0xc CMakeFiles/XOC.dir/C_/Users/Christopher_Martin/Documents/Pico_SDK/pico-sdk/src/rp2_common/pico_stdio_usb/reset_interface.c.obj
 .text.resetd_open
                0x200047dc       0x28 CMakeFiles/XOC.dir/C_/Users/Christopher_Martin/Documents/Pico_SDK/pico-sdk/src/rp2_common/pico_stdio_usb/reset_interface.c.obj
 .text.resetd_xfer_cb
                0x20004804        0x4 CMakeFiles/XOC.dir/C_/Users/Christopher_Martin/Documents/Pico_SDK/pico-sdk/src/rp2_common/pico_stdio_usb/reset_interface.c.obj
 .text.resetd_control_xfer_cb
                0x20004808       0x64 CMakeFiles/XOC.dir/C_/Users/Christopher_Martin/Documents/Pico_SDK/pico-sdk/src/rp2_common/pico_stdio_usb/reset_interface.c.obj
 .text.usbd_app_driver_get_cb
                0x2000486c        0xc CMakeFiles/XOC.dir/C_/Users/Christopher_Martin/Documents/Pico_SDK/pico-sdk/src/rp2_common/pico_stdio_usb/reset_interface.c.obj
                0x2000486c                usbd_app_driver_get_cb
 .text.tud_cdc_line_coding_cb
                0x20004878       0x34 CMakeFiles/XOC.dir/C_/Users/Christopher_Martin/Documents/Pico_SDK/pico-sdk/src/rp2_common/pico_stdio_usb/reset_interface.c.obj
                0x20004878                tud_cdc_line_coding_cb
 .text.stdio_usb_in_chars
                0x200048ac       0x68 CMakeFiles/XOC.dir/C_/Users/Christopher_Martin/Documents/Pico_SDK/pico-sdk/src/rp2_common/pico_stdio_usb/stdio_usb.c.obj
                0x200048ac                stdio_usb_in_chars
 .text.stdio_usb_out_chars
                0x20004914       0xe8 CMakeFiles/XOC.dir/C_/Users/Christopher_Martin/Documents/Pico_SDK/pico-sdk/src/rp2_common/pico_stdio_usb/stdio_usb.c.obj
 .text.timer_task
                0x200049fc       0x18 CMakeFiles/XOC.dir/C_/Users/Christopher_Martin/Documents/Pico_SDK/pico-sdk/src/rp2_common/pico_stdio_usb/stdio_usb.c.obj
 .text.usb_irq  0x20004a14       0x10 CMakeFiles/XOC.dir/C_/Users/Christopher_Martin/Documents/Pico_SDK/pico-sdk/src/rp2_common/pico_stdio_usb/stdio_usb.c.obj
 .text.low_priority_worker_irq
                0x20004a24       0x24 CMakeFiles/XOC.dir/C_/Users/Christopher_Martin/Documents/Pico_SDK/pico-sdk/src/rp2_common/pico_stdio_usb/stdio_usb.c.obj
 .text.stdio_usb_init
                0x20004a48       0xb0 CMakeFiles/XOC.dir/C_/Users/Christopher_Martin/Documents/Pico_SDK/pico-sdk/src/rp2_common/pico_stdio_usb/stdio_usb.c.obj
                0x20004a48                stdio_usb_init
 .text.tud_descriptor_device_cb
                0x20004af8        0x8 CMakeFiles/XOC.dir/C_/Users/Christopher_Martin/Documents/Pico_SDK/pico-sdk/src/rp2_common/pico_stdio_usb/stdio_usb_descriptors.c.obj
                0x20004af8                tud_descriptor_device_cb
 .text.tud_descriptor_configuration_cb
                0x20004b00        0x8 CMakeFiles/XOC.dir/C_/Users/Christopher_Martin/Documents/Pico_SDK/pico-sdk/src/rp2_common/pico_stdio_usb/stdio_usb_descriptors.c.obj
                0x20004b00                tud_descriptor_configuration_cb
 .text.tud_descriptor_string_cb
                0x20004b08       0x74 CMakeFiles/XOC.dir/C_/Users/Christopher_Martin/Documents/Pico_SDK/pico-sdk/src/rp2_common/pico_stdio_usb/stdio_usb_descriptors.c.obj
                0x20004b08                tud_descriptor_string_cb
 .text.dcd_rp2040_irq
                0x20004b7c      0x1cc CMakeFiles/XOC.dir/C_/Users/Christopher_Martin/Documents/Pico_SDK/pico-sdk/lib/tinyusb/src/portable/raspberrypi/rp2040/dcd_rp2040.c.obj
 .text.dcd_int_enable
                0x20004d48        0xc CMakeFiles/XOC.dir/C_/Users/Christopher_Martin/Documents/Pico_SDK/pico-sdk/lib/tinyusb/src/portable/raspberrypi/rp2040/dcd_rp2040.c.obj
                0x20004d48                dcd_int_enable
 .text.dcd_set_address
                0x20004d54       0x14 CMakeFiles/XOC.dir/C_/Users/Christopher_Martin/Documents/Pico_SDK/pico-sdk/lib/tinyusb/src/portable/raspberrypi/rp2040/dcd_rp2040.c.obj
                0x20004d54                dcd_set_address
 .text.dcd_connect
                0x20004d68       0x10 CMakeFiles/XOC.dir/C_/Users/Christopher_Martin/Documents/Pico_SDK/pico-sdk/lib/tinyusb/src/portable/raspberrypi/rp2040/dcd_rp2040.c.obj
                0x20004d68                dcd_connect
 .text.dcd_init
                0x20004d78       0xf0 CMakeFiles/XOC.dir/C_/Users/Christopher_Martin/Documents/Pico_SDK/pico-sdk/lib/tinyusb/src/portable/raspberrypi/rp2040/dcd_rp2040.c.obj
                0x20004d78                dcd_init
 .text.dcd_edpt0_status_complete
                0x20004e68       0x1c CMakeFiles/XOC.dir/C_/Users/Christopher_Martin/Documents/Pico_SDK/pico-sdk/lib/tinyusb/src/portable/raspberrypi/rp2040/dcd_rp2040.c.obj
                0x20004e68                dcd_edpt0_status_complete
 .text.dcd_edpt_open
                0x20004e84       0xf0 CMakeFiles/XOC.dir/C_/Users/Christopher_Martin/Documents/Pico_SDK/pico-sdk/lib/tinyusb/src/portable/raspberrypi/rp2040/dcd_rp2040.c.obj
                0x20004e84                dcd_edpt_open
 .text.dcd_edpt_close_all
                0x20004f74       0x68 CMakeFiles/XOC.dir/C_/Users/Christopher_Martin/Documents/Pico_SDK/pico-sdk/lib/tinyusb/src/portable/raspberrypi/rp2040/dcd_rp2040.c.obj
                0x20004f74                dcd_edpt_close_all
 .text.dcd_edpt_xfer
                0x20004fdc       0x24 CMakeFiles/XOC.dir/C_/Users/Christopher_Martin/Documents/Pico_SDK/pico-sdk/lib/tinyusb/src/portable/raspberrypi/rp2040/dcd_rp2040.c.obj
                0x20004fdc                dcd_edpt_xfer
 .text.dcd_edpt_stall
                0x20005000       0x38 CMakeFiles/XOC.dir/C_/Users/Christopher_Martin/Documents/Pico_SDK/pico-sdk/lib/tinyusb/src/portable/raspberrypi/rp2040/dcd_rp2040.c.obj
                0x20005000                dcd_edpt_stall
 .text.dcd_edpt_clear_stall
                0x20005038       0x30 CMakeFiles/XOC.dir/C_/Users/Christopher_Martin/Documents/Pico_SDK/pico-sdk/lib/tinyusb/src/portable/raspberrypi/rp2040/dcd_rp2040.c.obj
                0x20005038                dcd_edpt_clear_stall
 .text._hw_endpoint_buffer_control_update32.part.0.isra.0
                0x20005068       0x1c CMakeFiles/XOC.dir/C_/Users/Christopher_Martin/Documents/Pico_SDK/pico-sdk/lib/tinyusb/src/portable/raspberrypi/rp2040/rp2040_usb.c.obj
 .text.rp2040_usb_init
                0x20005084       0x4c CMakeFiles/XOC.dir/C_/Users/Christopher_Martin/Documents/Pico_SDK/pico-sdk/lib/tinyusb/src/portable/raspberrypi/rp2040/rp2040_usb.c.obj
                0x20005084                rp2040_usb_init
 .text.hw_endpoint_reset_transfer
                0x200050d0        0xc CMakeFiles/XOC.dir/C_/Users/Christopher_Martin/Documents/Pico_SDK/pico-sdk/lib/tinyusb/src/portable/raspberrypi/rp2040/rp2040_usb.c.obj
                0x200050d0                hw_endpoint_reset_transfer
 .text._hw_endpoint_buffer_control_update32
                0x200050dc       0x44 CMakeFiles/XOC.dir/C_/Users/Christopher_Martin/Documents/Pico_SDK/pico-sdk/lib/tinyusb/src/portable/raspberrypi/rp2040/rp2040_usb.c.obj
                0x200050dc                _hw_endpoint_buffer_control_update32
 .text.hw_endpoint_xfer_start
                0x20005120      0x134 CMakeFiles/XOC.dir/C_/Users/Christopher_Martin/Documents/Pico_SDK/pico-sdk/lib/tinyusb/src/portable/raspberrypi/rp2040/rp2040_usb.c.obj
                0x20005120                hw_endpoint_xfer_start
 .text.hw_endpoint_xfer_continue
                0x20005254      0x1dc CMakeFiles/XOC.dir/C_/Users/Christopher_Martin/Documents/Pico_SDK/pico-sdk/lib/tinyusb/src/portable/raspberrypi/rp2040/rp2040_usb.c.obj
                0x20005254                hw_endpoint_xfer_continue
 .text.tud_mounted
                0x20005430       0x10 CMakeFiles/XOC.dir/C_/Users/Christopher_Martin/Documents/Pico_SDK/pico-sdk/lib/tinyusb/src/device/usbd.c.obj
                0x20005430                tud_mounted
 .text.tud_suspended
                0x20005440       0x10 CMakeFiles/XOC.dir/C_/Users/Christopher_Martin/Documents/Pico_SDK/pico-sdk/lib/tinyusb/src/device/usbd.c.obj
                0x20005440                tud_suspended
 .text.tud_inited
                0x20005450        0xc CMakeFiles/XOC.dir/C_/Users/Christopher_Martin/Documents/Pico_SDK/pico-sdk/lib/tinyusb/src/device/usbd.c.obj
                0x20005450                tud_inited
 .text.tud_init
                0x2000545c       0xd8 CMakeFiles/XOC.dir/C_/Users/Christopher_Martin/Documents/Pico_SDK/pico-sdk/lib/tinyusb/src/device/usbd.c.obj
                0x2000545c                tud_init
 .text.tud_task
                0x20005534      0x93c CMakeFiles/XOC.dir/C_/Users/Christopher_Martin/Documents/Pico_SDK/pico-sdk/lib/tinyusb/src/device/usbd.c.obj
                0x20005534                tud_task
 .text.dcd_event_bus_signal
                0x20005e70      0x120 CMakeFiles/XOC.dir/C_/Users/Christopher_Martin/Documents/Pico_SDK/pico-sdk/lib/tinyusb/src/device/usbd.c.obj
                0x20005e70                dcd_event_bus_signal
 .text.dcd_event_bus_reset
                0x20005f90       0x54 CMakeFiles/XOC.dir/C_/Users/Christopher_Martin/Documents/Pico_SDK/pico-sdk/lib/tinyusb/src/device/usbd.c.obj
                0x20005f90                dcd_event_bus_reset
 .text.dcd_event_setup_received
                0x20005fe4       0x50 CMakeFiles/XOC.dir/C_/Users/Christopher_Martin/Documents/Pico_SDK/pico-sdk/lib/tinyusb/src/device/usbd.c.obj
                0x20005fe4                dcd_event_setup_received
 .text.dcd_event_xfer_complete
                0x20006034       0x68 CMakeFiles/XOC.dir/C_/Users/Christopher_Martin/Documents/Pico_SDK/pico-sdk/lib/tinyusb/src/device/usbd.c.obj
                0x20006034                dcd_event_xfer_complete
 .text.usbd_open_edpt_pair
                0x2000609c       0x80 CMakeFiles/XOC.dir/C_/Users/Christopher_Martin/Documents/Pico_SDK/pico-sdk/lib/tinyusb/src/device/usbd.c.obj
                0x2000609c                usbd_open_edpt_pair
 .text.usbd_edpt_open
                0x2000611c       0x30 CMakeFiles/XOC.dir/C_/Users/Christopher_Martin/Documents/Pico_SDK/pico-sdk/lib/tinyusb/src/device/usbd.c.obj
                0x2000611c                usbd_edpt_open
 .text.usbd_edpt_claim
                0x2000614c       0x64 CMakeFiles/XOC.dir/C_/Users/Christopher_Martin/Documents/Pico_SDK/pico-sdk/lib/tinyusb/src/device/usbd.c.obj
                0x2000614c                usbd_edpt_claim
 .text.usbd_edpt_release
                0x200061b0       0x4c CMakeFiles/XOC.dir/C_/Users/Christopher_Martin/Documents/Pico_SDK/pico-sdk/lib/tinyusb/src/device/usbd.c.obj
                0x200061b0                usbd_edpt_release
 .text.usbd_edpt_xfer
                0x200061fc       0x48 CMakeFiles/XOC.dir/C_/Users/Christopher_Martin/Documents/Pico_SDK/pico-sdk/lib/tinyusb/src/device/usbd.c.obj
                0x200061fc                usbd_edpt_xfer
 .text.tud_control_status
                0x20006244       0x2c CMakeFiles/XOC.dir/C_/Users/Christopher_Martin/Documents/Pico_SDK/pico-sdk/lib/tinyusb/src/device/usbd_control.c.obj
                0x20006244                tud_control_status
 .text.tud_control_xfer
                0x20006270       0xac CMakeFiles/XOC.dir/C_/Users/Christopher_Martin/Documents/Pico_SDK/pico-sdk/lib/tinyusb/src/device/usbd_control.c.obj
                0x20006270                tud_control_xfer
 .text.usbd_control_reset
                0x2000631c       0x14 CMakeFiles/XOC.dir/C_/Users/Christopher_Martin/Documents/Pico_SDK/pico-sdk/lib/tinyusb/src/device/usbd_control.c.obj
                0x2000631c                usbd_control_reset
 .text.usbd_control_set_complete_callback
                0x20006330        0xc CMakeFiles/XOC.dir/C_/Users/Christopher_Martin/Documents/Pico_SDK/pico-sdk/lib/tinyusb/src/device/usbd_control.c.obj
                0x20006330                usbd_control_set_complete_callback
 .text.usbd_control_set_request
                0x2000633c       0x1c CMakeFiles/XOC.dir/C_/Users/Christopher_Martin/Documents/Pico_SDK/pico-sdk/lib/tinyusb/src/device/usbd_control.c.obj
                0x2000633c                usbd_control_set_request
 .text.usbd_control_xfer_cb
                0x20006358       0xf4 CMakeFiles/XOC.dir/C_/Users/Christopher_Martin/Documents/Pico_SDK/pico-sdk/lib/tinyusb/src/device/usbd_control.c.obj
                0x20006358                usbd_control_xfer_cb
 .text.tud_cdc_n_connected
                0x2000644c       0x30 CMakeFiles/XOC.dir/C_/Users/Christopher_Martin/Documents/Pico_SDK/pico-sdk/lib/tinyusb/src/class/cdc/cdc_device.c.obj
                0x2000644c                tud_cdc_n_connected
 .text.tud_cdc_n_available
                0x2000647c       0x18 CMakeFiles/XOC.dir/C_/Users/Christopher_Martin/Documents/Pico_SDK/pico-sdk/lib/tinyusb/src/class/cdc/cdc_device.c.obj
                0x2000647c                tud_cdc_n_available
 .text.tud_cdc_n_read
                0x20006494       0x70 CMakeFiles/XOC.dir/C_/Users/Christopher_Martin/Documents/Pico_SDK/pico-sdk/lib/tinyusb/src/class/cdc/cdc_device.c.obj
                0x20006494                tud_cdc_n_read
 .text.tud_cdc_n_write_flush
                0x20006504       0x78 CMakeFiles/XOC.dir/C_/Users/Christopher_Martin/Documents/Pico_SDK/pico-sdk/lib/tinyusb/src/class/cdc/cdc_device.c.obj
                0x20006504                tud_cdc_n_write_flush
 .text.tud_cdc_n_write
                0x2000657c       0x34 CMakeFiles/XOC.dir/C_/Users/Christopher_Martin/Documents/Pico_SDK/pico-sdk/lib/tinyusb/src/class/cdc/cdc_device.c.obj
                0x2000657c                tud_cdc_n_write
 .text.tud_cdc_n_write_available
                0x200065b0       0x18 CMakeFiles/XOC.dir/C_/Users/Christopher_Martin/Documents/Pico_SDK/pico-sdk/lib/tinyusb/src/class/cdc/cdc_device.c.obj
                0x200065b0                tud_cdc_n_write_available
 .text.cdcd_init
                0x200065c8       0x7c CMakeFiles/XOC.dir/C_/Users/Christopher_Martin/Documents/Pico_SDK/pico-sdk/lib/tinyusb/src/class/cdc/cdc_device.c.obj
                0x200065c8                cdcd_init
 .text.cdcd_reset
                0x20006644       0x2c CMakeFiles/XOC.dir/C_/Users/Christopher_Martin/Documents/Pico_SDK/pico-sdk/lib/tinyusb/src/class/cdc/cdc_device.c.obj
                0x20006644                cdcd_reset
 .text.cdcd_open
                0x20006670       0xe4 CMakeFiles/XOC.dir/C_/Users/Christopher_Martin/Documents/Pico_SDK/pico-sdk/lib/tinyusb/src/class/cdc/cdc_device.c.obj
                0x20006670                cdcd_open
 .text.cdcd_control_xfer_cb
                0x20006754       0xe4 CMakeFiles/XOC.dir/C_/Users/Christopher_Martin/Documents/Pico_SDK/pico-sdk/lib/tinyusb/src/class/cdc/cdc_device.c.obj
                0x20006754                cdcd_control_xfer_cb
 .text.cdcd_xfer_cb
                0x20006838      0x148 CMakeFiles/XOC.dir/C_/Users/Christopher_Martin/Documents/Pico_SDK/pico-sdk/lib/tinyusb/src/class/cdc/cdc_device.c.obj
                0x20006838                cdcd_xfer_cb
 .text.tusb_init
                0x20006980        0xc CMakeFiles/XOC.dir/C_/Users/Christopher_Martin/Documents/Pico_SDK/pico-sdk/lib/tinyusb/src/tusb.c.obj
                0x20006980                tusb_init
 .text.tusb_inited
                0x2000698c        0x8 CMakeFiles/XOC.dir/C_/Users/Christopher_Martin/Documents/Pico_SDK/pico-sdk/lib/tinyusb/src/tusb.c.obj
                0x2000698c                tusb_inited
 .text.tu_edpt_validate
                0x20006994       0x78 CMakeFiles/XOC.dir/C_/Users/Christopher_Martin/Documents/Pico_SDK/pico-sdk/lib/tinyusb/src/tusb.c.obj
                0x20006994                tu_edpt_validate
 .text.tu_edpt_bind_driver
                0x20006a0c       0x2c CMakeFiles/XOC.dir/C_/Users/Christopher_Martin/Documents/Pico_SDK/pico-sdk/lib/tinyusb/src/tusb.c.obj
                0x20006a0c                tu_edpt_bind_driver
 .text.tu_fifo_config
                0x20006a38       0x78 CMakeFiles/XOC.dir/C_/Users/Christopher_Martin/Documents/Pico_SDK/pico-sdk/lib/tinyusb/src/common/tusb_fifo.c.obj
                0x20006a38                tu_fifo_config
 .text.tu_fifo_count
                0x20006ab0       0x20 CMakeFiles/XOC.dir/C_/Users/Christopher_Martin/Documents/Pico_SDK/pico-sdk/lib/tinyusb/src/common/tusb_fifo.c.obj
                0x20006ab0                tu_fifo_count
 .text.tu_fifo_empty
                0x20006ad0       0x10 CMakeFiles/XOC.dir/C_/Users/Christopher_Martin/Documents/Pico_SDK/pico-sdk/lib/tinyusb/src/common/tusb_fifo.c.obj
                0x20006ad0                tu_fifo_empty
 .text.tu_fifo_remaining
                0x20006ae0       0x1c CMakeFiles/XOC.dir/C_/Users/Christopher_Martin/Documents/Pico_SDK/pico-sdk/lib/tinyusb/src/common/tusb_fifo.c.obj
                0x20006ae0                tu_fifo_remaining
 .text.tu_fifo_read
                0x20006afc       0x9c CMakeFiles/XOC.dir/C_/Users/Christopher_Martin/Documents/Pico_SDK/pico-sdk/lib/tinyusb/src/common/tusb_fifo.c.obj
                0x20006afc                tu_fifo_read
 .text.tu_fifo_read_n
                0x20006b98       0xfc CMakeFiles/XOC.dir/C_/Users/Christopher_Martin/Documents/Pico_SDK/pico-sdk/lib/tinyusb/src/common/tusb_fifo.c.obj
                0x20006b98                tu_fifo_read_n
 .text.tu_fifo_write
                0x20006c94       0x7c CMakeFiles/XOC.dir/C_/Users/Christopher_Martin/Documents/Pico_SDK/pico-sdk/lib/tinyusb/src/common/tusb_fifo.c.obj
                0x20006c94                tu_fifo_write
 .text.tu_fifo_write_n
                0x20006d10      0x100 CMakeFiles/XOC.dir/C_/Users/Christopher_Martin/Documents/Pico_SDK/pico-sdk/lib/tinyusb/src/common/tusb_fifo.c.obj
                0x20006d10                tu_fifo_write_n
 .text.tu_fifo_clear
                0x20006e10       0x4c CMakeFiles/XOC.dir/C_/Users/Christopher_Martin/Documents/Pico_SDK/pico-sdk/lib/tinyusb/src/common/tusb_fifo.c.obj
                0x20006e10                tu_fifo_clear
 .text.tu_fifo_set_overwritable
                0x20006e5c       0x3c CMakeFiles/XOC.dir/C_/Users/Christopher_Martin/Documents/Pico_SDK/pico-sdk/lib/tinyusb/src/common/tusb_fifo.c.obj
                0x20006e5c                tu_fifo_set_overwritable
 .text.startup._retrieve_unique_id_on_boot
                0x20006e98       0x10 CMakeFiles/XOC.dir/C_/Users/Christopher_Martin/Documents/Pico_SDK/pico-sdk/src/rp2_common/pico_unique_id/unique_id.c.obj
 .text.pico_get_unique_board_id_string
                0x20006ea8      0x1a8 CMakeFiles/XOC.dir/C_/Users/Christopher_Martin/Documents/Pico_SDK/pico-sdk/src/rp2_common/pico_unique_id/unique_id.c.obj
                0x20006ea8                pico_get_unique_board_id_string
 .text.flash_get_unique_id
                0x20007050       0x40 CMakeFiles/XOC.dir/C_/Users/Christopher_Martin/Documents/Pico_SDK/pico-sdk/src/rp2_common/hardware_flash/flash.c.obj
                0x20007050                flash_get_unique_id
 .text          0x20007090        0x4 c:/progra~2/armgnu~1/1142da~1.3re/bin/../lib/gcc/arm-none-eabi/11.3.1/thumb/v6-m/nofp\libgcc.a(_dvmd_tls.o)
                0x20007090                __aeabi_idiv0
                0x20007090                __aeabi_ldiv0
 .text.strlen   0x20007094       0x5c c:/progra~2/armgnu~1/1142da~1.3re/bin/../lib/gcc/arm-none-eabi/11.3.1/thumb/v6-m/nofp\libc.a(libc_a-strlen-stub.o)
                0x20007094                strlen
 *(.fini)
 .fini          0x200070f0        0x4 c:/progra~2/armgnu~1/1142da~1.3re/bin/../lib/gcc/arm-none-eabi/11.3.1/thumb/v6-m/nofp/crti.o
                0x200070f0                _fini
 *fill*         0x200070f4        0x4 
 .fini.__stub   0x200070f8       0x10 linker stubs
 *crtbegin.o(.ctors)
 *crtbegin?.o(.ctors)
 *(EXCLUDE_FILE(*crtend.o *crtend?.o) .ctors)
 *(SORT_BY_NAME(.ctors.*))
 *(.ctors)
 *crtbegin.o(.dtors)
 *crtbegin?.o(.dtors)
 *(EXCLUDE_FILE(*crtend.o *crtend?.o) .dtors)
 *(SORT_BY_NAME(.dtors.*))
 *(.dtors)
 *(.eh_frame*)
 .eh_frame      0x20007108        0x0 c:/progra~2/armgnu~1/1142da~1.3re/bin/../lib/gcc/arm-none-eabi/11.3.1/thumb/v6-m/nofp/crtbegin.o
                0x20007108                . = ALIGN (0x4)
                0x20007108                __ram_text_end__ = .
                0x10000308                __ram_text_source__ = LOADADDR (.text)

.glue_7         0x20007108        0x0 load address 0x10007350
 .glue_7        0x20007108        0x0 linker stubs

.glue_7t        0x20007108        0x0 load address 0x10007350
 .glue_7t       0x20007108        0x0 linker stubs

.vfp11_veneer   0x20007108        0x0 load address 0x10007350
 .vfp11_veneer  0x20007108        0x0 linker stubs

.v4_bx          0x20007108        0x0 load address 0x10007350
 .v4_bx         0x20007108        0x0 linker stubs

.iplt           0x20007108        0x0 load address 0x10007350
 .iplt          0x20007108        0x0 c:/progra~2/armgnu~1/1142da~1.3re/bin/../lib/gcc/arm-none-eabi/11.3.1/thumb/v6-m/nofp/crtbegin.o

.rel.dyn        0x20007108        0x0 load address 0x10007350
 .rel.iplt      0x20007108        0x0 c:/progra~2/armgnu~1/1142da~1.3re/bin/../lib/gcc/arm-none-eabi/11.3.1/thumb/v6-m/nofp/crtbegin.o

.data           0x20007110      0x8d4 load address 0x10007350
                0x20007110                __data_start__ = .
 *(vtable)
 *(.time_critical*)
 .time_critical.mutex_enter_blocking
                0x20007110       0x48 CMakeFiles/XOC.dir/C_/Users/Christopher_Martin/Documents/Pico_SDK/pico-sdk/src/common/pico_sync/mutex.c.obj
                0x20007110                mutex_enter_blocking
 .time_critical.mutex_try_enter
                0x20007158       0x44 CMakeFiles/XOC.dir/C_/Users/Christopher_Martin/Documents/Pico_SDK/pico-sdk/src/common/pico_sync/mutex.c.obj
                0x20007158                mutex_try_enter
 .time_critical.mutex_enter_timeout_ms
                0x2000719c       0xa0 CMakeFiles/XOC.dir/C_/Users/Christopher_Martin/Documents/Pico_SDK/pico-sdk/src/common/pico_sync/mutex.c.obj
                0x2000719c                mutex_enter_timeout_ms
 .time_critical.mutex_exit
                0x2000723c       0x28 CMakeFiles/XOC.dir/C_/Users/Christopher_Martin/Documents/Pico_SDK/pico-sdk/src/common/pico_sync/mutex.c.obj
                0x2000723c                mutex_exit
 .time_critical.flash_init_boot2_copyout
                0x20007264       0x30 CMakeFiles/XOC.dir/C_/Users/Christopher_Martin/Documents/Pico_SDK/pico-sdk/src/rp2_common/hardware_flash/flash.c.obj
 .time_critical.flash_enable_xip_via_boot2
                0x20007294       0x10 CMakeFiles/XOC.dir/C_/Users/Christopher_Martin/Documents/Pico_SDK/pico-sdk/src/rp2_common/hardware_flash/flash.c.obj
 .time_critical.flash_cs_force
                0x200072a4       0x38 CMakeFiles/XOC.dir/C_/Users/Christopher_Martin/Documents/Pico_SDK/pico-sdk/src/rp2_common/hardware_flash/flash.c.obj
 .time_critical.flash_do_cmd
                0x200072dc       0xc4 CMakeFiles/XOC.dir/C_/Users/Christopher_Martin/Documents/Pico_SDK/pico-sdk/src/rp2_common/hardware_flash/flash.c.obj
                0x200072dc                flash_do_cmd
                0x200073a0                . = ALIGN (0x4)
 *(.rodata*)
 .rodata.main.str1.4
                0x200073a0       0x28 CMakeFiles/XOC.dir/XOC.c.obj
 .rodata.spin_lock_claim_unused.str1.4
                0x200073c8       0x1b CMakeFiles/XOC.dir/C_/Users/Christopher_Martin/Documents/Pico_SDK/pico-sdk/src/rp2_common/hardware_sync/sync.c.obj
 *fill*         0x200073e3        0x1 
 .rodata.user_irq_claim_unused.str1.4
                0x200073e4       0x1b CMakeFiles/XOC.dir/C_/Users/Christopher_Martin/Documents/Pico_SDK/pico-sdk/src/rp2_common/hardware_irq/irq.c.obj
 *fill*         0x200073ff        0x1 
 .rodata.hardware_alarm_claim.str1.4
                0x20007400       0x22 CMakeFiles/XOC.dir/C_/Users/Christopher_Martin/Documents/Pico_SDK/pico-sdk/src/rp2_common/hardware_timer/timer.c.obj
 *fill*         0x20007422        0x2 
 .rodata.panic.str1.4
                0x20007424       0x12 CMakeFiles/XOC.dir/C_/Users/Christopher_Martin/Documents/Pico_SDK/pico-sdk/src/rp2_common/pico_runtime/runtime.c.obj
 *fill*         0x20007436        0x2 
 .rodata.hard_assertion_failure.str1.4
                0x20007438        0xc CMakeFiles/XOC.dir/C_/Users/Christopher_Martin/Documents/Pico_SDK/pico-sdk/src/rp2_common/pico_runtime/runtime.c.obj
 .rodata._ftoa.str1.4
                0x20007444       0x15 CMakeFiles/XOC.dir/C_/Users/Christopher_Martin/Documents/Pico_SDK/pico-sdk/src/rp2_common/pico_printf/printf.c.obj
 *fill*         0x20007459        0x3 
 .rodata._vsnprintf
                0x2000745c      0x19c CMakeFiles/XOC.dir/C_/Users/Christopher_Martin/Documents/Pico_SDK/pico-sdk/src/rp2_common/pico_printf/printf.c.obj
 .rodata.pow10.0
                0x200075f8       0x50 CMakeFiles/XOC.dir/C_/Users/Christopher_Martin/Documents/Pico_SDK/pico-sdk/src/rp2_common/pico_printf/printf.c.obj
 .rodata.str1.4
                0x20007648       0x38 CMakeFiles/XOC.dir/C_/Users/Christopher_Martin/Documents/Pico_SDK/pico-sdk/src/rp2_common/pico_standard_link/binary_info.c.obj
 .rodata.__bi_44
                0x20007680        0xc CMakeFiles/XOC.dir/C_/Users/Christopher_Martin/Documents/Pico_SDK/pico-sdk/src/rp2_common/pico_standard_link/binary_info.c.obj
 .rodata.__bi_75
                0x2000768c        0xc CMakeFiles/XOC.dir/C_/Users/Christopher_Martin/Documents/Pico_SDK/pico-sdk/src/rp2_common/pico_standard_link/binary_info.c.obj
 .rodata.__bi_81
                0x20007698        0xc CMakeFiles/XOC.dir/C_/Users/Christopher_Martin/Documents/Pico_SDK/pico-sdk/src/rp2_common/pico_standard_link/binary_info.c.obj
 .rodata.crlf_str.0
                0x200076a4        0x2 CMakeFiles/XOC.dir/C_/Users/Christopher_Martin/Documents/Pico_SDK/pico-sdk/src/rp2_common/pico_stdio/stdio.c.obj
 *fill*         0x200076a6        0x2 
 .rodata.str1.4
                0x200076a8       0x2c CMakeFiles/XOC.dir/C_/Users/Christopher_Martin/Documents/Pico_SDK/pico-sdk/src/rp2_common/pico_stdio_uart/stdio_uart.c.obj
 .rodata.__bi_28.4
                0x200076d4        0xc CMakeFiles/XOC.dir/C_/Users/Christopher_Martin/Documents/Pico_SDK/pico-sdk/src/rp2_common/pico_stdio_uart/stdio_uart.c.obj
 .rodata.__bi_29.5
                0x200076e0        0x8 CMakeFiles/XOC.dir/C_/Users/Christopher_Martin/Documents/Pico_SDK/pico-sdk/src/rp2_common/pico_stdio_uart/stdio_uart.c.obj
 .rodata._resetd_driver
                0x200076e8       0x18 CMakeFiles/XOC.dir/C_/Users/Christopher_Martin/Documents/Pico_SDK/pico-sdk/src/rp2_common/pico_stdio_usb/reset_interface.c.obj
 .rodata.str1.4
                0x20007700       0x13 CMakeFiles/XOC.dir/C_/Users/Christopher_Martin/Documents/Pico_SDK/pico-sdk/src/rp2_common/pico_stdio_usb/stdio_usb.c.obj
 *fill*         0x20007713        0x1 
 .rodata.__bi_118.0
                0x20007714        0xc CMakeFiles/XOC.dir/C_/Users/Christopher_Martin/Documents/Pico_SDK/pico-sdk/src/rp2_common/pico_stdio_usb/stdio_usb.c.obj
 .rodata.str1.4
                0x20007720       0x2a CMakeFiles/XOC.dir/C_/Users/Christopher_Martin/Documents/Pico_SDK/pico-sdk/src/rp2_common/pico_stdio_usb/stdio_usb_descriptors.c.obj
 *fill*         0x2000774a        0x2 
 .rodata.usbd_desc_cfg
                0x2000774c       0x54 CMakeFiles/XOC.dir/C_/Users/Christopher_Martin/Documents/Pico_SDK/pico-sdk/src/rp2_common/pico_stdio_usb/stdio_usb_descriptors.c.obj
 .rodata.usbd_desc_device
                0x200077a0       0x12 CMakeFiles/XOC.dir/C_/Users/Christopher_Martin/Documents/Pico_SDK/pico-sdk/src/rp2_common/pico_stdio_usb/stdio_usb_descriptors.c.obj
 *fill*         0x200077b2        0x2 
 .rodata.usbd_desc_str
                0x200077b4       0x18 CMakeFiles/XOC.dir/C_/Users/Christopher_Martin/Documents/Pico_SDK/pico-sdk/src/rp2_common/pico_stdio_usb/stdio_usb_descriptors.c.obj
 .rodata.dcd_rp2040_irq.str1.4
                0x200077cc       0x14 CMakeFiles/XOC.dir/C_/Users/Christopher_Martin/Documents/Pico_SDK/pico-sdk/lib/tinyusb/src/portable/raspberrypi/rp2040/dcd_rp2040.c.obj
 .rodata._hw_endpoint_buffer_control_update32.part.0.isra.0.str1.4
                0x200077e0       0x1f CMakeFiles/XOC.dir/C_/Users/Christopher_Martin/Documents/Pico_SDK/pico-sdk/lib/tinyusb/src/portable/raspberrypi/rp2040/rp2040_usb.c.obj
 *fill*         0x200077ff        0x1 
 .rodata.hw_endpoint_xfer_continue.str1.4
                0x20007800       0x29 CMakeFiles/XOC.dir/C_/Users/Christopher_Martin/Documents/Pico_SDK/pico-sdk/lib/tinyusb/src/portable/raspberrypi/rp2040/rp2040_usb.c.obj
 .rodata.str1.4
                0x20007829       0x29 CMakeFiles/XOC.dir/C_/Users/Christopher_Martin/Documents/Pico_SDK/pico-sdk/lib/tinyusb/src/portable/raspberrypi/rp2040/rp2040_usb.c.obj
                                  0x7 (size before relaxing)
 *fill*         0x20007829        0x3 
 .rodata.tud_task
                0x2000782c       0x8c CMakeFiles/XOC.dir/C_/Users/Christopher_Martin/Documents/Pico_SDK/pico-sdk/lib/tinyusb/src/device/usbd.c.obj
 .rodata._usbd_driver
                0x200078b8       0x18 CMakeFiles/XOC.dir/C_/Users/Christopher_Martin/Documents/Pico_SDK/pico-sdk/lib/tinyusb/src/device/usbd.c.obj
                0x200078d0                . = ALIGN (0x4)
 *(.data*)
 .data.striped_spin_lock_num
                0x200078d0        0x1 CMakeFiles/XOC.dir/C_/Users/Christopher_Martin/Documents/Pico_SDK/pico-sdk/src/rp2_common/hardware_sync/sync.c.obj
 *fill*         0x200078d1        0x3 
 .data          0x200078d4       0x48 CMakeFiles/XOC.dir/C_/Users/Christopher_Martin/Documents/Pico_SDK/pico-sdk/src/rp2_common/hardware_irq/irq_handler_chain.S.obj
                0x200078d4                irq_handler_chain_slots
                0x20007904                irq_handler_chain_first_slot
                0x2000790e                irq_handler_chain_remove_tail
 .data.default_alarm_pool
                0x2000791c       0x18 CMakeFiles/XOC.dir/C_/Users/Christopher_Martin/Documents/Pico_SDK/pico-sdk/src/common/pico_time/time.c.obj
 .data.default_alarm_pool_heap
                0x20007934       0x10 CMakeFiles/XOC.dir/C_/Users/Christopher_Martin/Documents/Pico_SDK/pico-sdk/src/common/pico_time/time.c.obj
 *fill*         0x20007944        0xc 
 .data.aeabi_bits_funcs
                0x20007950       0x10 CMakeFiles/XOC.dir/C_/Users/Christopher_Martin/Documents/Pico_SDK/pico-sdk/src/rp2_common/pico_bit_ops/bit_ops_aeabi.S.obj
                0x20007950                aeabi_bits_funcs
                0x20007960                aeabi_bits_funcs_end
 .data.aeabi_mem_funcs
                0x20007960       0x10 CMakeFiles/XOC.dir/C_/Users/Christopher_Martin/Documents/Pico_SDK/pico-sdk/src/rp2_common/pico_mem_ops/mem_ops_aeabi.S.obj
                0x20007960                aeabi_mem_funcs
                0x20007970                aeabi_mem_funcs_end
 .data.stdio_uart
                0x20007970       0x14 CMakeFiles/XOC.dir/C_/Users/Christopher_Martin/Documents/Pico_SDK/pico-sdk/src/rp2_common/pico_stdio_uart/stdio_uart.c.obj
                0x20007970                stdio_uart
 .data.stdio_usb
                0x20007984       0x14 CMakeFiles/XOC.dir/C_/Users/Christopher_Martin/Documents/Pico_SDK/pico-sdk/src/rp2_common/pico_stdio_usb/stdio_usb.c.obj
                0x20007984                stdio_usb
 .data.ep_dir_string
                0x20007998        0x8 CMakeFiles/XOC.dir/C_/Users/Christopher_Martin/Documents/Pico_SDK/pico-sdk/lib/tinyusb/src/portable/raspberrypi/rp2040/rp2040_usb.c.obj
                0x20007998                ep_dir_string
 .data._usbd_qdef
                0x200079a0       0x24 CMakeFiles/XOC.dir/C_/Users/Christopher_Martin/Documents/Pico_SDK/pico-sdk/lib/tinyusb/src/device/usbd.c.obj
                0x200079a0                _usbd_qdef
                0x200079c4                . = ALIGN (0x4)
 *(.after_data.*)
                0x200079c4                . = ALIGN (0x4)
                0x200079c4                PROVIDE (__mutex_array_start = .)
 *(SORT_BY_NAME(.mutex_array.*))
 *(.mutex_array)
 .mutex_array   0x200079c4        0x8 CMakeFiles/XOC.dir/C_/Users/Christopher_Martin/Documents/Pico_SDK/pico-sdk/src/rp2_common/pico_stdio/stdio.c.obj
                0x200079cc                PROVIDE (__mutex_array_end = .)
                0x200079cc                . = ALIGN (0x4)
                0x200079cc                PROVIDE (__preinit_array_start = .)
 *(SORT_BY_NAME(.preinit_array.*))
 .preinit_array.00001
                0x200079cc        0x4 CMakeFiles/XOC.dir/C_/Users/Christopher_Martin/Documents/Pico_SDK/pico-sdk/src/rp2_common/pico_mem_ops/mem_ops_aeabi.S.obj
 .preinit_array.00010
                0x200079d0        0x4 CMakeFiles/XOC.dir/C_/Users/Christopher_Martin/Documents/Pico_SDK/pico-sdk/src/rp2_common/pico_bit_ops/bit_ops_aeabi.S.obj
 .preinit_array.00020
                0x200079d4        0x4 CMakeFiles/XOC.dir/C_/Users/Christopher_Martin/Documents/Pico_SDK/pico-sdk/src/rp2_common/pico_double/double_aeabi.S.obj
 .preinit_array.00020
                0x200079d8        0x4 CMakeFiles/XOC.dir/C_/Users/Christopher_Martin/Documents/Pico_SDK/pico-sdk/src/rp2_common/pico_float/float_aeabi.S.obj
 *(.preinit_array)
                0x200079dc                PROVIDE (__preinit_array_end = .)
                0x200079dc                . = ALIGN (0x4)
                0x200079dc                PROVIDE (__init_array_start = .)
 *(SORT_BY_NAME(.init_array.*))
 *(.init_array)
 .init_array    0x200079dc        0x4 c:/progra~2/armgnu~1/1142da~1.3re/bin/../lib/gcc/arm-none-eabi/11.3.1/thumb/v6-m/nofp/crtbegin.o
 .init_array    0x200079e0        0x4 CMakeFiles/XOC.dir/C_/Users/Christopher_Martin/Documents/Pico_SDK/pico-sdk/src/rp2_common/pico_unique_id/unique_id.c.obj
                0x200079e4                PROVIDE (__init_array_end = .)
                0x200079e4                . = ALIGN (0x4)
                [!provide]                PROVIDE (__fini_array_start = .)
 *(SORT_BY_NAME(.fini_array.*))
 *(.fini_array)
                [!provide]                PROVIDE (__fini_array_end = .)
 *(.jcr)
                0x200079e4                . = ALIGN (0x4)
                0x200079e4                __data_end__ = .
                0x10007350                __etext = LOADADDR (.data)

.tm_clone_table
                0x200079e4        0x0 load address 0x10007c24
 .tm_clone_table
                0x200079e4        0x0 c:/progra~2/armgnu~1/1142da~1.3re/bin/../lib/gcc/arm-none-eabi/11.3.1/thumb/v6-m/nofp/crtbegin.o
 .tm_clone_table
                0x200079e4        0x0 c:/progra~2/armgnu~1/1142da~1.3re/bin/../lib/gcc/arm-none-eabi/11.3.1/thumb/v6-m/nofp/crtend.o

.igot.plt       0x200079e4        0x0 load address 0x10007c24
 .igot.plt      0x200079e4        0x0 c:/progra~2/armgnu~1/1142da~1.3re/bin/../lib/gcc/arm-none-eabi/11.3.1/thumb/v6-m/nofp/crtbegin.o

.uninitialized_data
                0x200079e4        0x0 load address 0x10007c24
                0x200079e4                . = ALIGN (0x4)
 *(.uninitialized_data*)

.scratch_x      0x20040000        0x0 load address 0x10007c24
                0x20040000                __scratch_x_start__ = .
 *(.scratch_x.*)
                0x20040000                . = ALIGN (0x4)
                0x20040000                __scratch_x_end__ = .
                0x10007c24                __scratch_x_source__ = LOADADDR (.scratch_x)

.scratch_y      0x20041000        0x0 load address 0x10007c24
                0x20041000                __scratch_y_start__ = .
 *(.scratch_y.*)
                0x20041000                . = ALIGN (0x4)
                0x20041000                __scratch_y_end__ = .
                0x10007c24                __scratch_y_source__ = LOADADDR (.scratch_y)

.bss            0x200079e8      0xd8c
                0x200079e8                . = ALIGN (0x4)
                0x200079e8                __bss_start__ = .
 *(SORT_BY_ALIGNMENT(SORT_BY_NAME(.bss*)))
 .bss.default_alarm_pool_entries
                0x200079e8      0x100 CMakeFiles/XOC.dir/C_/Users/Christopher_Martin/Documents/Pico_SDK/pico-sdk/src/common/pico_time/time.c.obj
 .bss.last_avail_time.1
                0x20007ae8        0x8 CMakeFiles/XOC.dir/C_/Users/Christopher_Martin/Documents/Pico_SDK/pico-sdk/src/rp2_common/pico_stdio_usb/stdio_usb.c.obj
 .bss.sd_table  0x20007af0      0x100 CMakeFiles/XOC.dir/C_/Users/Christopher_Martin/Documents/Pico_SDK/pico-sdk/src/rp2_common/pico_double/double_init_rom.c.obj
                0x20007af0                sd_table
 .bss.sf_table  0x20007bf0      0x100 CMakeFiles/XOC.dir/C_/Users/Christopher_Martin/Documents/Pico_SDK/pico-sdk/src/rp2_common/pico_float/float_init_rom.c.obj
                0x20007bf0                sf_table
 .bss._app_driver
                0x20007cf0        0x4 CMakeFiles/XOC.dir/C_/Users/Christopher_Martin/Documents/Pico_SDK/pico-sdk/lib/tinyusb/src/device/usbd.c.obj
 .bss._cdcd_itf
                0x20007cf4      0x2d8 CMakeFiles/XOC.dir/C_/Users/Christopher_Martin/Documents/Pico_SDK/pico-sdk/lib/tinyusb/src/class/cdc/cdc_device.c.obj
 .bss._ctrl_xfer
                0x20007fcc       0x14 CMakeFiles/XOC.dir/C_/Users/Christopher_Martin/Documents/Pico_SDK/pico-sdk/lib/tinyusb/src/device/usbd_control.c.obj
 .bss._ubsd_mutexdef
                0x20007fe0        0x8 CMakeFiles/XOC.dir/C_/Users/Christopher_Martin/Documents/Pico_SDK/pico-sdk/lib/tinyusb/src/device/usbd.c.obj
 .bss._usbd_ctrl_buf
                0x20007fe8       0x40 CMakeFiles/XOC.dir/C_/Users/Christopher_Martin/Documents/Pico_SDK/pico-sdk/lib/tinyusb/src/device/usbd_control.c.obj
 .bss._usbd_dev
                0x20008028       0x53 CMakeFiles/XOC.dir/C_/Users/Christopher_Martin/Documents/Pico_SDK/pico-sdk/lib/tinyusb/src/device/usbd.c.obj
 *fill*         0x2000807b        0x1 
 .bss._usbd_mutex
                0x2000807c        0x4 CMakeFiles/XOC.dir/C_/Users/Christopher_Martin/Documents/Pico_SDK/pico-sdk/lib/tinyusb/src/device/usbd.c.obj
 .bss._usbd_q   0x20008080        0x4 CMakeFiles/XOC.dir/C_/Users/Christopher_Martin/Documents/Pico_SDK/pico-sdk/lib/tinyusb/src/device/usbd.c.obj
 .bss._usbd_qdef_buf
                0x20008084       0xc0 CMakeFiles/XOC.dir/C_/Users/Christopher_Martin/Documents/Pico_SDK/pico-sdk/lib/tinyusb/src/device/usbd.c.obj
                0x20008084                _usbd_qdef_buf
 .bss.alarm_callbacks
                0x20008144       0x10 CMakeFiles/XOC.dir/C_/Users/Christopher_Martin/Documents/Pico_SDK/pico-sdk/src/rp2_common/hardware_timer/timer.c.obj
 .bss.boot2_copyout
                0x20008154      0x100 CMakeFiles/XOC.dir/C_/Users/Christopher_Martin/Documents/Pico_SDK/pico-sdk/src/rp2_common/hardware_flash/flash.c.obj
 .bss.claimed   0x20008254        0x4 CMakeFiles/XOC.dir/C_/Users/Christopher_Martin/Documents/Pico_SDK/pico-sdk/src/rp2_common/hardware_sync/sync.c.obj
 .bss.configured_freq
                0x20008258       0x28 CMakeFiles/XOC.dir/C_/Users/Christopher_Martin/Documents/Pico_SDK/pico-sdk/src/rp2_common/hardware_clocks/clocks.c.obj
 .bss.default_alarm_pool_entry_ids_high
                0x20008280       0x10 CMakeFiles/XOC.dir/C_/Users/Christopher_Martin/Documents/Pico_SDK/pico-sdk/src/common/pico_time/time.c.obj
 .bss.default_alarm_pool_heap_nodes
                0x20008290       0x30 CMakeFiles/XOC.dir/C_/Users/Christopher_Martin/Documents/Pico_SDK/pico-sdk/src/common/pico_time/time.c.obj
 .bss.desc_str.0
                0x200082c0       0x28 CMakeFiles/XOC.dir/C_/Users/Christopher_Martin/Documents/Pico_SDK/pico-sdk/src/rp2_common/pico_stdio_usb/stdio_usb_descriptors.c.obj
 .bss.drivers   0x200082e8        0x4 CMakeFiles/XOC.dir/C_/Users/Christopher_Martin/Documents/Pico_SDK/pico-sdk/src/rp2_common/pico_stdio/stdio.c.obj
 .bss.filter    0x200082ec        0x4 CMakeFiles/XOC.dir/C_/Users/Christopher_Martin/Documents/Pico_SDK/pico-sdk/src/rp2_common/pico_stdio/stdio.c.obj
 .bss.hw_endpoints
                0x200082f0      0x400 CMakeFiles/XOC.dir/C_/Users/Christopher_Martin/Documents/Pico_SDK/pico-sdk/lib/tinyusb/src/portable/raspberrypi/rp2040/dcd_rp2040.c.obj
 .bss.lazy_vsnprintf
                0x200086f0        0x4 CMakeFiles/XOC.dir/C_/Users/Christopher_Martin/Documents/Pico_SDK/pico-sdk/src/rp2_common/pico_printf/printf.c.obj
 .bss.load_value
                0x200086f4        0x4 CMakeFiles/XOC.dir/C_/Users/Christopher_Martin/Documents/Pico_SDK/pico-sdk/src/rp2_common/hardware_watchdog/watchdog.c.obj
 .bss.next_buffer_ptr
                0x200086f8        0x4 CMakeFiles/XOC.dir/C_/Users/Christopher_Martin/Documents/Pico_SDK/pico-sdk/lib/tinyusb/src/portable/raspberrypi/rp2040/dcd_rp2040.c.obj
 .bss.object.0  0x200086fc       0x18 c:/progra~2/armgnu~1/1142da~1.3re/bin/../lib/gcc/arm-none-eabi/11.3.1/thumb/v6-m/nofp/crtbegin.o
 .bss.pools     0x20008714       0x10 CMakeFiles/XOC.dir/C_/Users/Christopher_Martin/Documents/Pico_SDK/pico-sdk/src/common/pico_time/time.c.obj
 .bss.retrieved_id
                0x20008724        0x8 CMakeFiles/XOC.dir/C_/Users/Christopher_Martin/Documents/Pico_SDK/pico-sdk/src/rp2_common/pico_unique_id/unique_id.c.obj
 .bss.sf_clz_func
                0x2000872c        0x4 CMakeFiles/XOC.dir/C_/Users/Christopher_Martin/Documents/Pico_SDK/pico-sdk/src/rp2_common/pico_double/double_init_rom.c.obj
                0x2000872c                sf_clz_func
 .bss.sleep_notifier
                0x20008730        0x4 CMakeFiles/XOC.dir/C_/Users/Christopher_Martin/Documents/Pico_SDK/pico-sdk/src/common/pico_time/time.c.obj
 .bss.stdio_usb_mutex
                0x20008734        0x8 CMakeFiles/XOC.dir/C_/Users/Christopher_Martin/Documents/Pico_SDK/pico-sdk/src/rp2_common/pico_stdio_usb/stdio_usb.c.obj
 .bss.target_hi
                0x2000873c       0x10 CMakeFiles/XOC.dir/C_/Users/Christopher_Martin/Documents/Pico_SDK/pico-sdk/src/rp2_common/hardware_timer/timer.c.obj
 .bss.uart_char_to_line_feed
                0x2000874c        0x4 CMakeFiles/XOC.dir/C_/Users/Christopher_Martin/Documents/Pico_SDK/pico-sdk/src/rp2_common/hardware_uart/uart.c.obj
                0x2000874c                uart_char_to_line_feed
 .bss.uart_instance
                0x20008750        0x4 CMakeFiles/XOC.dir/C_/Users/Christopher_Martin/Documents/Pico_SDK/pico-sdk/src/rp2_common/pico_stdio_uart/stdio_uart.c.obj
 .bss.usbd_serial_str
                0x20008754       0x11 CMakeFiles/XOC.dir/C_/Users/Christopher_Martin/Documents/Pico_SDK/pico-sdk/src/rp2_common/pico_stdio_usb/stdio_usb_descriptors.c.obj
 *fill*         0x20008765        0x3 
 .bss.user_irq_claimed
                0x20008768        0x2 CMakeFiles/XOC.dir/C_/Users/Christopher_Martin/Documents/Pico_SDK/pico-sdk/src/rp2_common/hardware_irq/irq.c.obj
 .bss._app_driver_count
                0x2000876a        0x1 CMakeFiles/XOC.dir/C_/Users/Christopher_Martin/Documents/Pico_SDK/pico-sdk/lib/tinyusb/src/device/usbd.c.obj
 .bss._usbd_initialized
                0x2000876b        0x1 CMakeFiles/XOC.dir/C_/Users/Christopher_Martin/Documents/Pico_SDK/pico-sdk/lib/tinyusb/src/device/usbd.c.obj
 .bss.boot2_copyout_valid
                0x2000876c        0x1 CMakeFiles/XOC.dir/C_/Users/Christopher_Martin/Documents/Pico_SDK/pico-sdk/src/rp2_common/hardware_flash/flash.c.obj
 .bss.claimed   0x2000876d        0x1 CMakeFiles/XOC.dir/C_/Users/Christopher_Martin/Documents/Pico_SDK/pico-sdk/src/rp2_common/hardware_timer/timer.c.obj
 .bss.irq_hander_chain_free_slot_head
                0x2000876e        0x1 CMakeFiles/XOC.dir/C_/Users/Christopher_Martin/Documents/Pico_SDK/pico-sdk/src/rp2_common/hardware_irq/irq.c.obj
 .bss.itf_num   0x2000876f        0x1 CMakeFiles/XOC.dir/C_/Users/Christopher_Martin/Documents/Pico_SDK/pico-sdk/src/rp2_common/pico_stdio_usb/reset_interface.c.obj
 .bss.low_priority_irq_num
                0x20008770        0x1 CMakeFiles/XOC.dir/C_/Users/Christopher_Martin/Documents/Pico_SDK/pico-sdk/src/rp2_common/pico_stdio_usb/stdio_usb.c.obj
 .bss.timer_callbacks_pending
                0x20008771        0x1 CMakeFiles/XOC.dir/C_/Users/Christopher_Martin/Documents/Pico_SDK/pico-sdk/src/rp2_common/hardware_timer/timer.c.obj
 *(COMMON)
                0x20008774                . = ALIGN (0x4)
 *fill*         0x20008772        0x2 
                0x20008774                __bss_end__ = .

.heap           0x20008774      0x800
                0x20008774                __end__ = .
                0x20008774                end = __end__
 *(.heap*)
 .heap          0x20008774      0x800 CMakeFiles/XOC.dir/C_/Users/Christopher_Martin/Documents/Pico_SDK/pico-sdk/src/rp2_common/pico_standard_link/crt0.S.obj
                0x20008f74                __HeapLimit = .

.stack1_dummy   0x20040000        0x0
 *(.stack1*)

.stack_dummy    0x20041000      0x800
 *(.stack*)
 .stack         0x20041000      0x800 CMakeFiles/XOC.dir/C_/Users/Christopher_Martin/Documents/Pico_SDK/pico-sdk/src/rp2_common/pico_standard_link/crt0.S.obj

.flash_end      0x10007c24        0x0
                0x10007c24                __flash_binary_end = .
                0x20040000                __StackLimit = (ORIGIN (RAM) + LENGTH (RAM))
                0x20041000                __StackOneTop = (ORIGIN (SCRATCH_X) + LENGTH (SCRATCH_X))
                0x20042000                __StackTop = (ORIGIN (SCRATCH_Y) + LENGTH (SCRATCH_Y))
                0x20041000                __StackOneBottom = (__StackOneTop - SIZEOF (.stack1_dummy))
                0x20041800                __StackBottom = (__StackTop - SIZEOF (.stack_dummy))
                0x20042000                PROVIDE (__stack = __StackTop)
                0x00000001                ASSERT ((__StackLimit >= __HeapLimit), region RAM overflowed)
                0x00000001                ASSERT (((__binary_info_header_end - __logical_binary_start) <= 0x100), Binary info must be in first 256 bytes of the binary)
LOAD CMakeFiles/XOC.dir/XOC.c.obj
LOAD CMakeFiles/XOC.dir/C_/Users/Christopher_Martin/Documents/Pico_SDK/pico-sdk/src/rp2_common/pico_stdlib/stdlib.c.obj
LOAD CMakeFiles/XOC.dir/C_/Users/Christopher_Martin/Documents/Pico_SDK/pico-sdk/src/rp2_common/hardware_gpio/gpio.c.obj
LOAD CMakeFiles/XOC.dir/C_/Users/Christopher_Martin/Documents/Pico_SDK/pico-sdk/src/rp2_common/hardware_claim/claim.c.obj
LOAD CMakeFiles/XOC.dir/C_/Users/Christopher_Martin/Documents/Pico_SDK/pico-sdk/src/rp2_common/pico_platform/platform.c.obj
LOAD CMakeFiles/XOC.dir/C_/Users/Christopher_Martin/Documents/Pico_SDK/pico-sdk/src/rp2_common/hardware_sync/sync.c.obj
LOAD CMakeFiles/XOC.dir/C_/Users/Christopher_Martin/Documents/Pico_SDK/pico-sdk/src/rp2_common/hardware_irq/irq.c.obj
LOAD CMakeFiles/XOC.dir/C_/Users/Christopher_Martin/Documents/Pico_SDK/pico-sdk/src/rp2_common/hardware_irq/irq_handler_chain.S.obj
LOAD CMakeFiles/XOC.dir/C_/Users/Christopher_Martin/Documents/Pico_SDK/pico-sdk/src/common/pico_sync/sem.c.obj
LOAD CMakeFiles/XOC.dir/C_/Users/Christopher_Martin/Documents/Pico_SDK/pico-sdk/src/common/pico_sync/lock_core.c.obj
LOAD CMakeFiles/XOC.dir/C_/Users/Christopher_Martin/Documents/Pico_SDK/pico-sdk/src/common/pico_time/time.c.obj
LOAD CMakeFiles/XOC.dir/C_/Users/Christopher_Martin/Documents/Pico_SDK/pico-sdk/src/common/pico_time/timeout_helper.c.obj
LOAD CMakeFiles/XOC.dir/C_/Users/Christopher_Martin/Documents/Pico_SDK/pico-sdk/src/rp2_common/hardware_timer/timer.c.obj
LOAD CMakeFiles/XOC.dir/C_/Users/Christopher_Martin/Documents/Pico_SDK/pico-sdk/src/common/pico_util/datetime.c.obj
LOAD CMakeFiles/XOC.dir/C_/Users/Christopher_Martin/Documents/Pico_SDK/pico-sdk/src/common/pico_util/pheap.c.obj
LOAD CMakeFiles/XOC.dir/C_/Users/Christopher_Martin/Documents/Pico_SDK/pico-sdk/src/common/pico_util/queue.c.obj
LOAD CMakeFiles/XOC.dir/C_/Users/Christopher_Martin/Documents/Pico_SDK/pico-sdk/src/common/pico_sync/mutex.c.obj
LOAD CMakeFiles/XOC.dir/C_/Users/Christopher_Martin/Documents/Pico_SDK/pico-sdk/src/common/pico_sync/critical_section.c.obj
LOAD CMakeFiles/XOC.dir/C_/Users/Christopher_Martin/Documents/Pico_SDK/pico-sdk/src/rp2_common/hardware_uart/uart.c.obj
LOAD CMakeFiles/XOC.dir/C_/Users/Christopher_Martin/Documents/Pico_SDK/pico-sdk/src/rp2_common/hardware_divider/divider.S.obj
LOAD CMakeFiles/XOC.dir/C_/Users/Christopher_Martin/Documents/Pico_SDK/pico-sdk/src/rp2_common/pico_runtime/runtime.c.obj
LOAD CMakeFiles/XOC.dir/C_/Users/Christopher_Martin/Documents/Pico_SDK/pico-sdk/src/rp2_common/hardware_clocks/clocks.c.obj
LOAD CMakeFiles/XOC.dir/C_/Users/Christopher_Martin/Documents/Pico_SDK/pico-sdk/src/rp2_common/hardware_pll/pll.c.obj
LOAD CMakeFiles/XOC.dir/C_/Users/Christopher_Martin/Documents/Pico_SDK/pico-sdk/src/rp2_common/hardware_vreg/vreg.c.obj
LOAD CMakeFiles/XOC.dir/C_/Users/Christopher_Martin/Documents/Pico_SDK/pico-sdk/src/rp2_common/hardware_watchdog/watchdog.c.obj
LOAD CMakeFiles/XOC.dir/C_/Users/Christopher_Martin/Documents/Pico_SDK/pico-sdk/src/rp2_common/hardware_xosc/xosc.c.obj
LOAD CMakeFiles/XOC.dir/C_/Users/Christopher_Martin/Documents/Pico_SDK/pico-sdk/src/rp2_common/pico_printf/printf.c.obj
LOAD CMakeFiles/XOC.dir/C_/Users/Christopher_Martin/Documents/Pico_SDK/pico-sdk/src/rp2_common/pico_bit_ops/bit_ops_aeabi.S.obj
LOAD CMakeFiles/XOC.dir/C_/Users/Christopher_Martin/Documents/Pico_SDK/pico-sdk/src/rp2_common/pico_bootrom/bootrom.c.obj
LOAD CMakeFiles/XOC.dir/C_/Users/Christopher_Martin/Documents/Pico_SDK/pico-sdk/src/rp2_common/pico_divider/divider.S.obj
LOAD CMakeFiles/XOC.dir/C_/Users/Christopher_Martin/Documents/Pico_SDK/pico-sdk/src/rp2_common/pico_double/double_aeabi.S.obj
LOAD CMakeFiles/XOC.dir/C_/Users/Christopher_Martin/Documents/Pico_SDK/pico-sdk/src/rp2_common/pico_double/double_init_rom.c.obj
LOAD CMakeFiles/XOC.dir/C_/Users/Christopher_Martin/Documents/Pico_SDK/pico-sdk/src/rp2_common/pico_double/double_math.c.obj
LOAD CMakeFiles/XOC.dir/C_/Users/Christopher_Martin/Documents/Pico_SDK/pico-sdk/src/rp2_common/pico_double/double_v1_rom_shim.S.obj
LOAD CMakeFiles/XOC.dir/C_/Users/Christopher_Martin/Documents/Pico_SDK/pico-sdk/src/rp2_common/pico_int64_ops/pico_int64_ops_aeabi.S.obj
LOAD CMakeFiles/XOC.dir/C_/Users/Christopher_Martin/Documents/Pico_SDK/pico-sdk/src/rp2_common/pico_float/float_aeabi.S.obj
LOAD CMakeFiles/XOC.dir/C_/Users/Christopher_Martin/Documents/Pico_SDK/pico-sdk/src/rp2_common/pico_float/float_init_rom.c.obj
LOAD CMakeFiles/XOC.dir/C_/Users/Christopher_Martin/Documents/Pico_SDK/pico-sdk/src/rp2_common/pico_float/float_math.c.obj
LOAD CMakeFiles/XOC.dir/C_/Users/Christopher_Martin/Documents/Pico_SDK/pico-sdk/src/rp2_common/pico_float/float_v1_rom_shim.S.obj
LOAD CMakeFiles/XOC.dir/C_/Users/Christopher_Martin/Documents/Pico_SDK/pico-sdk/src/rp2_common/pico_malloc/pico_malloc.c.obj
LOAD CMakeFiles/XOC.dir/C_/Users/Christopher_Martin/Documents/Pico_SDK/pico-sdk/src/rp2_common/pico_mem_ops/mem_ops_aeabi.S.obj
LOAD CMakeFiles/XOC.dir/C_/Users/Christopher_Martin/Documents/Pico_SDK/pico-sdk/src/rp2_common/pico_standard_link/crt0.S.obj
LOAD CMakeFiles/XOC.dir/C_/Users/Christopher_Martin/Documents/Pico_SDK/pico-sdk/src/rp2_common/pico_standard_link/new_delete.cpp.obj
LOAD CMakeFiles/XOC.dir/C_/Users/Christopher_Martin/Documents/Pico_SDK/pico-sdk/src/rp2_common/pico_standard_link/binary_info.c.obj
LOAD CMakeFiles/XOC.dir/C_/Users/Christopher_Martin/Documents/Pico_SDK/pico-sdk/src/rp2_common/pico_stdio/stdio.c.obj
LOAD CMakeFiles/XOC.dir/C_/Users/Christopher_Martin/Documents/Pico_SDK/pico-sdk/src/rp2_common/pico_stdio_uart/stdio_uart.c.obj
LOAD CMakeFiles/XOC.dir/C_/Users/Christopher_Martin/Documents/Pico_SDK/pico-sdk/src/rp2_common/pico_stdio_usb/reset_interface.c.obj
LOAD CMakeFiles/XOC.dir/C_/Users/Christopher_Martin/Documents/Pico_SDK/pico-sdk/src/rp2_common/pico_stdio_usb/stdio_usb.c.obj
LOAD CMakeFiles/XOC.dir/C_/Users/Christopher_Martin/Documents/Pico_SDK/pico-sdk/src/rp2_common/pico_stdio_usb/stdio_usb_descriptors.c.obj
LOAD CMakeFiles/XOC.dir/C_/Users/Christopher_Martin/Documents/Pico_SDK/pico-sdk/lib/tinyusb/src/portable/raspberrypi/rp2040/dcd_rp2040.c.obj
LOAD CMakeFiles/XOC.dir/C_/Users/Christopher_Martin/Documents/Pico_SDK/pico-sdk/lib/tinyusb/src/portable/raspberrypi/rp2040/rp2040_usb.c.obj
LOAD CMakeFiles/XOC.dir/C_/Users/Christopher_Martin/Documents/Pico_SDK/pico-sdk/lib/tinyusb/src/device/usbd.c.obj
LOAD CMakeFiles/XOC.dir/C_/Users/Christopher_Martin/Documents/Pico_SDK/pico-sdk/lib/tinyusb/src/device/usbd_control.c.obj
LOAD CMakeFiles/XOC.dir/C_/Users/Christopher_Martin/Documents/Pico_SDK/pico-sdk/lib/tinyusb/src/class/audio/audio_device.c.obj
LOAD CMakeFiles/XOC.dir/C_/Users/Christopher_Martin/Documents/Pico_SDK/pico-sdk/lib/tinyusb/src/class/cdc/cdc_device.c.obj
LOAD CMakeFiles/XOC.dir/C_/Users/Christopher_Martin/Documents/Pico_SDK/pico-sdk/lib/tinyusb/src/class/dfu/dfu_device.c.obj
LOAD CMakeFiles/XOC.dir/C_/Users/Christopher_Martin/Documents/Pico_SDK/pico-sdk/lib/tinyusb/src/class/dfu/dfu_rt_device.c.obj
LOAD CMakeFiles/XOC.dir/C_/Users/Christopher_Martin/Documents/Pico_SDK/pico-sdk/lib/tinyusb/src/class/hid/hid_device.c.obj
LOAD CMakeFiles/XOC.dir/C_/Users/Christopher_Martin/Documents/Pico_SDK/pico-sdk/lib/tinyusb/src/class/midi/midi_device.c.obj
LOAD CMakeFiles/XOC.dir/C_/Users/Christopher_Martin/Documents/Pico_SDK/pico-sdk/lib/tinyusb/src/class/msc/msc_device.c.obj
LOAD CMakeFiles/XOC.dir/C_/Users/Christopher_Martin/Documents/Pico_SDK/pico-sdk/lib/tinyusb/src/class/net/ecm_rndis_device.c.obj
LOAD CMakeFiles/XOC.dir/C_/Users/Christopher_Martin/Documents/Pico_SDK/pico-sdk/lib/tinyusb/src/class/net/ncm_device.c.obj
LOAD CMakeFiles/XOC.dir/C_/Users/Christopher_Martin/Documents/Pico_SDK/pico-sdk/lib/tinyusb/src/class/usbtmc/usbtmc_device.c.obj
LOAD CMakeFiles/XOC.dir/C_/Users/Christopher_Martin/Documents/Pico_SDK/pico-sdk/lib/tinyusb/src/class/vendor/vendor_device.c.obj
LOAD CMakeFiles/XOC.dir/C_/Users/Christopher_Martin/Documents/Pico_SDK/pico-sdk/lib/tinyusb/src/class/video/video_device.c.obj
LOAD CMakeFiles/XOC.dir/C_/Users/Christopher_Martin/Documents/Pico_SDK/pico-sdk/lib/tinyusb/src/tusb.c.obj
LOAD CMakeFiles/XOC.dir/C_/Users/Christopher_Martin/Documents/Pico_SDK/pico-sdk/lib/tinyusb/src/common/tusb_fifo.c.obj
LOAD CMakeFiles/XOC.dir/C_/Users/Christopher_Martin/Documents/Pico_SDK/pico-sdk/src/rp2_common/pico_fix/rp2040_usb_device_enumeration/rp2040_usb_device_enumeration.c.obj
LOAD CMakeFiles/XOC.dir/C_/Users/Christopher_Martin/Documents/Pico_SDK/pico-sdk/src/rp2_common/pico_unique_id/unique_id.c.obj
LOAD CMakeFiles/XOC.dir/C_/Users/Christopher_Martin/Documents/Pico_SDK/pico-sdk/src/rp2_common/hardware_flash/flash.c.obj
LOAD C:\Users\CHRIST~1\AppData\Local\Temp\ccEIKauJ.o
LOAD c:/progra~2/armgnu~1/1142da~1.3re/bin/../lib/gcc/arm-none-eabi/11.3.1/thumb/v6-m/nofp\libstdc++.a
LOAD c:/progra~2/armgnu~1/1142da~1.3re/bin/../lib/gcc/arm-none-eabi/11.3.1/thumb/v6-m/nofp\libm.a
START GROUP
LOAD c:/progra~2/armgnu~1/1142da~1.3re/bin/../lib/gcc/arm-none-eabi/11.3.1/thumb/v6-m/nofp\libgcc.a
LOAD c:/progra~2/armgnu~1/1142da~1.3re/bin/../lib/gcc/arm-none-eabi/11.3.1/thumb/v6-m/nofp\libc.a
END GROUP
START GROUP
LOAD c:/progra~2/armgnu~1/1142da~1.3re/bin/../lib/gcc/arm-none-eabi/11.3.1/thumb/v6-m/nofp\libgcc.a
LOAD c:/progra~2/armgnu~1/1142da~1.3re/bin/../lib/gcc/arm-none-eabi/11.3.1/thumb/v6-m/nofp\libc.a
LOAD c:/progra~2/armgnu~1/1142da~1.3re/bin/../lib/gcc/arm-none-eabi/11.3.1/thumb/v6-m/nofp\libnosys.a
END GROUP
LOAD c:/progra~2/armgnu~1/1142da~1.3re/bin/../lib/gcc/arm-none-eabi/11.3.1/thumb/v6-m/nofp/crtend.o
LOAD c:/progra~2/armgnu~1/1142da~1.3re/bin/../lib/gcc/arm-none-eabi/11.3.1/thumb/v6-m/nofp/crtn.o
OUTPUT(XOC.elf elf32-littlearm)
LOAD linker stubs

.ARM.attributes
                0x00000000       0x28
 .ARM.attributes
                0x00000000       0x1e c:/progra~2/armgnu~1/1142da~1.3re/bin/../lib/gcc/arm-none-eabi/11.3.1/thumb/v6-m/nofp/crti.o
 .ARM.attributes
                0x0000001e       0x2c c:/progra~2/armgnu~1/1142da~1.3re/bin/../lib/gcc/arm-none-eabi/11.3.1/thumb/v6-m/nofp/crtbegin.o
 .ARM.attributes
                0x0000004a       0x2c CMakeFiles/XOC.dir/XOC.c.obj
 .ARM.attributes
                0x00000076       0x2c CMakeFiles/XOC.dir/C_/Users/Christopher_Martin/Documents/Pico_SDK/pico-sdk/src/rp2_common/hardware_gpio/gpio.c.obj
 .ARM.attributes
                0x000000a2       0x2c CMakeFiles/XOC.dir/C_/Users/Christopher_Martin/Documents/Pico_SDK/pico-sdk/src/rp2_common/hardware_claim/claim.c.obj
 .ARM.attributes
                0x000000ce       0x2c CMakeFiles/XOC.dir/C_/Users/Christopher_Martin/Documents/Pico_SDK/pico-sdk/src/rp2_common/pico_platform/platform.c.obj
 .ARM.attributes
                0x000000fa       0x2c CMakeFiles/XOC.dir/C_/Users/Christopher_Martin/Documents/Pico_SDK/pico-sdk/src/rp2_common/hardware_sync/sync.c.obj
 .ARM.attributes
                0x00000126       0x2c CMakeFiles/XOC.dir/C_/Users/Christopher_Martin/Documents/Pico_SDK/pico-sdk/src/rp2_common/hardware_irq/irq.c.obj
 .ARM.attributes
                0x00000152       0x22 CMakeFiles/XOC.dir/C_/Users/Christopher_Martin/Documents/Pico_SDK/pico-sdk/src/rp2_common/hardware_irq/irq_handler_chain.S.obj
 .ARM.attributes
                0x00000174       0x2c CMakeFiles/XOC.dir/C_/Users/Christopher_Martin/Documents/Pico_SDK/pico-sdk/src/common/pico_sync/lock_core.c.obj
 .ARM.attributes
                0x000001a0       0x2c CMakeFiles/XOC.dir/C_/Users/Christopher_Martin/Documents/Pico_SDK/pico-sdk/src/common/pico_time/time.c.obj
 .ARM.attributes
                0x000001cc       0x2c CMakeFiles/XOC.dir/C_/Users/Christopher_Martin/Documents/Pico_SDK/pico-sdk/src/rp2_common/hardware_timer/timer.c.obj
 .ARM.attributes
                0x000001f8       0x2c CMakeFiles/XOC.dir/C_/Users/Christopher_Martin/Documents/Pico_SDK/pico-sdk/src/common/pico_util/pheap.c.obj
 .ARM.attributes
                0x00000224       0x2c CMakeFiles/XOC.dir/C_/Users/Christopher_Martin/Documents/Pico_SDK/pico-sdk/src/common/pico_sync/mutex.c.obj
 .ARM.attributes
                0x00000250       0x2c CMakeFiles/XOC.dir/C_/Users/Christopher_Martin/Documents/Pico_SDK/pico-sdk/src/common/pico_sync/critical_section.c.obj
 .ARM.attributes
                0x0000027c       0x2c CMakeFiles/XOC.dir/C_/Users/Christopher_Martin/Documents/Pico_SDK/pico-sdk/src/rp2_common/hardware_uart/uart.c.obj
 .ARM.attributes
                0x000002a8       0x2c CMakeFiles/XOC.dir/C_/Users/Christopher_Martin/Documents/Pico_SDK/pico-sdk/src/rp2_common/pico_runtime/runtime.c.obj
 .ARM.attributes
                0x000002d4       0x2c CMakeFiles/XOC.dir/C_/Users/Christopher_Martin/Documents/Pico_SDK/pico-sdk/src/rp2_common/hardware_clocks/clocks.c.obj
 .ARM.attributes