Archive member included to satisfy reference by file (symbol)

c:/progra~2/armgnu~1/1142da~1.3re/bin/../lib/gcc/arm-none-eabi/11.3.1/thumb/v6-m/nofp\libgcc.a(_dvmd_tls.o)
                              CMakeFiles/CLOCK_STAT.dir/C_/Users/Christopher_Martin/Documents/Pico_SDK/pico-sdk/src/rp2_common/pico_divider/divider.S.obj (__aeabi_idiv0)
c:/progra~2/armgnu~1/1142da~1.3re/bin/../lib/gcc/arm-none-eabi/11.3.1/thumb/v6-m/nofp\libc.a(libc_a-calloc.o)
                              CMakeFiles/CLOCK_STAT.dir/C_/Users/Christopher_Martin/Documents/Pico_SDK/pico-sdk/src/rp2_common/pico_malloc/pico_malloc.c.obj (calloc)
c:/progra~2/armgnu~1/1142da~1.3re/bin/../lib/gcc/arm-none-eabi/11.3.1/thumb/v6-m/nofp\libc.a(libc_a-callocr.o)
                              c:/progra~2/armgnu~1/1142da~1.3re/bin/../lib/gcc/arm-none-eabi/11.3.1/thumb/v6-m/nofp\libc.a(libc_a-calloc.o) (_calloc_r)
c:/progra~2/armgnu~1/1142da~1.3re/bin/../lib/gcc/arm-none-eabi/11.3.1/thumb/v6-m/nofp\libc.a(libc_a-malloc.o)
                              CMakeFiles/CLOCK_STAT.dir/C_/Users/Christopher_Martin/Documents/Pico_SDK/pico-sdk/src/rp2_common/pico_malloc/pico_malloc.c.obj (malloc)
c:/progra~2/armgnu~1/1142da~1.3re/bin/../lib/gcc/arm-none-eabi/11.3.1/thumb/v6-m/nofp\libc.a(libc_a-mallocr.o)
                              c:/progra~2/armgnu~1/1142da~1.3re/bin/../lib/gcc/arm-none-eabi/11.3.1/thumb/v6-m/nofp\libc.a(libc_a-callocr.o) (_malloc_r)
c:/progra~2/armgnu~1/1142da~1.3re/bin/../lib/gcc/arm-none-eabi/11.3.1/thumb/v6-m/nofp\libc.a(libc_a-mlock.o)
                              c:/progra~2/armgnu~1/1142da~1.3re/bin/../lib/gcc/arm-none-eabi/11.3.1/thumb/v6-m/nofp\libc.a(libc_a-mallocr.o) (__malloc_lock)
c:/progra~2/armgnu~1/1142da~1.3re/bin/../lib/gcc/arm-none-eabi/11.3.1/thumb/v6-m/nofp\libc.a(libc_a-realloc.o)
                              CMakeFiles/CLOCK_STAT.dir/C_/Users/Christopher_Martin/Documents/Pico_SDK/pico-sdk/src/rp2_common/pico_malloc/pico_malloc.c.obj (realloc)
c:/progra~2/armgnu~1/1142da~1.3re/bin/../lib/gcc/arm-none-eabi/11.3.1/thumb/v6-m/nofp\libc.a(libc_a-reallocr.o)
                              c:/progra~2/armgnu~1/1142da~1.3re/bin/../lib/gcc/arm-none-eabi/11.3.1/thumb/v6-m/nofp\libc.a(libc_a-realloc.o) (_realloc_r)
c:/progra~2/armgnu~1/1142da~1.3re/bin/../lib/gcc/arm-none-eabi/11.3.1/thumb/v6-m/nofp\libc.a(libc_a-memmove.o)
                              c:/progra~2/armgnu~1/1142da~1.3re/bin/../lib/gcc/arm-none-eabi/11.3.1/thumb/v6-m/nofp\libc.a(libc_a-reallocr.o) (memmove)
c:/progra~2/armgnu~1/1142da~1.3re/bin/../lib/gcc/arm-none-eabi/11.3.1/thumb/v6-m/nofp\libc.a(libc_a-impure.o)
                              c:/progra~2/armgnu~1/1142da~1.3re/bin/../lib/gcc/arm-none-eabi/11.3.1/thumb/v6-m/nofp\libc.a(libc_a-calloc.o) (_impure_ptr)
c:/progra~2/armgnu~1/1142da~1.3re/bin/../lib/gcc/arm-none-eabi/11.3.1/thumb/v6-m/nofp\libc.a(libc_a-sbrkr.o)
                              c:/progra~2/armgnu~1/1142da~1.3re/bin/../lib/gcc/arm-none-eabi/11.3.1/thumb/v6-m/nofp\libc.a(libc_a-mallocr.o) (_sbrk_r)
c:/progra~2/armgnu~1/1142da~1.3re/bin/../lib/gcc/arm-none-eabi/11.3.1/thumb/v6-m/nofp\libc.a(libc_a-errno.o)
                              c:/progra~2/armgnu~1/1142da~1.3re/bin/../lib/gcc/arm-none-eabi/11.3.1/thumb/v6-m/nofp\libc.a(libc_a-callocr.o) (__errno)
c:/progra~2/armgnu~1/1142da~1.3re/bin/../lib/gcc/arm-none-eabi/11.3.1/thumb/v6-m/nofp\libc.a(libc_a-init.o)
                              c:/progra~2/armgnu~1/1142da~1.3re/bin/../lib/gcc/arm-none-eabi/11.3.1/thumb/v6-m/nofp/crt0.o (__libc_init_array)
c:/progra~2/armgnu~1/1142da~1.3re/bin/../lib/gcc/arm-none-eabi/11.3.1/thumb/v6-m/nofp\libc.a(libc_a-lock.o)
                              c:/progra~2/armgnu~1/1142da~1.3re/bin/../lib/gcc/arm-none-eabi/11.3.1/thumb/v6-m/nofp\libc.a(libc_a-mlock.o) (__retarget_lock_acquire_recursive)
c:/progra~2/armgnu~1/1142da~1.3re/bin/../lib/gcc/arm-none-eabi/11.3.1/thumb/v6-m/nofp\libc.a(libc_a-strlen-stub.o)
                              CMakeFiles/CLOCK_STAT.dir/C_/Users/Christopher_Martin/Documents/Pico_SDK/pico-sdk/src/rp2_common/pico_stdio/stdio.c.obj (strlen)
c:/progra~2/armgnu~1/1142da~1.3re/bin/../lib/gcc/arm-none-eabi/11.3.1/thumb/v6-m/nofp\libc.a(libc_a-freer.o)
                              c:/progra~2/armgnu~1/1142da~1.3re/bin/../lib/gcc/arm-none-eabi/11.3.1/thumb/v6-m/nofp\libc.a(libc_a-malloc.o) (_free_r)
c:/progra~2/armgnu~1/1142da~1.3re/bin/../lib/gcc/arm-none-eabi/11.3.1/thumb/v6-m/nofp\libc.a(libc_a-findfp.o)
                              c:/progra~2/armgnu~1/1142da~1.3re/bin/../lib/gcc/arm-none-eabi/11.3.1/thumb/v6-m/nofp\libc.a(libc_a-impure.o) (__sf)
c:/progra~2/armgnu~1/1142da~1.3re/bin/../lib/gcc/arm-none-eabi/11.3.1/thumb/v6-m/nofp\libc.a(libc_a-fwalk.o)
                              c:/progra~2/armgnu~1/1142da~1.3re/bin/../lib/gcc/arm-none-eabi/11.3.1/thumb/v6-m/nofp\libc.a(libc_a-findfp.o) (_fwalk_sglue)
c:/progra~2/armgnu~1/1142da~1.3re/bin/../lib/gcc/arm-none-eabi/11.3.1/thumb/v6-m/nofp\libc.a(libc_a-stdio.o)
[...]
Memory Configuration

Name             Origin             Length             Attributes
FLASH            0x10000000         0x00200000         xr
RAM              0x20000000         0x00040000         xrw
SCRATCH_X        0x20040000         0x00001000         xrw
SCRATCH_Y        0x20041000         0x00001000         xrw
*default*        0x00000000         0xffffffff

Linker script and memory map

LOAD c:/progra~2/armgnu~1/1142da~1.3re/bin/../lib/gcc/arm-none-eabi/11.3.1/thumb/v6-m/nofp/crti.o
LOAD c:/progra~2/armgnu~1/1142da~1.3re/bin/../lib/gcc/arm-none-eabi/11.3.1/thumb/v6-m/nofp/crtbegin.o
LOAD c:/progra~2/armgnu~1/1142da~1.3re/bin/../lib/gcc/arm-none-eabi/11.3.1/thumb/v6-m/nofp/crt0.o

.flash_begin    0x10000000        0x0
                0x10000000                __flash_binary_start = .

.boot2          0x10000000      0x100
                0x10000000                __boot2_start__ = .
 *(.boot2)
 .boot2         0x10000000      0x100 C:\Users\CHRIST~1\AppData\Local\Temp\ccaUT6dS.o
                0x10000100                __boot2_end__ = .
                0x00000001                ASSERT (((__boot2_end__ - __boot2_start__) == 0x100), ERROR: Pico second stage bootloader must be 256 bytes in size)

.text           0x10000100     0x7170
                0x10000100                __logical_binary_start = .
 *(.vectors)
 .vectors       0x10000100       0xd4 CMakeFiles/CLOCK_STAT.dir/C_/Users/Christopher_Martin/Documents/Pico_SDK/pico-sdk/src/rp2_common/pico_standard_link/crt0.S.obj
                0x10000100                __VECTOR_TABLE
                0x10000100                __vectors
                0x100001c0                isr_invalid
                0x100001c0                __default_isrs_start
                0x100001c2                isr_nmi
                0x100001c4                isr_hardfault
                0x100001c6                isr_svcall
                0x100001c8                isr_pendsv
                0x100001ca                isr_systick
                0x100001cc                isr_irq23
                0x100001cc                isr_irq18
                0x100001cc                isr_irq11
                0x100001cc                isr_irq28
                0x100001cc                isr_irq19
                0x100001cc                isr_irq0
                0x100001cc                isr_irq6
                0x100001cc                isr_irq5
                0x100001cc                isr_irq12
                0x100001cc                isr_irq22
                0x100001cc                isr_irq31
                0x100001cc                isr_irq17
                0x100001cc                isr_irq27
                0x100001cc                isr_irq30
                0x100001cc                isr_irq2
                0x100001cc                isr_irq10
                0x100001cc                isr_irq8
                0x100001cc                isr_irq24
                0x100001cc                isr_irq1
                0x100001cc                isr_irq7
                0x100001cc                isr_irq21
                0x100001cc                isr_irq20
                0x100001cc                isr_irq15
                0x100001cc                isr_irq25
                0x100001cc                isr_irq13
                0x100001cc                __unhandled_user_irq
                0x100001cc                isr_irq4
                0x100001cc                isr_irq16
                0x100001cc                isr_irq29
                0x100001cc                isr_irq26
                0x100001cc                __default_isrs_end
                0x100001cc                isr_irq3
                0x100001cc                isr_irq14
                0x100001cc                isr_irq9
                0x100001d2                unhandled_user_irq_num_in_r0
 *(.binary_info_header)
 .binary_info_header
                0x100001d4       0x14 CMakeFiles/CLOCK_STAT.dir/C_/Users/Christopher_Martin/Documents/Pico_SDK/pico-sdk/src/rp2_common/pico_standard_link/crt0.S.obj
                0x100001e8                __binary_info_header_end = .
 *(.reset)
 .reset         0x100001e8       0xa8 CMakeFiles/CLOCK_STAT.dir/C_/Users/Christopher_Martin/Documents/Pico_SDK/pico-sdk/src/rp2_common/pico_standard_link/crt0.S.obj
                0x100001e8                _entry_point
                0x10000266                __get_current_exception
 .reset         0x10000290       0x30 CMakeFiles/CLOCK_STAT.dir/C_/Users/Christopher_Martin/Documents/Pico_SDK/pico-sdk/src/rp2_common/pico_standard_link/binary_info.c.obj
 *(.init)
 .init          0x100002c0        0x4 c:/progra~2/armgnu~1/1142da~1.3re/bin/../lib/gcc/arm-none-eabi/11.3.1/thumb/v6-m/nofp/crti.o
                0x100002c0                _init
 *(EXCLUDE_FILE(*libm.a: *libc.a:*lib_a-mem*.o *libgcc.a:) .text*)
 .text.register_tm_clones
                0x100002c4       0x28 c:/progra~2/armgnu~1/1142da~1.3re/bin/../lib/gcc/arm-none-eabi/11.3.1/thumb/v6-m/nofp/crtbegin.o
 .text.frame_dummy
                0x100002ec       0x24 c:/progra~2/armgnu~1/1142da~1.3re/bin/../lib/gcc/arm-none-eabi/11.3.1/thumb/v6-m/nofp/crtbegin.o
 .text.measure_freqs
                0x10000310       0xd0 CMakeFiles/CLOCK_STAT.dir/clock_stat.c.obj
                0x10000310                measure_freqs
 .text.startup.main
                0x100003e0       0x38 CMakeFiles/CLOCK_STAT.dir/clock_stat.c.obj
                0x100003e0                main
 .text.gpio_set_function
                0x10000418       0x30 CMakeFiles/CLOCK_STAT.dir/C_/Users/Christopher_Martin/Documents/Pico_SDK/pico-sdk/src/rp2_common/hardware_gpio/gpio.c.obj
                0x10000418                gpio_set_function
 .text.hw_claim_or_assert
                0x10000448       0x44 CMakeFiles/CLOCK_STAT.dir/C_/Users/Christopher_Martin/Documents/Pico_SDK/pico-sdk/src/rp2_common/hardware_claim/claim.c.obj
                0x10000448                hw_claim_or_assert
 .text.hw_claim_unused_from_range
                0x1000048c       0x9c CMakeFiles/CLOCK_STAT.dir/C_/Users/Christopher_Martin/Documents/Pico_SDK/pico-sdk/src/rp2_common/hardware_claim/claim.c.obj
                0x1000048c                hw_claim_unused_from_range
 .text.running_on_fpga
                0x10000528       0x10 CMakeFiles/CLOCK_STAT.dir/C_/Users/Christopher_Martin/Documents/Pico_SDK/pico-sdk/src/rp2_common/pico_platform/platform.c.obj
                0x10000528                running_on_fpga
 .text.spin_locks_reset
                0x10000538       0x1c CMakeFiles/CLOCK_STAT.dir/C_/Users/Christopher_Martin/Documents/Pico_SDK/pico-sdk/src/rp2_common/hardware_sync/sync.c.obj
                0x10000538                spin_locks_reset
 .text.next_striped_spin_lock_num
                0x10000554       0x18 CMakeFiles/CLOCK_STAT.dir/C_/Users/Christopher_Martin/Documents/Pico_SDK/pico-sdk/src/rp2_common/hardware_sync/sync.c.obj
                0x10000554                next_striped_spin_lock_num
 .text.spin_lock_claim_unused
                0x1000056c       0x24 CMakeFiles/CLOCK_STAT.dir/C_/Users/Christopher_Martin/Documents/Pico_SDK/pico-sdk/src/rp2_common/hardware_sync/sync.c.obj
                0x1000056c                spin_lock_claim_unused
 .text.irq_set_enabled
                0x10000590       0x24 CMakeFiles/CLOCK_STAT.dir/C_/Users/Christopher_Martin/Documents/Pico_SDK/pico-sdk/src/rp2_common/hardware_irq/irq.c.obj
                0x10000590                irq_set_enabled
 .text.irq_set_pending
                0x100005b4       0x10 CMakeFiles/CLOCK_STAT.dir/C_/Users/Christopher_Martin/Documents/Pico_SDK/pico-sdk/src/rp2_common/hardware_irq/irq.c.obj
                0x100005b4                irq_set_pending
 .text.irq_has_shared_handler
                0x100005c4       0x2c CMakeFiles/CLOCK_STAT.dir/C_/Users/Christopher_Martin/Documents/Pico_SDK/pico-sdk/src/rp2_common/hardware_irq/irq.c.obj
                0x100005c4                irq_has_shared_handler
 .text.irq_get_vtable_handler
                0x100005f0       0x10 CMakeFiles/CLOCK_STAT.dir/C_/Users/Christopher_Martin/Documents/Pico_SDK/pico-sdk/src/rp2_common/hardware_irq/irq.c.obj
                0x100005f0                irq_get_vtable_handler
 .text.irq_set_exclusive_handler
                0x10000600       0x54 CMakeFiles/CLOCK_STAT.dir/C_/Users/Christopher_Martin/Documents/Pico_SDK/pico-sdk/src/rp2_common/hardware_irq/irq.c.obj
                0x10000600                irq_set_exclusive_handler
 .text.irq_add_shared_handler
                0x10000654      0x1e0 CMakeFiles/CLOCK_STAT.dir/C_/Users/Christopher_Martin/Documents/Pico_SDK/pico-sdk/src/rp2_common/hardware_irq/irq.c.obj
                0x10000654                irq_add_shared_handler
 .text.irq_remove_handler
                0x10000834      0x1b4 CMakeFiles/CLOCK_STAT.dir/C_/Users/Christopher_Martin/Documents/Pico_SDK/pico-sdk/src/rp2_common/hardware_irq/irq.c.obj
                0x10000834                irq_remove_handler
 .text.irq_add_tail_to_free_list
                0x100009e8       0xb4 CMakeFiles/CLOCK_STAT.dir/C_/Users/Christopher_Martin/Documents/Pico_SDK/pico-sdk/src/rp2_common/hardware_irq/irq.c.obj
                0x100009e8                irq_add_tail_to_free_list
 .text.irq_init_priorities
                0x10000a9c       0x24 CMakeFiles/CLOCK_STAT.dir/C_/Users/Christopher_Martin/Documents/Pico_SDK/pico-sdk/src/rp2_common/hardware_irq/irq.c.obj
                0x10000a9c                irq_init_priorities
 .text.user_irq_claim_unused
                0x10000ac0       0x30 CMakeFiles/CLOCK_STAT.dir/C_/Users/Christopher_Martin/Documents/Pico_SDK/pico-sdk/src/rp2_common/hardware_irq/irq.c.obj
                0x10000ac0                user_irq_claim_unused
 .text.lock_init
                0x10000af0       0x10 CMakeFiles/CLOCK_STAT.dir/C_/Users/Christopher_Martin/Documents/Pico_SDK/pico-sdk/src/common/pico_sync/lock_core.c.obj
                0x10000af0                lock_init
 .text.timer_pool_entry_comparator
                0x10000b00       0x34 CMakeFiles/CLOCK_STAT.dir/C_/Users/Christopher_Martin/Documents/Pico_SDK/pico-sdk/src/common/pico_time/time.c.obj
                0x10000b00                timer_pool_entry_comparator
 .text.sleep_until_callback
                0x10000b34       0x30 CMakeFiles/CLOCK_STAT.dir/C_/Users/Christopher_Martin/Documents/Pico_SDK/pico-sdk/src/common/pico_time/time.c.obj
 .text.add_alarm_under_lock.isra.0
                0x10000b64      0x104 CMakeFiles/CLOCK_STAT.dir/C_/Users/Christopher_Martin/Documents/Pico_SDK/pico-sdk/src/common/pico_time/time.c.obj
 .text.alarm_pool_alarm_callback
                0x10000c68      0x1c8 CMakeFiles/CLOCK_STAT.dir/C_/Users/Christopher_Martin/Documents/Pico_SDK/pico-sdk/src/common/pico_time/time.c.obj
 .text.alarm_pool_add_alarm_at.constprop.0
                0x10000e30      0x11c CMakeFiles/CLOCK_STAT.dir/C_/Users/Christopher_Martin/Documents/Pico_SDK/pico-sdk/src/common/pico_time/time.c.obj
 .text.alarm_pool_init_default
                0x10000f4c       0x64 CMakeFiles/CLOCK_STAT.dir/C_/Users/Christopher_Martin/Documents/Pico_SDK/pico-sdk/src/common/pico_time/time.c.obj
                0x10000f4c                alarm_pool_init_default
 .text.alarm_pool_get_default
                0x10000fb0        0x8 CMakeFiles/CLOCK_STAT.dir/C_/Users/Christopher_Martin/Documents/Pico_SDK/pico-sdk/src/common/pico_time/time.c.obj
                0x10000fb0                alarm_pool_get_default
 .text.alarm_pool_add_alarm_at
                0x10000fb8      0x1a0 CMakeFiles/CLOCK_STAT.dir/C_/Users/Christopher_Martin/Documents/Pico_SDK/pico-sdk/src/common/pico_time/time.c.obj
                0x10000fb8                alarm_pool_add_alarm_at
 .text.sleep_until
                0x10001158       0xac CMakeFiles/CLOCK_STAT.dir/C_/Users/Christopher_Martin/Documents/Pico_SDK/pico-sdk/src/common/pico_time/time.c.obj
                0x10001158                sleep_until
 .text.sleep_ms
                0x10001204       0x38 CMakeFiles/CLOCK_STAT.dir/C_/Users/Christopher_Martin/Documents/Pico_SDK/pico-sdk/src/common/pico_time/time.c.obj
                0x10001204                sleep_ms
 .text.best_effort_wfe_or_timeout
                0x1000123c       0xc0 CMakeFiles/CLOCK_STAT.dir/C_/Users/Christopher_Martin/Documents/Pico_SDK/pico-sdk/src/common/pico_time/time.c.obj
                0x1000123c                best_effort_wfe_or_timeout
 .text.hardware_alarm_irq_handler
                0x100012fc       0xb8 CMakeFiles/CLOCK_STAT.dir/C_/Users/Christopher_Martin/Documents/Pico_SDK/pico-sdk/src/rp2_common/hardware_timer/timer.c.obj
 .text.hardware_alarm_claim
                0x100013b4       0x18 CMakeFiles/CLOCK_STAT.dir/C_/Users/Christopher_Martin/Documents/Pico_SDK/pico-sdk/src/rp2_common/hardware_timer/timer.c.obj
                0x100013b4                hardware_alarm_claim
 .text.time_us_64
                0x100013cc       0x14 CMakeFiles/CLOCK_STAT.dir/C_/Users/Christopher_Martin/Documents/Pico_SDK/pico-sdk/src/rp2_common/hardware_timer/timer.c.obj
                0x100013cc                time_us_64
 .text.busy_wait_until
                0x100013e0       0x20 CMakeFiles/CLOCK_STAT.dir/C_/Users/Christopher_Martin/Documents/Pico_SDK/pico-sdk/src/rp2_common/hardware_timer/timer.c.obj
                0x100013e0                busy_wait_until
 .text.hardware_alarm_set_callback
                0x10001400       0x8c CMakeFiles/CLOCK_STAT.dir/C_/Users/Christopher_Martin/Documents/Pico_SDK/pico-sdk/src/rp2_common/hardware_timer/timer.c.obj
                0x10001400                hardware_alarm_set_callback
 .text.hardware_alarm_set_target
                0x1000148c       0xe0 CMakeFiles/CLOCK_STAT.dir/C_/Users/Christopher_Martin/Documents/Pico_SDK/pico-sdk/src/rp2_common/hardware_timer/timer.c.obj
                0x1000148c                hardware_alarm_set_target
 .text.hardware_alarm_cancel
                0x1000156c       0x3c CMakeFiles/CLOCK_STAT.dir/C_/Users/Christopher_Martin/Documents/Pico_SDK/pico-sdk/src/rp2_common/hardware_timer/timer.c.obj
                0x1000156c                hardware_alarm_cancel
 .text.ph_merge_nodes
                0x100015a8       0x68 CMakeFiles/CLOCK_STAT.dir/C_/Users/Christopher_Martin/Documents/Pico_SDK/pico-sdk/src/common/pico_util/pheap.c.obj
 .text.ph_post_alloc_init
                0x10001610       0x3c CMakeFiles/CLOCK_STAT.dir/C_/Users/Christopher_Martin/Documents/Pico_SDK/pico-sdk/src/common/pico_util/pheap.c.obj
                0x10001610                ph_post_alloc_init
 .text.ph_merge_two_pass
                0x1000164c       0x9c CMakeFiles/CLOCK_STAT.dir/C_/Users/Christopher_Martin/Documents/Pico_SDK/pico-sdk/src/common/pico_util/pheap.c.obj
                0x1000164c                ph_merge_two_pass
 .text.ph_remove_any_head
                0x100016e8       0xf8 CMakeFiles/CLOCK_STAT.dir/C_/Users/Christopher_Martin/Documents/Pico_SDK/pico-sdk/src/common/pico_util/pheap.c.obj
 .text.ph_remove_head
                0x100017e0       0xfc CMakeFiles/CLOCK_STAT.dir/C_/Users/Christopher_Martin/Documents/Pico_SDK/pico-sdk/src/common/pico_util/pheap.c.obj
                0x100017e0                ph_remove_head
 .text.ph_remove_and_free_node
                0x100018dc       0x7c CMakeFiles/CLOCK_STAT.dir/C_/Users/Christopher_Martin/Documents/Pico_SDK/pico-sdk/src/common/pico_util/pheap.c.obj
                0x100018dc                ph_remove_and_free_node
 .text.mutex_init
                0x10001958       0x1c CMakeFiles/CLOCK_STAT.dir/C_/Users/Christopher_Martin/Documents/Pico_SDK/pico-sdk/src/common/pico_sync/mutex.c.obj
                0x10001958                mutex_init
 .text.recursive_mutex_init
                0x10001974       0x1c CMakeFiles/CLOCK_STAT.dir/C_/Users/Christopher_Martin/Documents/Pico_SDK/pico-sdk/src/common/pico_sync/mutex.c.obj
                0x10001974                recursive_mutex_init
 .text.critical_section_init
                0x10001990       0x20 CMakeFiles/CLOCK_STAT.dir/C_/Users/Christopher_Martin/Documents/Pico_SDK/pico-sdk/src/common/pico_sync/critical_section.c.obj
                0x10001990                critical_section_init
 .text.uart_init
                0x100019b0       0xe0 CMakeFiles/CLOCK_STAT.dir/C_/Users/Christopher_Martin/Documents/Pico_SDK/pico-sdk/src/rp2_common/hardware_uart/uart.c.obj
                0x100019b0                uart_init
 .text.runtime_init
                0x10001a90       0xf0 CMakeFiles/CLOCK_STAT.dir/C_/Users/Christopher_Martin/Documents/Pico_SDK/pico-sdk/src/rp2_common/pico_runtime/runtime.c.obj
                0x10001a90                runtime_init
 .text.exit     0x10001b80        0x4 CMakeFiles/CLOCK_STAT.dir/C_/Users/Christopher_Martin/Documents/Pico_SDK/pico-sdk/src/rp2_common/pico_runtime/runtime.c.obj
                0x10001b80                exit
 .text.panic    0x10001b84       0x30 CMakeFiles/CLOCK_STAT.dir/C_/Users/Christopher_Martin/Documents/Pico_SDK/pico-sdk/src/rp2_common/pico_runtime/runtime.c.obj
                0x10001b84                panic
 .text.hard_assertion_failure
                0x10001bb4        0xc CMakeFiles/CLOCK_STAT.dir/C_/Users/Christopher_Martin/Documents/Pico_SDK/pico-sdk/src/rp2_common/pico_runtime/runtime.c.obj
                0x10001bb4                hard_assertion_failure
 .text.clocks_init
                0x10001bc0      0x2b0 CMakeFiles/CLOCK_STAT.dir/C_/Users/Christopher_Martin/Documents/Pico_SDK/pico-sdk/src/rp2_common/hardware_clocks/clocks.c.obj
                0x10001bc0                clocks_init
 .text.clock_get_hz
                0x10001e70        0xc CMakeFiles/CLOCK_STAT.dir/C_/Users/Christopher_Martin/Documents/Pico_SDK/pico-sdk/src/rp2_common/hardware_clocks/clocks.c.obj
                0x10001e70                clock_get_hz
 .text.frequency_count_khz
                0x10001e7c       0x48 CMakeFiles/CLOCK_STAT.dir/C_/Users/Christopher_Martin/Documents/Pico_SDK/pico-sdk/src/rp2_common/hardware_clocks/clocks.c.obj
                0x10001e7c                frequency_count_khz
 .text.pll_init
                0x10001ec4       0xa8 CMakeFiles/CLOCK_STAT.dir/C_/Users/Christopher_Martin/Documents/Pico_SDK/pico-sdk/src/rp2_common/hardware_pll/pll.c.obj
                0x10001ec4                pll_init
 .text.watchdog_start_tick
                0x10001f6c       0x10 CMakeFiles/CLOCK_STAT.dir/C_/Users/Christopher_Martin/Documents/Pico_SDK/pico-sdk/src/rp2_common/hardware_watchdog/watchdog.c.obj
                0x10001f6c                watchdog_start_tick
 .text.watchdog_reboot
                0x10001f7c       0x9c CMakeFiles/CLOCK_STAT.dir/C_/Users/Christopher_Martin/Documents/Pico_SDK/pico-sdk/src/rp2_common/hardware_watchdog/watchdog.c.obj
                0x10001f7c                watchdog_reboot
 .text.xosc_init
                0x10002018       0x28 CMakeFiles/CLOCK_STAT.dir/C_/Users/Christopher_Martin/Documents/Pico_SDK/pico-sdk/src/rp2_common/hardware_xosc/xosc.c.obj
                0x10002018                xosc_init
 .text._out_null
                0x10002040        0x4 CMakeFiles/CLOCK_STAT.dir/C_/Users/Christopher_Martin/Documents/Pico_SDK/pico-sdk/src/rp2_common/pico_printf/printf.c.obj
 .text._out_rev
                0x10002044       0x90 CMakeFiles/CLOCK_STAT.dir/C_/Users/Christopher_Martin/Documents/Pico_SDK/pico-sdk/src/rp2_common/pico_printf/printf.c.obj
 .text._ntoa_format
                0x100020d4      0x1cc CMakeFiles/CLOCK_STAT.dir/C_/Users/Christopher_Martin/Documents/Pico_SDK/pico-sdk/src/rp2_common/pico_printf/printf.c.obj
 .text._out_char
                0x100022a0       0x10 CMakeFiles/CLOCK_STAT.dir/C_/Users/Christopher_Martin/Documents/Pico_SDK/pico-sdk/src/rp2_common/pico_printf/printf.c.obj
 .text._out_fct
                0x100022b0       0x10 CMakeFiles/CLOCK_STAT.dir/C_/Users/Christopher_Martin/Documents/Pico_SDK/pico-sdk/src/rp2_common/pico_printf/printf.c.obj
 .text._etoa    0x100022c0      0x44c CMakeFiles/CLOCK_STAT.dir/C_/Users/Christopher_Martin/Documents/Pico_SDK/pico-sdk/src/rp2_common/pico_printf/printf.c.obj
 .text._ftoa    0x1000270c      0x3d0 CMakeFiles/CLOCK_STAT.dir/C_/Users/Christopher_Martin/Documents/Pico_SDK/pico-sdk/src/rp2_common/pico_printf/printf.c.obj
 .text._vsnprintf
                0x10002adc      0xabc CMakeFiles/CLOCK_STAT.dir/C_/Users/Christopher_Martin/Documents/Pico_SDK/pico-sdk/src/rp2_common/pico_printf/printf.c.obj
 .text.vfctprintf
                0x10003598       0x20 CMakeFiles/CLOCK_STAT.dir/C_/Users/Christopher_Martin/Documents/Pico_SDK/pico-sdk/src/rp2_common/pico_printf/printf.c.obj
                0x10003598                vfctprintf
 .text.weak_raw_vprintf
                0x100035b8       0x30 CMakeFiles/CLOCK_STAT.dir/C_/Users/Christopher_Martin/Documents/Pico_SDK/pico-sdk/src/rp2_common/pico_printf/printf.c.obj
                0x100035b8                weak_raw_vprintf
 .text          0x100035e8       0x10 CMakeFiles/CLOCK_STAT.dir/C_/Users/Christopher_Martin/Documents/Pico_SDK/pico-sdk/src/rp2_common/pico_bit_ops/bit_ops_aeabi.S.obj
 .text.rom_func_lookup
                0x100035f8       0x10 CMakeFiles/CLOCK_STAT.dir/C_/Users/Christopher_Martin/Documents/Pico_SDK/pico-sdk/src/rp2_common/pico_bootrom/bootrom.c.obj
                0x100035f8                rom_func_lookup
 .text.rom_data_lookup
                0x10003608       0x10 CMakeFiles/CLOCK_STAT.dir/C_/Users/Christopher_Martin/Documents/Pico_SDK/pico-sdk/src/rp2_common/pico_bootrom/bootrom.c.obj
                0x10003608                rom_data_lookup
 .text.rom_funcs_lookup
                0x10003618       0x44 CMakeFiles/CLOCK_STAT.dir/C_/Users/Christopher_Martin/Documents/Pico_SDK/pico-sdk/src/rp2_common/pico_bootrom/bootrom.c.obj
                0x10003618                rom_funcs_lookup
 .text.__wrap___aeabi_idiv
                0x1000365c       0x50 CMakeFiles/CLOCK_STAT.dir/C_/Users/Christopher_Martin/Documents/Pico_SDK/pico-sdk/src/rp2_common/pico_divider/divider.S.obj
                0x1000365c                __wrap___aeabi_idivmod
                0x1000365c                divmod_s32s32
                0x1000365c                div_s32s32
                0x1000365c                __wrap___aeabi_idiv
                0x10003664                divmod_s32s32_unsafe
                0x10003690                divmod_s32s32_savestate
 .text.__wrap___aeabi_uidiv
                0x100036ac       0x4c CMakeFiles/CLOCK_STAT.dir/C_/Users/Christopher_Martin/Documents/Pico_SDK/pico-sdk/src/rp2_common/pico_divider/divider.S.obj
                0x100036ac                __wrap___aeabi_uidiv
                0x100036ac                __wrap___aeabi_uidivmod
                0x100036ac                div_u32u32
                0x100036ac                divmod_u32u32
                0x100036b4                divmod_u32u32_unsafe
                0x100036dc                divmod_u32u32_savestate
 .text.__wrap___aeabi_ldiv
                0x100036f8      0x434 CMakeFiles/CLOCK_STAT.dir/C_/Users/Christopher_Martin/Documents/Pico_SDK/pico-sdk/src/rp2_common/pico_divider/divider.S.obj
                0x100036f8                div_s64s64
                0x100036f8                divmod_s64s64
                0x100036f8                __wrap___aeabi_ldivmod
                0x10003730                divmod_u64u64
                0x10003730                div_u64u64
                0x10003730                __wrap___aeabi_uldivmod
                0x10003740                divmod_u64u64_savestate
                0x10003768                divmod_s64s64_unsafe
                0x100037f0                divmod_u64u64_unsafe
 .text.__wrap___aeabi_darithmetic
                0x10003b2c       0x80 CMakeFiles/CLOCK_STAT.dir/C_/Users/Christopher_Martin/Documents/Pico_SDK/pico-sdk/src/rp2_common/pico_double/double_aeabi.S.obj
                0x10003b2c                __wrap___aeabi_drsub
                0x10003b32                __wrap___aeabi_dsub
                0x10003b44                __wrap___aeabi_dadd
                0x10003b56                __wrap___aeabi_ddiv
                0x10003b92                __wrap___aeabi_dmul
 .text.__wrap___aeabi_cdcmple
                0x10003bac       0x6c CMakeFiles/CLOCK_STAT.dir/C_/Users/Christopher_Martin/Documents/Pico_SDK/pico-sdk/src/rp2_common/pico_double/double_aeabi.S.obj
                0x10003bac                __wrap___aeabi_cdrcmple
                0x10003bbc                __wrap___aeabi_cdcmpeq
                0x10003bbc                __wrap___aeabi_cdcmple
 .text.__wrap___aeabi_dcmplt
                0x10003c18        0xc CMakeFiles/CLOCK_STAT.dir/C_/Users/Christopher_Martin/Documents/Pico_SDK/pico-sdk/src/rp2_common/pico_double/double_aeabi.S.obj
                0x10003c18                __wrap___aeabi_dcmplt
 .text.__wrap___aeabi_dcmple
                0x10003c24       0x10 CMakeFiles/CLOCK_STAT.dir/C_/Users/Christopher_Martin/Documents/Pico_SDK/pico-sdk/src/rp2_common/pico_double/double_aeabi.S.obj
                0x10003c24                __wrap___aeabi_dcmple
 .text.__wrap___aeabi_dcmpge
                0x10003c34       0x10 CMakeFiles/CLOCK_STAT.dir/C_/Users/Christopher_Martin/Documents/Pico_SDK/pico-sdk/src/rp2_common/pico_double/double_aeabi.S.obj
                0x10003c34                __wrap___aeabi_dcmpge
 .text.__wrap___aeabi_dcmpgt
                0x10003c44        0xa CMakeFiles/CLOCK_STAT.dir/C_/Users/Christopher_Martin/Documents/Pico_SDK/pico-sdk/src/rp2_common/pico_double/double_aeabi.S.obj
                0x10003c44                __wrap___aeabi_dcmpgt
 .text.__wrap___aeabi_dcmpun
                0x10003c4e       0x1c CMakeFiles/CLOCK_STAT.dir/C_/Users/Christopher_Martin/Documents/Pico_SDK/pico-sdk/src/rp2_common/pico_double/double_aeabi.S.obj
                0x10003c4e                __wrap___aeabi_dcmpun
 *fill*         0x10003c6a        0x2 
 .text.__wrap___aeabi_i2d
                0x10003c6c       0x38 CMakeFiles/CLOCK_STAT.dir/C_/Users/Christopher_Martin/Documents/Pico_SDK/pico-sdk/src/rp2_common/pico_double/double_aeabi.S.obj
                0x10003c6c                __wrap___aeabi_ui2d
                0x10003c74                __wrap___aeabi_i2d
 .text.__wrap___aeabi_d2iz
                0x10003ca4       0x48 CMakeFiles/CLOCK_STAT.dir/C_/Users/Christopher_Martin/Documents/Pico_SDK/pico-sdk/src/rp2_common/pico_double/double_aeabi.S.obj
                0x10003ca4                double2int_z
                0x10003ca4                __wrap___aeabi_d2iz
 .text.__wrap___aeabi_d2uiz
                0x10003cec       0x18 CMakeFiles/CLOCK_STAT.dir/C_/Users/Christopher_Martin/Documents/Pico_SDK/pico-sdk/src/rp2_common/pico_double/double_aeabi.S.obj
                0x10003cec                __wrap___aeabi_d2uiz
                0x10003cec                double2uint
 .text.__aeabi_double_init
                0x10003d04       0x94 CMakeFiles/CLOCK_STAT.dir/C_/Users/Christopher_Martin/Documents/Pico_SDK/pico-sdk/src/rp2_common/pico_double/double_init_rom.c.obj
                0x10003d04                __aeabi_double_init
 .text.double_table_shim_on_use_helper
                0x10003d98       0x2c CMakeFiles/CLOCK_STAT.dir/C_/Users/Christopher_Martin/Documents/Pico_SDK/pico-sdk/src/rp2_common/pico_double/double_v1_rom_shim.S.obj
                0x10003d98                double_table_shim_on_use_helper
 .text.__wrap___aeabi_dsub
                0x10003dc4       0x10 CMakeFiles/CLOCK_STAT.dir/C_/Users/Christopher_Martin/Documents/Pico_SDK/pico-sdk/src/rp2_common/pico_double/double_v1_rom_shim.S.obj
                0x10003dc4                drsub_shim
                0x10003dca                dsub_shim
 .text.dadd_shim
                0x10003dd4      0x15c CMakeFiles/CLOCK_STAT.dir/C_/Users/Christopher_Martin/Documents/Pico_SDK/pico-sdk/src/rp2_common/pico_double/double_v1_rom_shim.S.obj
                0x10003dd4                dadd_shim
 .text.dmul_shim
                0x10003f30      0x15c CMakeFiles/CLOCK_STAT.dir/C_/Users/Christopher_Martin/Documents/Pico_SDK/pico-sdk/src/rp2_common/pico_double/double_v1_rom_shim.S.obj
                0x10003f30                dmul_shim
 .text.ddiv_shim
                0x1000408c      0x1b0 CMakeFiles/CLOCK_STAT.dir/C_/Users/Christopher_Martin/Documents/Pico_SDK/pico-sdk/src/rp2_common/pico_double/double_v1_rom_shim.S.obj
                0x1000408c                ddiv_shim
 .text.double2uint_shim
                0x1000423c        0xe CMakeFiles/CLOCK_STAT.dir/C_/Users/Christopher_Martin/Documents/Pico_SDK/pico-sdk/src/rp2_common/pico_double/double_v1_rom_shim.S.obj
                0x1000423c                double2uint_shim
                0x1000423e                double2ufix_shim
 *fill*         0x1000424a        0x2 
 .text.double2uint64_shim
                0x1000424c       0x70 CMakeFiles/CLOCK_STAT.dir/C_/Users/Christopher_Martin/Documents/Pico_SDK/pico-sdk/src/rp2_common/pico_double/double_v1_rom_shim.S.obj
                0x1000424c                double2uint64_shim
                0x1000424e                double2ufix64_shim
                0x1000426e                d2fix_a
 .text.dunpacks
                0x100042bc       0x3c CMakeFiles/CLOCK_STAT.dir/C_/Users/Christopher_Martin/Documents/Pico_SDK/pico-sdk/src/rp2_common/pico_double/double_v1_rom_shim.S.obj
                0x100042bc                dunpacks
 .text.__aeabi_lmul
                0x100042f8       0x32 CMakeFiles/CLOCK_STAT.dir/C_/Users/Christopher_Martin/Documents/Pico_SDK/pico-sdk/src/rp2_common/pico_int64_ops/pico_int64_ops_aeabi.S.obj
                0x100042f8                __wrap___aeabi_lmul
 *fill*         0x1000432a        0x2 
 .text.__aeabi_float_init
                0x1000432c       0x64 CMakeFiles/CLOCK_STAT.dir/C_/Users/Christopher_Martin/Documents/Pico_SDK/pico-sdk/src/rp2_common/pico_float/float_init_rom.c.obj
                0x1000432c                __aeabi_float_init
 .text.float_table_shim_on_use_helper
                0x10004390       0x2c CMakeFiles/CLOCK_STAT.dir/C_/Users/Christopher_Martin/Documents/Pico_SDK/pico-sdk/src/rp2_common/pico_float/float_v1_rom_shim.S.obj
                0x10004390                float_table_shim_on_use_helper
 .text          0x100043bc       0x10 CMakeFiles/CLOCK_STAT.dir/C_/Users/Christopher_Martin/Documents/Pico_SDK/pico-sdk/src/rp2_common/pico_mem_ops/mem_ops_aeabi.S.obj
                0x100043bc                __aeabi_mem_init
 .text.memset   0x100043cc        0xc CMakeFiles/CLOCK_STAT.dir/C_/Users/Christopher_Martin/Documents/Pico_SDK/pico-sdk/src/rp2_common/pico_mem_ops/mem_ops_aeabi.S.obj
                0x100043cc                __wrap_memset
 .text.memcpy   0x100043d8        0xc CMakeFiles/CLOCK_STAT.dir/C_/Users/Christopher_Martin/Documents/Pico_SDK/pico-sdk/src/rp2_common/pico_mem_ops/mem_ops_aeabi.S.obj
                0x100043d8                __wrap_memcpy
                0x100043d8                __wrap___aeabi_memcpy
 .text.stdio_out_chars_no_crlf
                0x100043e4       0x10 CMakeFiles/CLOCK_STAT.dir/C_/Users/Christopher_Martin/Documents/Pico_SDK/pico-sdk/src/rp2_common/pico_stdio/stdio.c.obj
 .text.stdio_out_chars_crlf
                0x100043f4       0xb4 CMakeFiles/CLOCK_STAT.dir/C_/Users/Christopher_Martin/Documents/Pico_SDK/pico-sdk/src/rp2_common/pico_stdio/stdio.c.obj
 .text.stdio_buffered_printer
                0x100044a8       0x64 CMakeFiles/CLOCK_STAT.dir/C_/Users/Christopher_Martin/Documents/Pico_SDK/pico-sdk/src/rp2_common/pico_stdio/stdio.c.obj
 .text.stdio_put_string.isra.0
                0x1000450c       0xfc CMakeFiles/CLOCK_STAT.dir/C_/Users/Christopher_Martin/Documents/Pico_SDK/pico-sdk/src/rp2_common/pico_stdio/stdio.c.obj
 .text.__wrap_putchar
                0x10004608       0xa0 CMakeFiles/CLOCK_STAT.dir/C_/Users/Christopher_Martin/Documents/Pico_SDK/pico-sdk/src/rp2_common/pico_stdio/stdio.c.obj
                0x10004608                __wrap_putchar
 .text.__wrap_puts
                0x100046a8       0x3c CMakeFiles/CLOCK_STAT.dir/C_/Users/Christopher_Martin/Documents/Pico_SDK/pico-sdk/src/rp2_common/pico_stdio/stdio.c.obj
                0x100046a8                __wrap_puts
 .text.stdio_set_driver_enabled
                0x100046e4       0x30 CMakeFiles/CLOCK_STAT.dir/C_/Users/Christopher_Martin/Documents/Pico_SDK/pico-sdk/src/rp2_common/pico_stdio/stdio.c.obj
                0x100046e4                stdio_set_driver_enabled
 .text.__wrap_vprintf
                0x10004714       0xd4 CMakeFiles/CLOCK_STAT.dir/C_/Users/Christopher_Martin/Documents/Pico_SDK/pico-sdk/src/rp2_common/pico_stdio/stdio.c.obj
                0x10004714                __wrap_vprintf
 .text.__wrap_printf
                0x100047e8       0x18 CMakeFiles/CLOCK_STAT.dir/C_/Users/Christopher_Martin/Documents/Pico_SDK/pico-sdk/src/rp2_common/pico_stdio/stdio.c.obj
                0x100047e8                __wrap_printf
 .text.stdio_init_all
                0x10004800        0xc CMakeFiles/CLOCK_STAT.dir/C_/Users/Christopher_Martin/Documents/Pico_SDK/pico-sdk/src/rp2_common/pico_stdio/stdio.c.obj
                0x10004800                stdio_init_all
 .text.stdio_uart_out_chars
                0x1000480c       0x4c CMakeFiles/CLOCK_STAT.dir/C_/Users/Christopher_Martin/Documents/Pico_SDK/pico-sdk/src/rp2_common/pico_stdio_uart/stdio_uart.c.obj
 .text.stdio_uart_in_chars
                0x10004858       0x38 CMakeFiles/CLOCK_STAT.dir/C_/Users/Christopher_Martin/Documents/Pico_SDK/pico-sdk/src/rp2_common/pico_stdio_uart/stdio_uart.c.obj
                0x10004858                stdio_uart_in_chars
 .text.stdio_uart_init
                0x10004890       0x48 CMakeFiles/CLOCK_STAT.dir/C_/Users/Christopher_Martin/Documents/Pico_SDK/pico-sdk/src/rp2_common/pico_stdio_uart/stdio_uart.c.obj
                0x10004890                stdio_uart_init
 .text.resetd_init
                0x100048d8        0x4 CMakeFiles/CLOCK_STAT.dir/C_/Users/Christopher_Martin/Documents/Pico_SDK/pico-sdk/src/rp2_common/pico_stdio_usb/reset_interface.c.obj
 .text.resetd_reset
                0x100048dc        0xc CMakeFiles/CLOCK_STAT.dir/C_/Users/Christopher_Martin/Documents/Pico_SDK/pico-sdk/src/rp2_common/pico_stdio_usb/reset_interface.c.obj
 .text.resetd_open
                0x100048e8       0x28 CMakeFiles/CLOCK_STAT.dir/C_/Users/Christopher_Martin/Documents/Pico_SDK/pico-sdk/src/rp2_common/pico_stdio_usb/reset_interface.c.obj
 .text.resetd_xfer_cb
                0x10004910        0x4 CMakeFiles/CLOCK_STAT.dir/C_/Users/Christopher_Martin/Documents/Pico_SDK/pico-sdk/src/rp2_common/pico_stdio_usb/reset_interface.c.obj
 .text.resetd_control_xfer_cb
                0x10004914       0x64 CMakeFiles/CLOCK_STAT.dir/C_/Users/Christopher_Martin/Documents/Pico_SDK/pico-sdk/src/rp2_common/pico_stdio_usb/reset_interface.c.obj
 .text.usbd_app_driver_get_cb
                0x10004978        0xc CMakeFiles/CLOCK_STAT.dir/C_/Users/Christopher_Martin/Documents/Pico_SDK/pico-sdk/src/rp2_common/pico_stdio_usb/reset_interface.c.obj
                0x10004978                usbd_app_driver_get_cb
 .text.tud_cdc_line_coding_cb
                0x10004984       0x34 CMakeFiles/CLOCK_STAT.dir/C_/Users/Christopher_Martin/Documents/Pico_SDK/pico-sdk/src/rp2_common/pico_stdio_usb/reset_interface.c.obj
                0x10004984                tud_cdc_line_coding_cb
 .text.stdio_usb_in_chars
                0x100049b8       0x68 CMakeFiles/CLOCK_STAT.dir/C_/Users/Christopher_Martin/Documents/Pico_SDK/pico-sdk/src/rp2_common/pico_stdio_usb/stdio_usb.c.obj
                0x100049b8                stdio_usb_in_chars
 .text.stdio_usb_out_chars
                0x10004a20       0xe8 CMakeFiles/CLOCK_STAT.dir/C_/Users/Christopher_Martin/Documents/Pico_SDK/pico-sdk/src/rp2_common/pico_stdio_usb/stdio_usb.c.obj
 .text.timer_task
                0x10004b08       0x18 CMakeFiles/CLOCK_STAT.dir/C_/Users/Christopher_Martin/Documents/Pico_SDK/pico-sdk/src/rp2_common/pico_stdio_usb/stdio_usb.c.obj
 .text.usb_irq  0x10004b20       0x10 CMakeFiles/CLOCK_STAT.dir/C_/Users/Christopher_Martin/Documents/Pico_SDK/pico-sdk/src/rp2_common/pico_stdio_usb/stdio_usb.c.obj
 .text.low_priority_worker_irq
                0x10004b30       0x24 CMakeFiles/CLOCK_STAT.dir/C_/Users/Christopher_Martin/Documents/Pico_SDK/pico-sdk/src/rp2_common/pico_stdio_usb/stdio_usb.c.obj
 .text.stdio_usb_init
                0x10004b54       0xb0 CMakeFiles/CLOCK_STAT.dir/C_/Users/Christopher_Martin/Documents/Pico_SDK/pico-sdk/src/rp2_common/pico_stdio_usb/stdio_usb.c.obj
                0x10004b54                stdio_usb_init
 .text.tud_descriptor_device_cb
                0x10004c04        0x8 CMakeFiles/CLOCK_STAT.dir/C_/Users/Christopher_Martin/Documents/Pico_SDK/pico-sdk/src/rp2_common/pico_stdio_usb/stdio_usb_descriptors.c.obj
                0x10004c04                tud_descriptor_device_cb
 .text.tud_descriptor_configuration_cb
                0x10004c0c        0x8 CMakeFiles/CLOCK_STAT.dir/C_/Users/Christopher_Martin/Documents/Pico_SDK/pico-sdk/src/rp2_common/pico_stdio_usb/stdio_usb_descriptors.c.obj
                0x10004c0c                tud_descriptor_configuration_cb
 .text.tud_descriptor_string_cb
                0x10004c14       0x74 CMakeFiles/CLOCK_STAT.dir/C_/Users/Christopher_Martin/Documents/Pico_SDK/pico-sdk/src/rp2_common/pico_stdio_usb/stdio_usb_descriptors.c.obj
                0x10004c14                tud_descriptor_string_cb
 .text.dcd_rp2040_irq
                0x10004c88      0x1cc CMakeFiles/CLOCK_STAT.dir/C_/Users/Christopher_Martin/Documents/Pico_SDK/pico-sdk/lib/tinyusb/src/portable/raspberrypi/rp2040/dcd_rp2040.c.obj
 .text.dcd_int_enable
                0x10004e54        0xc CMakeFiles/CLOCK_STAT.dir/C_/Users/Christopher_Martin/Documents/Pico_SDK/pico-sdk/lib/tinyusb/src/portable/raspberrypi/rp2040/dcd_rp2040.c.obj
                0x10004e54                dcd_int_enable
 .text.dcd_set_address
                0x10004e60       0x14 CMakeFiles/CLOCK_STAT.dir/C_/Users/Christopher_Martin/Documents/Pico_SDK/pico-sdk/lib/tinyusb/src/portable/raspberrypi/rp2040/dcd_rp2040.c.obj
                0x10004e60                dcd_set_address
 .text.dcd_connect
                0x10004e74       0x10 CMakeFiles/CLOCK_STAT.dir/C_/Users/Christopher_Martin/Documents/Pico_SDK/pico-sdk/lib/tinyusb/src/portable/raspberrypi/rp2040/dcd_rp2040.c.obj
                0x10004e74                dcd_connect
 .text.dcd_init
                0x10004e84       0xf0 CMakeFiles/CLOCK_STAT.dir/C_/Users/Christopher_Martin/Documents/Pico_SDK/pico-sdk/lib/tinyusb/src/portable/raspberrypi/rp2040/dcd_rp2040.c.obj
                0x10004e84                dcd_init
 .text.dcd_edpt0_status_complete
                0x10004f74       0x1c CMakeFiles/CLOCK_STAT.dir/C_/Users/Christopher_Martin/Documents/Pico_SDK/pico-sdk/lib/tinyusb/src/portable/raspberrypi/rp2040/dcd_rp2040.c.obj
                0x10004f74                dcd_edpt0_status_complete
 .text.dcd_edpt_open
                0x10004f90       0xf0 CMakeFiles/CLOCK_STAT.dir/C_/Users/Christopher_Martin/Documents/Pico_SDK/pico-sdk/lib/tinyusb/src/portable/raspberrypi/rp2040/dcd_rp2040.c.obj
                0x10004f90                dcd_edpt_open
 .text.dcd_edpt_close_all
                0x10005080       0x68 CMakeFiles/CLOCK_STAT.dir/C_/Users/Christopher_Martin/Documents/Pico_SDK/pico-sdk/lib/tinyusb/src/portable/raspberrypi/rp2040/dcd_rp2040.c.obj
                0x10005080                dcd_edpt_close_all
 .text.dcd_edpt_xfer
                0x100050e8       0x24 CMakeFiles/CLOCK_STAT.dir/C_/Users/Christopher_Martin/Documents/Pico_SDK/pico-sdk/lib/tinyusb/src/portable/raspberrypi/rp2040/dcd_rp2040.c.obj
                0x100050e8                dcd_edpt_xfer
 .text.dcd_edpt_stall
                0x1000510c       0x38 CMakeFiles/CLOCK_STAT.dir/C_/Users/Christopher_Martin/Documents/Pico_SDK/pico-sdk/lib/tinyusb/src/portable/raspberrypi/rp2040/dcd_rp2040.c.obj
                0x1000510c                dcd_edpt_stall
 .text.dcd_edpt_clear_stall
                0x10005144       0x30 CMakeFiles/CLOCK_STAT.dir/C_/Users/Christopher_Martin/Documents/Pico_SDK/pico-sdk/lib/tinyusb/src/portable/raspberrypi/rp2040/dcd_rp2040.c.obj
                0x10005144                dcd_edpt_clear_stall
 .text._hw_endpoint_buffer_control_update32.part.0.isra.0
                0x10005174       0x1c CMakeFiles/CLOCK_STAT.dir/C_/Users/Christopher_Martin/Documents/Pico_SDK/pico-sdk/lib/tinyusb/src/portable/raspberrypi/rp2040/rp2040_usb.c.obj
 .text.rp2040_usb_init
                0x10005190       0x4c CMakeFiles/CLOCK_STAT.dir/C_/Users/Christopher_Martin/Documents/Pico_SDK/pico-sdk/lib/tinyusb/src/portable/raspberrypi/rp2040/rp2040_usb.c.obj
                0x10005190                rp2040_usb_init
 .text.hw_endpoint_reset_transfer
                0x100051dc        0xc CMakeFiles/CLOCK_STAT.dir/C_/Users/Christopher_Martin/Documents/Pico_SDK/pico-sdk/lib/tinyusb/src/portable/raspberrypi/rp2040/rp2040_usb.c.obj
                0x100051dc                hw_endpoint_reset_transfer
 .text._hw_endpoint_buffer_control_update32
                0x100051e8       0x44 CMakeFiles/CLOCK_STAT.dir/C_/Users/Christopher_Martin/Documents/Pico_SDK/pico-sdk/lib/tinyusb/src/portable/raspberrypi/rp2040/rp2040_usb.c.obj
                0x100051e8                _hw_endpoint_buffer_control_update32
 .text.hw_endpoint_xfer_start
                0x1000522c      0x134 CMakeFiles/CLOCK_STAT.dir/C_/Users/Christopher_Martin/Documents/Pico_SDK/pico-sdk/lib/tinyusb/src/portable/raspberrypi/rp2040/rp2040_usb.c.obj
                0x1000522c                hw_endpoint_xfer_start
 .text.hw_endpoint_xfer_continue
                0x10005360      0x1dc CMakeFiles/CLOCK_STAT.dir/C_/Users/Christopher_Martin/Documents/Pico_SDK/pico-sdk/lib/tinyusb/src/portable/raspberrypi/rp2040/rp2040_usb.c.obj
                0x10005360                hw_endpoint_xfer_continue
 .text.tud_mounted
                0x1000553c       0x10 CMakeFiles/CLOCK_STAT.dir/C_/Users/Christopher_Martin/Documents/Pico_SDK/pico-sdk/lib/tinyusb/src/device/usbd.c.obj
                0x1000553c                tud_mounted
 .text.tud_suspended
                0x1000554c       0x10 CMakeFiles/CLOCK_STAT.dir/C_/Users/Christopher_Martin/Documents/Pico_SDK/pico-sdk/lib/tinyusb/src/device/usbd.c.obj
                0x1000554c                tud_suspended
 .text.tud_inited
                0x1000555c        0xc CMakeFiles/CLOCK_STAT.dir/C_/Users/Christopher_Martin/Documents/Pico_SDK/pico-sdk/lib/tinyusb/src/device/usbd.c.obj
                0x1000555c                tud_inited
 .text.tud_init
                0x10005568       0xd8 CMakeFiles/CLOCK_STAT.dir/C_/Users/Christopher_Martin/Documents/Pico_SDK/pico-sdk/lib/tinyusb/src/device/usbd.c.obj
                0x10005568                tud_init
 .text.tud_task
                0x10005640      0x93c CMakeFiles/CLOCK_STAT.dir/C_/Users/Christopher_Martin/Documents/Pico_SDK/pico-sdk/lib/tinyusb/src/device/usbd.c.obj
                0x10005640                tud_task
 .text.dcd_event_bus_signal
                0x10005f7c      0x120 CMakeFiles/CLOCK_STAT.dir/C_/Users/Christopher_Martin/Documents/Pico_SDK/pico-sdk/lib/tinyusb/src/device/usbd.c.obj
                0x10005f7c                dcd_event_bus_signal
 .text.dcd_event_bus_reset
                0x1000609c       0x54 CMakeFiles/CLOCK_STAT.dir/C_/Users/Christopher_Martin/Documents/Pico_SDK/pico-sdk/lib/tinyusb/src/device/usbd.c.obj
                0x1000609c                dcd_event_bus_reset
 .text.dcd_event_setup_received
                0x100060f0       0x50 CMakeFiles/CLOCK_STAT.dir/C_/Users/Christopher_Martin/Documents/Pico_SDK/pico-sdk/lib/tinyusb/src/device/usbd.c.obj
                0x100060f0                dcd_event_setup_received
 .text.dcd_event_xfer_complete
                0x10006140       0x68 CMakeFiles/CLOCK_STAT.dir/C_/Users/Christopher_Martin/Documents/Pico_SDK/pico-sdk/lib/tinyusb/src/device/usbd.c.obj
                0x10006140                dcd_event_xfer_complete
 .text.usbd_open_edpt_pair
                0x100061a8       0x80 CMakeFiles/CLOCK_STAT.dir/C_/Users/Christopher_Martin/Documents/Pico_SDK/pico-sdk/lib/tinyusb/src/device/usbd.c.obj
                0x100061a8                usbd_open_edpt_pair
 .text.usbd_edpt_open
                0x10006228       0x30 CMakeFiles/CLOCK_STAT.dir/C_/Users/Christopher_Martin/Documents/Pico_SDK/pico-sdk/lib/tinyusb/src/device/usbd.c.obj
                0x10006228                usbd_edpt_open
 .text.usbd_edpt_claim
                0x10006258       0x64 CMakeFiles/CLOCK_STAT.dir/C_/Users/Christopher_Martin/Documents/Pico_SDK/pico-sdk/lib/tinyusb/src/device/usbd.c.obj
                0x10006258                usbd_edpt_claim
 .text.usbd_edpt_release
                0x100062bc       0x4c CMakeFiles/CLOCK_STAT.dir/C_/Users/Christopher_Martin/Documents/Pico_SDK/pico-sdk/lib/tinyusb/src/device/usbd.c.obj
                0x100062bc                usbd_edpt_release
 .text.usbd_edpt_xfer
                0x10006308       0x48 CMakeFiles/CLOCK_STAT.dir/C_/Users/Christopher_Martin/Documents/Pico_SDK/pico-sdk/lib/tinyusb/src/device/usbd.c.obj
                0x10006308                usbd_edpt_xfer
 .text.tud_control_status
                0x10006350       0x2c CMakeFiles/CLOCK_STAT.dir/C_/Users/Christopher_Martin/Documents/Pico_SDK/pico-sdk/lib/tinyusb/src/device/usbd_control.c.obj
                0x10006350                tud_control_status
 .text.tud_control_xfer
                0x1000637c       0xac CMakeFiles/CLOCK_STAT.dir/C_/Users/Christopher_Martin/Documents/Pico_SDK/pico-sdk/lib/tinyusb/src/device/usbd_control.c.obj
                0x1000637c                tud_control_xfer
 .text.usbd_control_reset
                0x10006428       0x14 CMakeFiles/CLOCK_STAT.dir/C_/Users/Christopher_Martin/Documents/Pico_SDK/pico-sdk/lib/tinyusb/src/device/usbd_control.c.obj
                0x10006428                usbd_control_reset
 .text.usbd_control_set_complete_callback
                0x1000643c        0xc CMakeFiles/CLOCK_STAT.dir/C_/Users/Christopher_Martin/Documents/Pico_SDK/pico-sdk/lib/tinyusb/src/device/usbd_control.c.obj
                0x1000643c                usbd_control_set_complete_callback
 .text.usbd_control_set_request
                0x10006448       0x1c CMakeFiles/CLOCK_STAT.dir/C_/Users/Christopher_Martin/Documents/Pico_SDK/pico-sdk/lib/tinyusb/src/device/usbd_control.c.obj
                0x10006448                usbd_control_set_request
 .text.usbd_control_xfer_cb
                0x10006464       0xf4 CMakeFiles/CLOCK_STAT.dir/C_/Users/Christopher_Martin/Documents/Pico_SDK/pico-sdk/lib/tinyusb/src/device/usbd_control.c.obj
                0x10006464                usbd_control_xfer_cb
 .text.tud_cdc_n_connected
                0x10006558       0x30 CMakeFiles/CLOCK_STAT.dir/C_/Users/Christopher_Martin/Documents/Pico_SDK/pico-sdk/lib/tinyusb/src/class/cdc/cdc_device.c.obj
                0x10006558                tud_cdc_n_connected
 .text.tud_cdc_n_available
                0x10006588       0x18 CMakeFiles/CLOCK_STAT.dir/C_/Users/Christopher_Martin/Documents/Pico_SDK/pico-sdk/lib/tinyusb/src/class/cdc/cdc_device.c.obj
                0x10006588                tud_cdc_n_available
 .text.tud_cdc_n_read
                0x100065a0       0x70 CMakeFiles/CLOCK_STAT.dir/C_/Users/Christopher_Martin/Documents/Pico_SDK/pico-sdk/lib/tinyusb/src/class/cdc/cdc_device.c.obj
                0x100065a0                tud_cdc_n_read
 .text.tud_cdc_n_write_flush
                0x10006610       0x78 CMakeFiles/CLOCK_STAT.dir/C_/Users/Christopher_Martin/Documents/Pico_SDK/pico-sdk/lib/tinyusb/src/class/cdc/cdc_device.c.obj
                0x10006610                tud_cdc_n_write_flush
 .text.tud_cdc_n_write
                0x10006688       0x34 CMakeFiles/CLOCK_STAT.dir/C_/Users/Christopher_Martin/Documents/Pico_SDK/pico-sdk/lib/tinyusb/src/class/cdc/cdc_device.c.obj
                0x10006688                tud_cdc_n_write
 .text.tud_cdc_n_write_available
                0x100066bc       0x18 CMakeFiles/CLOCK_STAT.dir/C_/Users/Christopher_Martin/Documents/Pico_SDK/pico-sdk/lib/tinyusb/src/class/cdc/cdc_device.c.obj
                0x100066bc                tud_cdc_n_write_available
 .text.cdcd_init
                0x100066d4       0x7c CMakeFiles/CLOCK_STAT.dir/C_/Users/Christopher_Martin/Documents/Pico_SDK/pico-sdk/lib/tinyusb/src/class/cdc/cdc_device.c.obj
                0x100066d4                cdcd_init
 .text.cdcd_reset
                0x10006750       0x2c CMakeFiles/CLOCK_STAT.dir/C_/Users/Christopher_Martin/Documents/Pico_SDK/pico-sdk/lib/tinyusb/src/class/cdc/cdc_device.c.obj
                0x10006750                cdcd_reset
 .text.cdcd_open
                0x1000677c       0xe4 CMakeFiles/CLOCK_STAT.dir/C_/Users/Christopher_Martin/Documents/Pico_SDK/pico-sdk/lib/tinyusb/src/class/cdc/cdc_device.c.obj
                0x1000677c                cdcd_open
 .text.cdcd_control_xfer_cb
                0x10006860       0xe4 CMakeFiles/CLOCK_STAT.dir/C_/Users/Christopher_Martin/Documents/Pico_SDK/pico-sdk/lib/tinyusb/src/class/cdc/cdc_device.c.obj
                0x10006860                cdcd_control_xfer_cb
 .text.cdcd_xfer_cb
                0x10006944      0x148 CMakeFiles/CLOCK_STAT.dir/C_/Users/Christopher_Martin/Documents/Pico_SDK/pico-sdk/lib/tinyusb/src/class/cdc/cdc_device.c.obj
                0x10006944                cdcd_xfer_cb
 .text.tusb_init
                0x10006a8c        0xc CMakeFiles/CLOCK_STAT.dir/C_/Users/Christopher_Martin/Documents/Pico_SDK/pico-sdk/lib/tinyusb/src/tusb.c.obj
                0x10006a8c                tusb_init
 .text.tusb_inited
                0x10006a98        0x8 CMakeFiles/CLOCK_STAT.dir/C_/Users/Christopher_Martin/Documents/Pico_SDK/pico-sdk/lib/tinyusb/src/tusb.c.obj
                0x10006a98                tusb_inited
 .text.tu_edpt_validate
                0x10006aa0       0x78 CMakeFiles/CLOCK_STAT.dir/C_/Users/Christopher_Martin/Documents/Pico_SDK/pico-sdk/lib/tinyusb/src/tusb.c.obj
                0x10006aa0                tu_edpt_validate
 .text.tu_edpt_bind_driver
                0x10006b18       0x2c CMakeFiles/CLOCK_STAT.dir/C_/Users/Christopher_Martin/Documents/Pico_SDK/pico-sdk/lib/tinyusb/src/tusb.c.obj
                0x10006b18                tu_edpt_bind_driver
 .text.tu_fifo_config
                0x10006b44       0x78 CMakeFiles/CLOCK_STAT.dir/C_/Users/Christopher_Martin/Documents/Pico_SDK/pico-sdk/lib/tinyusb/src/common/tusb_fifo.c.obj
                0x10006b44                tu_fifo_config
 .text.tu_fifo_count
                0x10006bbc       0x20 CMakeFiles/CLOCK_STAT.dir/C_/Users/Christopher_Martin/Documents/Pico_SDK/pico-sdk/lib/tinyusb/src/common/tusb_fifo.c.obj
                0x10006bbc                tu_fifo_count
 .text.tu_fifo_empty
                0x10006bdc       0x10 CMakeFiles/CLOCK_STAT.dir/C_/Users/Christopher_Martin/Documents/Pico_SDK/pico-sdk/lib/tinyusb/src/common/tusb_fifo.c.obj
                0x10006bdc                tu_fifo_empty
 .text.tu_fifo_remaining
                0x10006bec       0x1c CMakeFiles/CLOCK_STAT.dir/C_/Users/Christopher_Martin/Documents/Pico_SDK/pico-sdk/lib/tinyusb/src/common/tusb_fifo.c.obj
                0x10006bec                tu_fifo_remaining
 .text.tu_fifo_read
                0x10006c08       0x9c CMakeFiles/CLOCK_STAT.dir/C_/Users/Christopher_Martin/Documents/Pico_SDK/pico-sdk/lib/tinyusb/src/common/tusb_fifo.c.obj
                0x10006c08                tu_fifo_read
 .text.tu_fifo_read_n
                0x10006ca4       0xfc CMakeFiles/CLOCK_STAT.dir/C_/Users/Christopher_Martin/Documents/Pico_SDK/pico-sdk/lib/tinyusb/src/common/tusb_fifo.c.obj
                0x10006ca4                tu_fifo_read_n
 .text.tu_fifo_write
                0x10006da0       0x7c CMakeFiles/CLOCK_STAT.dir/C_/Users/Christopher_Martin/Documents/Pico_SDK/pico-sdk/lib/tinyusb/src/common/tusb_fifo.c.obj
                0x10006da0                tu_fifo_write
 .text.tu_fifo_write_n
                0x10006e1c      0x100 CMakeFiles/CLOCK_STAT.dir/C_/Users/Christopher_Martin/Documents/Pico_SDK/pico-sdk/lib/tinyusb/src/common/tusb_fifo.c.obj
                0x10006e1c                tu_fifo_write_n
 .text.tu_fifo_clear
                0x10006f1c       0x4c CMakeFiles/CLOCK_STAT.dir/C_/Users/Christopher_Martin/Documents/Pico_SDK/pico-sdk/lib/tinyusb/src/common/tusb_fifo.c.obj
                0x10006f1c                tu_fifo_clear
 .text.tu_fifo_set_overwritable
                0x10006f68       0x3c CMakeFiles/CLOCK_STAT.dir/C_/Users/Christopher_Martin/Documents/Pico_SDK/pico-sdk/lib/tinyusb/src/common/tusb_fifo.c.obj
                0x10006f68                tu_fifo_set_overwritable
 .text.startup._retrieve_unique_id_on_boot
                0x10006fa4       0x10 CMakeFiles/CLOCK_STAT.dir/C_/Users/Christopher_Martin/Documents/Pico_SDK/pico-sdk/src/rp2_common/pico_unique_id/unique_id.c.obj
 .text.pico_get_unique_board_id_string
                0x10006fb4      0x1a8 CMakeFiles/CLOCK_STAT.dir/C_/Users/Christopher_Martin/Documents/Pico_SDK/pico-sdk/src/rp2_common/pico_unique_id/unique_id.c.obj
                0x10006fb4                pico_get_unique_board_id_string
 .text.flash_get_unique_id
                0x1000715c       0x40 CMakeFiles/CLOCK_STAT.dir/C_/Users/Christopher_Martin/Documents/Pico_SDK/pico-sdk/src/rp2_common/hardware_flash/flash.c.obj
                0x1000715c                flash_get_unique_id
 .text.strlen   0x1000719c       0x5c c:/progra~2/armgnu~1/1142da~1.3re/bin/../lib/gcc/arm-none-eabi/11.3.1/thumb/v6-m/nofp\libc.a(libc_a-strlen-stub.o)
                0x1000719c                strlen
 *(.fini)
 .fini          0x100071f8        0x4 c:/progra~2/armgnu~1/1142da~1.3re/bin/../lib/gcc/arm-none-eabi/11.3.1/thumb/v6-m/nofp/crti.o
                0x100071f8                _fini
 *fill*         0x100071fc        0x4 
 .fini.__stub   0x10007200       0x70 linker stubs
 *crtbegin.o(.ctors)
 *crtbegin?.o(.ctors)
 *(EXCLUDE_FILE(*crtend.o *crtend?.o) .ctors)
 *(SORT_BY_NAME(.ctors.*))
 *(.ctors)
 *crtbegin.o(.dtors)
 *crtbegin?.o(.dtors)
 *(EXCLUDE_FILE(*crtend.o *crtend?.o) .dtors)
 *(SORT_BY_NAME(.dtors.*))
 *(.dtors)
 *(.eh_frame*)
 .eh_frame      0x10007270        0x0 c:/progra~2/armgnu~1/1142da~1.3re/bin/../lib/gcc/arm-none-eabi/11.3.1/thumb/v6-m/nofp/crtbegin.o
                0x10007270                . = ALIGN (0x4)

.glue_7         0x10007270        0x0
 .glue_7        0x10007270        0x0 linker stubs

.glue_7t        0x10007270        0x0
 .glue_7t       0x10007270        0x0 linker stubs

.vfp11_veneer   0x10007270        0x0
 .vfp11_veneer  0x10007270        0x0 linker stubs

.v4_bx          0x10007270        0x0
 .v4_bx         0x10007270        0x0 linker stubs

.iplt           0x10007270        0x0
 .iplt          0x10007270        0x0 c:/progra~2/armgnu~1/1142da~1.3re/bin/../lib/gcc/arm-none-eabi/11.3.1/thumb/v6-m/nofp/crtbegin.o

.rodata         0x10007270      0x618
 *(EXCLUDE_FILE(*libm.a: *libc.a:*lib_a-mem*.o *libgcc.a:) .rodata*)
 .rodata.measure_freqs.str1.4
                0x10007270      0x104 CMakeFiles/CLOCK_STAT.dir/clock_stat.c.obj
 .rodata.spin_lock_claim_unused.str1.4
                0x10007374       0x1b CMakeFiles/CLOCK_STAT.dir/C_/Users/Christopher_Martin/Documents/Pico_SDK/pico-sdk/src/rp2_common/hardware_sync/sync.c.obj
 *fill*         0x1000738f        0x1 
 .rodata.user_irq_claim_unused.str1.4
                0x10007390       0x1b CMakeFiles/CLOCK_STAT.dir/C_/Users/Christopher_Martin/Documents/Pico_SDK/pico-sdk/src/rp2_common/hardware_irq/irq.c.obj
 *fill*         0x100073ab        0x1 
 .rodata.hardware_alarm_claim.str1.4
                0x100073ac       0x22 CMakeFiles/CLOCK_STAT.dir/C_/Users/Christopher_Martin/Documents/Pico_SDK/pico-sdk/src/rp2_common/hardware_timer/timer.c.obj
 *fill*         0x100073ce        0x2 
 .rodata.panic.str1.4
                0x100073d0       0x12 CMakeFiles/CLOCK_STAT.dir/C_/Users/Christopher_Martin/Documents/Pico_SDK/pico-sdk/src/rp2_common/pico_runtime/runtime.c.obj
 *fill*         0x100073e2        0x2 
 .rodata.hard_assertion_failure.str1.4
                0x100073e4        0xc CMakeFiles/CLOCK_STAT.dir/C_/Users/Christopher_Martin/Documents/Pico_SDK/pico-sdk/src/rp2_common/pico_runtime/runtime.c.obj
 .rodata._ftoa.str1.4
                0x100073f0       0x15 CMakeFiles/CLOCK_STAT.dir/C_/Users/Christopher_Martin/Documents/Pico_SDK/pico-sdk/src/rp2_common/pico_printf/printf.c.obj
 *fill*         0x10007405        0x3 
 .rodata._vsnprintf
                0x10007408      0x19c CMakeFiles/CLOCK_STAT.dir/C_/Users/Christopher_Martin/Documents/Pico_SDK/pico-sdk/src/rp2_common/pico_printf/printf.c.obj
 *fill*         0x100075a4        0x4 
 .rodata.pow10.0
                0x100075a8       0x50 CMakeFiles/CLOCK_STAT.dir/C_/Users/Christopher_Martin/Documents/Pico_SDK/pico-sdk/src/rp2_common/pico_printf/printf.c.obj
 .rodata.str1.4
                0x100075f8       0x40 CMakeFiles/CLOCK_STAT.dir/C_/Users/Christopher_Martin/Documents/Pico_SDK/pico-sdk/src/rp2_common/pico_standard_link/binary_info.c.obj
 .rodata.__bi_44
                0x10007638        0xc CMakeFiles/CLOCK_STAT.dir/C_/Users/Christopher_Martin/Documents/Pico_SDK/pico-sdk/src/rp2_common/pico_standard_link/binary_info.c.obj
 .rodata.__bi_75
                0x10007644        0xc CMakeFiles/CLOCK_STAT.dir/C_/Users/Christopher_Martin/Documents/Pico_SDK/pico-sdk/src/rp2_common/pico_standard_link/binary_info.c.obj
 .rodata.__bi_81
                0x10007650        0xc CMakeFiles/CLOCK_STAT.dir/C_/Users/Christopher_Martin/Documents/Pico_SDK/pico-sdk/src/rp2_common/pico_standard_link/binary_info.c.obj
 .rodata.crlf_str.0
                0x1000765c        0x2 CMakeFiles/CLOCK_STAT.dir/C_/Users/Christopher_Martin/Documents/Pico_SDK/pico-sdk/src/rp2_common/pico_stdio/stdio.c.obj
 *fill*         0x1000765e        0x2 
 .rodata.str1.4
                0x10007660       0x2c CMakeFiles/CLOCK_STAT.dir/C_/Users/Christopher_Martin/Documents/Pico_SDK/pico-sdk/src/rp2_common/pico_stdio_uart/stdio_uart.c.obj
 .rodata.__bi_28.4
                0x1000768c        0xc CMakeFiles/CLOCK_STAT.dir/C_/Users/Christopher_Martin/Documents/Pico_SDK/pico-sdk/src/rp2_common/pico_stdio_uart/stdio_uart.c.obj
 .rodata.__bi_29.5
                0x10007698        0x8 CMakeFiles/CLOCK_STAT.dir/C_/Users/Christopher_Martin/Documents/Pico_SDK/pico-sdk/src/rp2_common/pico_stdio_uart/stdio_uart.c.obj
 .rodata._resetd_driver
                0x100076a0       0x18 CMakeFiles/CLOCK_STAT.dir/C_/Users/Christopher_Martin/Documents/Pico_SDK/pico-sdk/src/rp2_common/pico_stdio_usb/reset_interface.c.obj
 .rodata.str1.4
                0x100076b8       0x13 CMakeFiles/CLOCK_STAT.dir/C_/Users/Christopher_Martin/Documents/Pico_SDK/pico-sdk/src/rp2_common/pico_stdio_usb/stdio_usb.c.obj
 *fill*         0x100076cb        0x1 
 .rodata.__bi_118.0
                0x100076cc        0xc CMakeFiles/CLOCK_STAT.dir/C_/Users/Christopher_Martin/Documents/Pico_SDK/pico-sdk/src/rp2_common/pico_stdio_usb/stdio_usb.c.obj
 .rodata.str1.4
                0x100076d8       0x2a CMakeFiles/CLOCK_STAT.dir/C_/Users/Christopher_Martin/Documents/Pico_SDK/pico-sdk/src/rp2_common/pico_stdio_usb/stdio_usb_descriptors.c.obj
 *fill*         0x10007702        0x2 
 .rodata.usbd_desc_cfg
                0x10007704       0x54 CMakeFiles/CLOCK_STAT.dir/C_/Users/Christopher_Martin/Documents/Pico_SDK/pico-sdk/src/rp2_common/pico_stdio_usb/stdio_usb_descriptors.c.obj
 .rodata.usbd_desc_device
                0x10007758       0x12 CMakeFiles/CLOCK_STAT.dir/C_/Users/Christopher_Martin/Documents/Pico_SDK/pico-sdk/src/rp2_common/pico_stdio_usb/stdio_usb_descriptors.c.obj
 *fill*         0x1000776a        0x2 
 .rodata.usbd_desc_str
                0x1000776c       0x18 CMakeFiles/CLOCK_STAT.dir/C_/Users/Christopher_Martin/Documents/Pico_SDK/pico-sdk/src/rp2_common/pico_stdio_usb/stdio_usb_descriptors.c.obj
 .rodata.dcd_rp2040_irq.str1.4
                0x10007784       0x14 CMakeFiles/CLOCK_STAT.dir/C_/Users/Christopher_Martin/Documents/Pico_SDK/pico-sdk/lib/tinyusb/src/portable/raspberrypi/rp2040/dcd_rp2040.c.obj
 .rodata._hw_endpoint_buffer_control_update32.part.0.isra.0.str1.4
                0x10007798       0x1f CMakeFiles/CLOCK_STAT.dir/C_/Users/Christopher_Martin/Documents/Pico_SDK/pico-sdk/lib/tinyusb/src/portable/raspberrypi/rp2040/rp2040_usb.c.obj
 *fill*         0x100077b7        0x1 
 .rodata.hw_endpoint_xfer_continue.str1.4
                0x100077b8       0x29 CMakeFiles/CLOCK_STAT.dir/C_/Users/Christopher_Martin/Documents/Pico_SDK/pico-sdk/lib/tinyusb/src/portable/raspberrypi/rp2040/rp2040_usb.c.obj
 .rodata.str1.4
                0x100077e1       0x29 CMakeFiles/CLOCK_STAT.dir/C_/Users/Christopher_Martin/Documents/Pico_SDK/pico-sdk/lib/tinyusb/src/portable/raspberrypi/rp2040/rp2040_usb.c.obj
                                  0x7 (size before relaxing)
 *fill*         0x100077e1        0x3 
 .rodata.tud_task
                0x100077e4       0x8c CMakeFiles/CLOCK_STAT.dir/C_/Users/Christopher_Martin/Documents/Pico_SDK/pico-sdk/lib/tinyusb/src/device/usbd.c.obj
 .rodata._usbd_driver
                0x10007870       0x18 CMakeFiles/CLOCK_STAT.dir/C_/Users/Christopher_Martin/Documents/Pico_SDK/pico-sdk/lib/tinyusb/src/device/usbd.c.obj
                0x10007888                . = ALIGN (0x4)
 *(SORT_BY_ALIGNMENT(SORT_BY_NAME(.flashdata*)))
                0x10007888                . = ALIGN (0x4)

.rel.dyn        0x10007888        0x0
 .rel.iplt      0x10007888        0x0 c:/progra~2/armgnu~1/1142da~1.3re/bin/../lib/gcc/arm-none-eabi/11.3.1/thumb/v6-m/nofp/crtbegin.o

.ARM.extab
 *(.ARM.extab* .gnu.linkonce.armextab.*)
                0x10007888                __exidx_start = .

.ARM.exidx
 *(.ARM.exidx* .gnu.linkonce.armexidx.*)
                0x10007888                __exidx_end = .
                0x10007888                . = ALIGN (0x4)
                0x10007888                __binary_info_start = .

.binary_info    0x10007888       0x28
 *(.binary_info.keep.*)
 .binary_info.keep.__bi_ptr22
                0x10007888        0x4 CMakeFiles/CLOCK_STAT.dir/C_/Users/Christopher_Martin/Documents/Pico_SDK/pico-sdk/src/rp2_common/pico_standard_link/binary_info.c.obj
 .binary_info.keep.__bi_ptr30
                0x1000788c        0x4 CMakeFiles/CLOCK_STAT.dir/C_/Users/Christopher_Martin/Documents/Pico_SDK/pico-sdk/src/rp2_common/pico_standard_link/binary_info.c.obj
 .binary_info.keep.__bi_ptr38
                0x10007890        0x4 CMakeFiles/CLOCK_STAT.dir/C_/Users/Christopher_Martin/Documents/Pico_SDK/pico-sdk/src/rp2_common/pico_standard_link/binary_info.c.obj
 .binary_info.keep.__bi_ptr44
                0x10007894        0x4 CMakeFiles/CLOCK_STAT.dir/C_/Users/Christopher_Martin/Documents/Pico_SDK/pico-sdk/src/rp2_common/pico_standard_link/binary_info.c.obj
 .binary_info.keep.__bi_ptr50
                0x10007898        0x4 CMakeFiles/CLOCK_STAT.dir/C_/Users/Christopher_Martin/Documents/Pico_SDK/pico-sdk/src/rp2_common/pico_standard_link/binary_info.c.obj
 .binary_info.keep.__bi_ptr75
                0x1000789c        0x4 CMakeFiles/CLOCK_STAT.dir/C_/Users/Christopher_Martin/Documents/Pico_SDK/pico-sdk/src/rp2_common/pico_standard_link/binary_info.c.obj
 .binary_info.keep.__bi_ptr81
                0x100078a0        0x4 CMakeFiles/CLOCK_STAT.dir/C_/Users/Christopher_Martin/Documents/Pico_SDK/pico-sdk/src/rp2_common/pico_standard_link/binary_info.c.obj
 *(.binary_info.*)
 .binary_info.__bi_ptr28
                0x100078a4        0x4 CMakeFiles/CLOCK_STAT.dir/C_/Users/Christopher_Martin/Documents/Pico_SDK/pico-sdk/src/rp2_common/pico_stdio_uart/stdio_uart.c.obj
 .binary_info.__bi_ptr29
                0x100078a8        0x4 CMakeFiles/CLOCK_STAT.dir/C_/Users/Christopher_Martin/Documents/Pico_SDK/pico-sdk/src/rp2_common/pico_stdio_uart/stdio_uart.c.obj
 .binary_info.__bi_ptr118
                0x100078ac        0x4 CMakeFiles/CLOCK_STAT.dir/C_/Users/Christopher_Martin/Documents/Pico_SDK/pico-sdk/src/rp2_common/pico_stdio_usb/stdio_usb.c.obj
                0x100078b0                __binary_info_end = .
                0x100078b0                . = ALIGN (0x4)
                0x100078b0                __etext = .

.ram_vector_table
                0x20000000       0xc0
 *(.ram_vector_table)
 .ram_vector_table
                0x20000000       0xc0 CMakeFiles/CLOCK_STAT.dir/C_/Users/Christopher_Martin/Documents/Pico_SDK/pico-sdk/src/rp2_common/pico_runtime/runtime.c.obj
                0x20000000                ram_vector_table

.data           0x200000c0      0x3d4 load address 0x100078b0
                0x200000c0                __data_start__ = .
 *(vtable)
 *(.time_critical*)
 .time_critical.mutex_enter_blocking
                0x200000c0       0x48 CMakeFiles/CLOCK_STAT.dir/C_/Users/Christopher_Martin/Documents/Pico_SDK/pico-sdk/src/common/pico_sync/mutex.c.obj
                0x200000c0                mutex_enter_blocking
 .time_critical.mutex_try_enter
                0x20000108       0x44 CMakeFiles/CLOCK_STAT.dir/C_/Users/Christopher_Martin/Documents/Pico_SDK/pico-sdk/src/common/pico_sync/mutex.c.obj
                0x20000108                mutex_try_enter
 .time_critical.mutex_enter_timeout_ms
                0x2000014c       0xa0 CMakeFiles/CLOCK_STAT.dir/C_/Users/Christopher_Martin/Documents/Pico_SDK/pico-sdk/src/common/pico_sync/mutex.c.obj
                0x2000014c                mutex_enter_timeout_ms
 .time_critical.mutex_exit
                0x200001ec       0x28 CMakeFiles/CLOCK_STAT.dir/C_/Users/Christopher_Martin/Documents/Pico_SDK/pico-sdk/src/common/pico_sync/mutex.c.obj
                0x200001ec                mutex_exit
 .time_critical.flash_init_boot2_copyout
                0x20000214       0x30 CMakeFiles/CLOCK_STAT.dir/C_/Users/Christopher_Martin/Documents/Pico_SDK/pico-sdk/src/rp2_common/hardware_flash/flash.c.obj
 .time_critical.flash_enable_xip_via_boot2
                0x20000244       0x10 CMakeFiles/CLOCK_STAT.dir/C_/Users/Christopher_Martin/Documents/Pico_SDK/pico-sdk/src/rp2_common/hardware_flash/flash.c.obj
 .time_critical.flash_cs_force
                0x20000254       0x38 CMakeFiles/CLOCK_STAT.dir/C_/Users/Christopher_Martin/Documents/Pico_SDK/pico-sdk/src/rp2_common/hardware_flash/flash.c.obj
 .time_critical.flash_do_cmd
                0x2000028c       0xc4 CMakeFiles/CLOCK_STAT.dir/C_/Users/Christopher_Martin/Documents/Pico_SDK/pico-sdk/src/rp2_common/hardware_flash/flash.c.obj
                0x2000028c                flash_do_cmd
 *(.text*)
 .text          0x20000350        0x4 c:/progra~2/armgnu~1/1142da~1.3re/bin/../lib/gcc/arm-none-eabi/11.3.1/thumb/v6-m/nofp\libgcc.a(_dvmd_tls.o)
                0x20000350                __aeabi_idiv0
                0x20000350                __aeabi_ldiv0
 *fill*         0x20000354        0x4 
 .text.__stub   0x20000358       0x30 linker stubs
                0x20000388                . = ALIGN (0x4)
 *(.rodata*)
                0x20000388                . = ALIGN (0x4)
 *(.data*)
 .data.striped_spin_lock_num
                0x20000388        0x1 CMakeFiles/CLOCK_STAT.dir/C_/Users/Christopher_Martin/Documents/Pico_SDK/pico-sdk/src/rp2_common/hardware_sync/sync.c.obj
 *fill*         0x20000389        0x3 
 .data          0x2000038c       0x48 CMakeFiles/CLOCK_STAT.dir/C_/Users/Christopher_Martin/Documents/Pico_SDK/pico-sdk/src/rp2_common/hardware_irq/irq_handler_chain.S.obj
                0x2000038c                irq_handler_chain_slots
                0x200003bc                irq_handler_chain_first_slot
                0x200003c6                irq_handler_chain_remove_tail
 .data.default_alarm_pool
                0x200003d4       0x18 CMakeFiles/CLOCK_STAT.dir/C_/Users/Christopher_Martin/Documents/Pico_SDK/pico-sdk/src/common/pico_time/time.c.obj
 .data.default_alarm_pool_heap
                0x200003ec       0x10 CMakeFiles/CLOCK_STAT.dir/C_/Users/Christopher_Martin/Documents/Pico_SDK/pico-sdk/src/common/pico_time/time.c.obj
 *fill*         0x200003fc        0x4 
 .data.aeabi_bits_funcs
                0x20000400       0x10 CMakeFiles/CLOCK_STAT.dir/C_/Users/Christopher_Martin/Documents/Pico_SDK/pico-sdk/src/rp2_common/pico_bit_ops/bit_ops_aeabi.S.obj
                0x20000400                aeabi_bits_funcs
                0x20000410                aeabi_bits_funcs_end
 .data.aeabi_mem_funcs
                0x20000410       0x10 CMakeFiles/CLOCK_STAT.dir/C_/Users/Christopher_Martin/Documents/Pico_SDK/pico-sdk/src/rp2_common/pico_mem_ops/mem_ops_aeabi.S.obj
                0x20000410                aeabi_mem_funcs
                0x20000420                aeabi_mem_funcs_end
 .data.stdio_uart
                0x20000420       0x14 CMakeFiles/CLOCK_STAT.dir/C_/Users/Christopher_Martin/Documents/Pico_SDK/pico-sdk/src/rp2_common/pico_stdio_uart/stdio_uart.c.obj
                0x20000420                stdio_uart
 .data.stdio_usb
                0x20000434       0x14 CMakeFiles/CLOCK_STAT.dir/C_/Users/Christopher_Martin/Documents/Pico_SDK/pico-sdk/src/rp2_common/pico_stdio_usb/stdio_usb.c.obj
                0x20000434                stdio_usb
 .data.ep_dir_string
                0x20000448        0x8 CMakeFiles/CLOCK_STAT.dir/C_/Users/Christopher_Martin/Documents/Pico_SDK/pico-sdk/lib/tinyusb/src/portable/raspberrypi/rp2040/rp2040_usb.c.obj
                0x20000448                ep_dir_string
 .data._usbd_qdef
                0x20000450       0x24 CMakeFiles/CLOCK_STAT.dir/C_/Users/Christopher_Martin/Documents/Pico_SDK/pico-sdk/lib/tinyusb/src/device/usbd.c.obj
                0x20000450                _usbd_qdef
                0x20000474                . = ALIGN (0x4)
 *(.after_data.*)
                0x20000474                . = ALIGN (0x4)
                0x20000474                PROVIDE (__mutex_array_start = .)
 *(SORT_BY_NAME(.mutex_array.*))
 *(.mutex_array)
 .mutex_array   0x20000474        0x8 CMakeFiles/CLOCK_STAT.dir/C_/Users/Christopher_Martin/Documents/Pico_SDK/pico-sdk/src/rp2_common/pico_stdio/stdio.c.obj
                0x2000047c                PROVIDE (__mutex_array_end = .)
                0x2000047c                . = ALIGN (0x4)
                0x2000047c                PROVIDE (__preinit_array_start = .)
 *(SORT_BY_NAME(.preinit_array.*))
 .preinit_array.00001
                0x2000047c        0x4 CMakeFiles/CLOCK_STAT.dir/C_/Users/Christopher_Martin/Documents/Pico_SDK/pico-sdk/src/rp2_common/pico_mem_ops/mem_ops_aeabi.S.obj
 .preinit_array.00010
                0x20000480        0x4 CMakeFiles/CLOCK_STAT.dir/C_/Users/Christopher_Martin/Documents/Pico_SDK/pico-sdk/src/rp2_common/pico_bit_ops/bit_ops_aeabi.S.obj
 .preinit_array.00020
                0x20000484        0x4 CMakeFiles/CLOCK_STAT.dir/C_/Users/Christopher_Martin/Documents/Pico_SDK/pico-sdk/src/rp2_common/pico_double/double_aeabi.S.obj
 .preinit_array.00020
                0x20000488        0x4 CMakeFiles/CLOCK_STAT.dir/C_/Users/Christopher_Martin/Documents/Pico_SDK/pico-sdk/src/rp2_common/pico_float/float_aeabi.S.obj
 *(.preinit_array)
                0x2000048c                PROVIDE (__preinit_array_end = .)
                0x2000048c                . = ALIGN (0x4)
                0x2000048c                PROVIDE (__init_array_start = .)
 *(SORT_BY_NAME(.init_array.*))
 *(.init_array)
 .init_array    0x2000048c        0x4 c:/progra~2/armgnu~1/1142da~1.3re/bin/../lib/gcc/arm-none-eabi/11.3.1/thumb/v6-m/nofp/crtbegin.o
 .init_array    0x20000490        0x4 CMakeFiles/CLOCK_STAT.dir/C_/Users/Christopher_Martin/Documents/Pico_SDK/pico-sdk/src/rp2_common/pico_unique_id/unique_id.c.obj
                0x20000494                PROVIDE (__init_array_end = .)
                0x20000494                . = ALIGN (0x4)
                [!provide]                PROVIDE (__fini_array_start = .)
 *(SORT_BY_NAME(.fini_array.*))
 *(.fini_array)
                [!provide]                PROVIDE (__fini_array_end = .)
 *(.jcr)
                0x20000494                . = ALIGN (0x4)
                0x20000494                __data_end__ = .

.tm_clone_table
                0x20000494        0x0 load address 0x10007c84
 .tm_clone_table
                0x20000494        0x0 c:/progra~2/armgnu~1/1142da~1.3re/bin/../lib/gcc/arm-none-eabi/11.3.1/thumb/v6-m/nofp/crtbegin.o
 .tm_clone_table
                0x20000494        0x0 c:/progra~2/armgnu~1/1142da~1.3re/bin/../lib/gcc/arm-none-eabi/11.3.1/thumb/v6-m/nofp/crtend.o

.igot.plt       0x20000494        0x0 load address 0x10007c84
 .igot.plt      0x20000494        0x0 c:/progra~2/armgnu~1/1142da~1.3re/bin/../lib/gcc/arm-none-eabi/11.3.1/thumb/v6-m/nofp/crtbegin.o

.uninitialized_data
                0x20000494        0x0 load address 0x10007c84
                0x20000494                . = ALIGN (0x4)
 *(.uninitialized_data*)

.scratch_x      0x20040000        0x0 load address 0x10007c84
                0x20040000                __scratch_x_start__ = .
 *(.scratch_x.*)
                0x20040000                . = ALIGN (0x4)
                0x20040000                __scratch_x_end__ = .
                0x10007c84                __scratch_x_source__ = LOADADDR (.scratch_x)

.scratch_y      0x20041000        0x0 load address 0x10007c84
                0x20041000                __scratch_y_start__ = .
 *(.scratch_y.*)
                0x20041000                . = ALIGN (0x4)
                0x20041000                __scratch_y_end__ = .
                0x10007c84                __scratch_y_source__ = LOADADDR (.scratch_y)

.bss            0x20000498      0xd8c
                0x20000498                . = ALIGN (0x4)
                0x20000498                __bss_start__ = .
 *(SORT_BY_ALIGNMENT(SORT_BY_NAME(.bss*)))
 .bss.default_alarm_pool_entries
                0x20000498      0x100 CMakeFiles/CLOCK_STAT.dir/C_/Users/Christopher_Martin/Documents/Pico_SDK/pico-sdk/src/common/pico_time/time.c.obj
 .bss.last_avail_time.1
                0x20000598        0x8 CMakeFiles/CLOCK_STAT.dir/C_/Users/Christopher_Martin/Documents/Pico_SDK/pico-sdk/src/rp2_common/pico_stdio_usb/stdio_usb.c.obj
 .bss.sd_table  0x200005a0      0x100 CMakeFiles/CLOCK_STAT.dir/C_/Users/Christopher_Martin/Documents/Pico_SDK/pico-sdk/src/rp2_common/pico_double/double_init_rom.c.obj
                0x200005a0                sd_table
 .bss.sf_table  0x200006a0      0x100 CMakeFiles/CLOCK_STAT.dir/C_/Users/Christopher_Martin/Documents/Pico_SDK/pico-sdk/src/rp2_common/pico_float/float_init_rom.c.obj
                0x200006a0                sf_table
 .bss._app_driver
                0x200007a0        0x4 CMakeFiles/CLOCK_STAT.dir/C_/Users/Christopher_Martin/Documents/Pico_SDK/pico-sdk/lib/tinyusb/src/device/usbd.c.obj
 .bss._cdcd_itf
                0x200007a4      0x2d8 CMakeFiles/CLOCK_STAT.dir/C_/Users/Christopher_Martin/Documents/Pico_SDK/pico-sdk/lib/tinyusb/src/class/cdc/cdc_device.c.obj
 .bss._ctrl_xfer
                0x20000a7c       0x14 CMakeFiles/CLOCK_STAT.dir/C_/Users/Christopher_Martin/Documents/Pico_SDK/pico-sdk/lib/tinyusb/src/device/usbd_control.c.obj
 .bss._ubsd_mutexdef
                0x20000a90        0x8 CMakeFiles/CLOCK_STAT.dir/C_/Users/Christopher_Martin/Documents/Pico_SDK/pico-sdk/lib/tinyusb/src/device/usbd.c.obj
 .bss._usbd_ctrl_buf
                0x20000a98       0x40 CMakeFiles/CLOCK_STAT.dir/C_/Users/Christopher_Martin/Documents/Pico_SDK/pico-sdk/lib/tinyusb/src/device/usbd_control.c.obj
 .bss._usbd_dev
                0x20000ad8       0x53 CMakeFiles/CLOCK_STAT.dir/C_/Users/Christopher_Martin/Documents/Pico_SDK/pico-sdk/lib/tinyusb/src/device/usbd.c.obj
 *fill*         0x20000b2b        0x1 
 .bss._usbd_mutex
                0x20000b2c        0x4 CMakeFiles/CLOCK_STAT.dir/C_/Users/Christopher_Martin/Documents/Pico_SDK/pico-sdk/lib/tinyusb/src/device/usbd.c.obj
 .bss._usbd_q   0x20000b30        0x4 CMakeFiles/CLOCK_STAT.dir/C_/Users/Christopher_Martin/Documents/Pico_SDK/pico-sdk/lib/tinyusb/src/device/usbd.c.obj
 .bss._usbd_qdef_buf
                0x20000b34       0xc0 CMakeFiles/CLOCK_STAT.dir/C_/Users/Christopher_Martin/Documents/Pico_SDK/pico-sdk/lib/tinyusb/src/device/usbd.c.obj
                0x20000b34                _usbd_qdef_buf
 .bss.alarm_callbacks
                0x20000bf4       0x10 CMakeFiles/CLOCK_STAT.dir/C_/Users/Christopher_Martin/Documents/Pico_SDK/pico-sdk/src/rp2_common/hardware_timer/timer.c.obj
 .bss.boot2_copyout
                0x20000c04      0x100 CMakeFiles/CLOCK_STAT.dir/C_/Users/Christopher_Martin/Documents/Pico_SDK/pico-sdk/src/rp2_common/hardware_flash/flash.c.obj
 .bss.claimed   0x20000d04        0x4 CMakeFiles/CLOCK_STAT.dir/C_/Users/Christopher_Martin/Documents/Pico_SDK/pico-sdk/src/rp2_common/hardware_sync/sync.c.obj
 .bss.configured_freq
                0x20000d08       0x28 CMakeFiles/CLOCK_STAT.dir/C_/Users/Christopher_Martin/Documents/Pico_SDK/pico-sdk/src/rp2_common/hardware_clocks/clocks.c.obj
 .bss.default_alarm_pool_entry_ids_high
                0x20000d30       0x10 CMakeFiles/CLOCK_STAT.dir/C_/Users/Christopher_Martin/Documents/Pico_SDK/pico-sdk/src/common/pico_time/time.c.obj
 .bss.default_alarm_pool_heap_nodes
                0x20000d40       0x30 CMakeFiles/CLOCK_STAT.dir/C_/Users/Christopher_Martin/Documents/Pico_SDK/pico-sdk/src/common/pico_time/time.c.obj
 .bss.desc_str.0
                0x20000d70       0x28 CMakeFiles/CLOCK_STAT.dir/C_/Users/Christopher_Martin/Documents/Pico_SDK/pico-sdk/src/rp2_common/pico_stdio_usb/stdio_usb_descriptors.c.obj
 .bss.drivers   0x20000d98        0x4 CMakeFiles/CLOCK_STAT.dir/C_/Users/Christopher_Martin/Documents/Pico_SDK/pico-sdk/src/rp2_common/pico_stdio/stdio.c.obj
 .bss.filter    0x20000d9c        0x4 CMakeFiles/CLOCK_STAT.dir/C_/Users/Christopher_Martin/Documents/Pico_SDK/pico-sdk/src/rp2_common/pico_stdio/stdio.c.obj
 .bss.hw_endpoints
                0x20000da0      0x400 CMakeFiles/CLOCK_STAT.dir/C_/Users/Christopher_Martin/Documents/Pico_SDK/pico-sdk/lib/tinyusb/src/portable/raspberrypi/rp2040/dcd_rp2040.c.obj
 .bss.lazy_vsnprintf
                0x200011a0        0x4 CMakeFiles/CLOCK_STAT.dir/C_/Users/Christopher_Martin/Documents/Pico_SDK/pico-sdk/src/rp2_common/pico_printf/printf.c.obj
 .bss.load_value
                0x200011a4        0x4 CMakeFiles/CLOCK_STAT.dir/C_/Users/Christopher_Martin/Documents/Pico_SDK/pico-sdk/src/rp2_common/hardware_watchdog/watchdog.c.obj
 .bss.next_buffer_ptr
                0x200011a8        0x4 CMakeFiles/CLOCK_STAT.dir/C_/Users/Christopher_Martin/Documents/Pico_SDK/pico-sdk/lib/tinyusb/src/portable/raspberrypi/rp2040/dcd_rp2040.c.obj
 .bss.object.0  0x200011ac       0x18 c:/progra~2/armgnu~1/1142da~1.3re/bin/../lib/gcc/arm-none-eabi/11.3.1/thumb/v6-m/nofp/crtbegin.o
 .bss.pools     0x200011c4       0x10 CMakeFiles/CLOCK_STAT.dir/C_/Users/Christopher_Martin/Documents/Pico_SDK/pico-sdk/src/common/pico_time/time.c.obj
 .bss.retrieved_id
                0x200011d4        0x8 CMakeFiles/CLOCK_STAT.dir/C_/Users/Christopher_Martin/Documents/Pico_SDK/pico-sdk/src/rp2_common/pico_unique_id/unique_id.c.obj
 .bss.sf_clz_func
                0x200011dc        0x4 CMakeFiles/CLOCK_STAT.dir/C_/Users/Christopher_Martin/Documents/Pico_SDK/pico-sdk/src/rp2_common/pico_double/double_init_rom.c.obj
                0x200011dc                sf_clz_func
 .bss.sleep_notifier
                0x200011e0        0x4 CMakeFiles/CLOCK_STAT.dir/C_/Users/Christopher_Martin/Documents/Pico_SDK/pico-sdk/src/common/pico_time/time.c.obj
 .bss.stdio_usb_mutex
                0x200011e4        0x8 CMakeFiles/CLOCK_STAT.dir/C_/Users/Christopher_Martin/Documents/Pico_SDK/pico-sdk/src/rp2_common/pico_stdio_usb/stdio_usb.c.obj
 .bss.target_hi
                0x200011ec       0x10 CMakeFiles/CLOCK_STAT.dir/C_/Users/Christopher_Martin/Documents/Pico_SDK/pico-sdk/src/rp2_common/hardware_timer/timer.c.obj
 .bss.uart_char_to_line_feed
                0x200011fc        0x4 CMakeFiles/CLOCK_STAT.dir/C_/Users/Christopher_Martin/Documents/Pico_SDK/pico-sdk/src/rp2_common/hardware_uart/uart.c.obj
                0x200011fc                uart_char_to_line_feed
 .bss.uart_instance
                0x20001200        0x4 CMakeFiles/CLOCK_STAT.dir/C_/Users/Christopher_Martin/Documents/Pico_SDK/pico-sdk/src/rp2_common/pico_stdio_uart/stdio_uart.c.obj
 .bss.usbd_serial_str
                0x20001204       0x11 CMakeFiles/CLOCK_STAT.dir/C_/Users/Christopher_Martin/Documents/Pico_SDK/pico-sdk/src/rp2_common/pico_stdio_usb/stdio_usb_descriptors.c.obj
 *fill*         0x20001215        0x3 
 .bss.user_irq_claimed
                0x20001218        0x2 CMakeFiles/CLOCK_STAT.dir/C_/Users/Christopher_Martin/Documents/Pico_SDK/pico-sdk/src/rp2_common/hardware_irq/irq.c.obj
 .bss._app_driver_count
                0x2000121a        0x1 CMakeFiles/CLOCK_STAT.dir/C_/Users/Christopher_Martin/Documents/Pico_SDK/pico-sdk/lib/tinyusb/src/device/usbd.c.obj
 .bss._usbd_initialized
                0x2000121b        0x1 CMakeFiles/CLOCK_STAT.dir/C_/Users/Christopher_Martin/Documents/Pico_SDK/pico-sdk/lib/tinyusb/src/device/usbd.c.obj
 .bss.boot2_copyout_valid
                0x2000121c        0x1 CMakeFiles/CLOCK_STAT.dir/C_/Users/Christopher_Martin/Documents/Pico_SDK/pico-sdk/src/rp2_common/hardware_flash/flash.c.obj
 .bss.claimed   0x2000121d        0x1 CMakeFiles/CLOCK_STAT.dir/C_/Users/Christopher_Martin/Documents/Pico_SDK/pico-sdk/src/rp2_common/hardware_timer/timer.c.obj
 .bss.irq_hander_chain_free_slot_head
                0x2000121e        0x1 CMakeFiles/CLOCK_STAT.dir/C_/Users/Christopher_Martin/Documents/Pico_SDK/pico-sdk/src/rp2_common/hardware_irq/irq.c.obj
 .bss.itf_num   0x2000121f        0x1 CMakeFiles/CLOCK_STAT.dir/C_/Users/Christopher_Martin/Documents/Pico_SDK/pico-sdk/src/rp2_common/pico_stdio_usb/reset_interface.c.obj
 .bss.low_priority_irq_num
                0x20001220        0x1 CMakeFiles/CLOCK_STAT.dir/C_/Users/Christopher_Martin/Documents/Pico_SDK/pico-sdk/src/rp2_common/pico_stdio_usb/stdio_usb.c.obj
 .bss.timer_callbacks_pending
                0x20001221        0x1 CMakeFiles/CLOCK_STAT.dir/C_/Users/Christopher_Martin/Documents/Pico_SDK/pico-sdk/src/rp2_common/hardware_timer/timer.c.obj
 *(COMMON)
                0x20001224                . = ALIGN (0x4)
 *fill*         0x20001222        0x2 
                0x20001224                __bss_end__ = .

.heap           0x20001224      0x800
                0x20001224                __end__ = .
                0x20001224                end = __end__
 *(.heap*)
 .heap          0x20001224      0x800 CMakeFiles/CLOCK_STAT.dir/C_/Users/Christopher_Martin/Documents/Pico_SDK/pico-sdk/src/rp2_common/pico_standard_link/crt0.S.obj
                0x20001a24                __HeapLimit = .

.stack1_dummy   0x20040000        0x0
 *(.stack1*)

.stack_dummy    0x20041000      0x800
 *(.stack*)
 .stack         0x20041000      0x800 CMakeFiles/CLOCK_STAT.dir/C_/Users/Christopher_Martin/Documents/Pico_SDK/pico-sdk/src/rp2_common/pico_standard_link/crt0.S.obj

.flash_end      0x10007c84        0x0
                0x10007c84                __flash_binary_end = .
                0x20040000                __StackLimit = (ORIGIN (RAM) + LENGTH (RAM))
                0x20041000                __StackOneTop = (ORIGIN (SCRATCH_X) + LENGTH (SCRATCH_X))
                0x20042000                __StackTop = (ORIGIN (SCRATCH_Y) + LENGTH (SCRATCH_Y))
                0x20041000                __StackOneBottom = (__StackOneTop - SIZEOF (.stack1_dummy))
                0x20041800                __StackBottom = (__StackTop - SIZEOF (.stack_dummy))
                0x20042000                PROVIDE (__stack = __StackTop)
                0x00000001                ASSERT ((__StackLimit >= __HeapLimit), region RAM overflowed)
                0x00000001                ASSERT (((__binary_info_header_end - __logical_binary_start) <= 0x100), Binary info must be in first 256 bytes of the binary)
LOAD CMakeFiles/CLOCK_STAT.dir/clock_stat.c.obj
LOAD CMakeFiles/CLOCK_STAT.dir/C_/Users/Christopher_Martin/Documents/Pico_SDK/pico-sdk/src/rp2_common/pico_stdlib/stdlib.c.obj
LOAD CMakeFiles/CLOCK_STAT.dir/C_/Users/Christopher_Martin/Documents/Pico_SDK/pico-sdk/src/rp2_common/hardware_gpio/gpio.c.obj
LOAD CMakeFiles/CLOCK_STAT.dir/C_/Users/Christopher_Martin/Documents/Pico_SDK/pico-sdk/src/rp2_common/hardware_claim/claim.c.obj
LOAD CMakeFiles/CLOCK_STAT.dir/C_/Users/Christopher_Martin/Documents/Pico_SDK/pico-sdk/src/rp2_common/pico_platform/platform.c.obj
LOAD CMakeFiles/CLOCK_STAT.dir/C_/Users/Christopher_Martin/Documents/Pico_SDK/pico-sdk/src/rp2_common/hardware_sync/sync.c.obj
LOAD CMakeFiles/CLOCK_STAT.dir/C_/Users/Christopher_Martin/Documents/Pico_SDK/pico-sdk/src/rp2_common/hardware_irq/irq.c.obj
LOAD CMakeFiles/CLOCK_STAT.dir/C_/Users/Christopher_Martin/Documents/Pico_SDK/pico-sdk/src/rp2_common/hardware_irq/irq_handler_chain.S.obj
LOAD CMakeFiles/CLOCK_STAT.dir/C_/Users/Christopher_Martin/Documents/Pico_SDK/pico-sdk/src/common/pico_sync/sem.c.obj
LOAD CMakeFiles/CLOCK_STAT.dir/C_/Users/Christopher_Martin/Documents/Pico_SDK/pico-sdk/src/common/pico_sync/lock_core.c.obj
LOAD CMakeFiles/CLOCK_STAT.dir/C_/Users/Christopher_Martin/Documents/Pico_SDK/pico-sdk/src/common/pico_time/time.c.obj
LOAD CMakeFiles/CLOCK_STAT.dir/C_/Users/Christopher_Martin/Documents/Pico_SDK/pico-sdk/src/common/pico_time/timeout_helper.c.obj
LOAD CMakeFiles/CLOCK_STAT.dir/C_/Users/Christopher_Martin/Documents/Pico_SDK/pico-sdk/src/rp2_common/hardware_timer/timer.c.obj
LOAD CMakeFiles/CLOCK_STAT.dir/C_/Users/Christopher_Martin/Documents/Pico_SDK/pico-sdk/src/common/pico_util/datetime.c.obj
LOAD CMakeFiles/CLOCK_STAT.dir/C_/Users/Christopher_Martin/Documents/Pico_SDK/pico-sdk/src/common/pico_util/pheap.c.obj
LOAD CMakeFiles/CLOCK_STAT.dir/C_/Users/Christopher_Martin/Documents/Pico_SDK/pico-sdk/src/common/pico_util/queue.c.obj
LOAD CMakeFiles/CLOCK_STAT.dir/C_/Users/Christopher_Martin/Documents/Pico_SDK/pico-sdk/src/common/pico_sync/mutex.c.obj
LOAD CMakeFiles/CLOCK_STAT.dir/C_/Users/Christopher_Martin/Documents/Pico_SDK/pico-sdk/src/common/pico_sync/critical_section.c.obj
LOAD CMakeFiles/CLOCK_STAT.dir/C_/Users/Christopher_Martin/Documents/Pico_SDK/pico-sdk/src/rp2_common/hardware_uart/uart.c.obj
LOAD CMakeFiles/CLOCK_STAT.dir/C_/Users/Christopher_Martin/Documents/Pico_SDK/pico-sdk/src/rp2_common/hardware_divider/divider.S.obj
LOAD CMakeFiles/CLOCK_STAT.dir/C_/Users/Christopher_Martin/Documents/Pico_SDK/pico-sdk/src/rp2_common/pico_runtime/runtime.c.obj
LOAD CMakeFiles/CLOCK_STAT.dir/C_/Users/Christopher_Martin/Documents/Pico_SDK/pico-sdk/src/rp2_common/hardware_clocks/clocks.c.obj
LOAD CMakeFiles/CLOCK_STAT.dir/C_/Users/Christopher_Martin/Documents/Pico_SDK/pico-sdk/src/rp2_common/hardware_pll/pll.c.obj
LOAD CMakeFiles/CLOCK_STAT.dir/C_/Users/Christopher_Martin/Documents/Pico_SDK/pico-sdk/src/rp2_common/hardware_vreg/vreg.c.obj
LOAD CMakeFiles/CLOCK_STAT.dir/C_/Users/Christopher_Martin/Documents/Pico_SDK/pico-sdk/src/rp2_common/hardware_watchdog/watchdog.c.obj
LOAD CMakeFiles/CLOCK_STAT.dir/C_/Users/Christopher_Martin/Documents/Pico_SDK/pico-sdk/src/rp2_common/hardware_xosc/xosc.c.obj
LOAD CMakeFiles/CLOCK_STAT.dir/C_/Users/Christopher_Martin/Documents/Pico_SDK/pico-sdk/src/rp2_common/pico_printf/printf.c.obj
LOAD CMakeFiles/CLOCK_STAT.dir/C_/Users/Christopher_Martin/Documents/Pico_SDK/pico-sdk/src/rp2_common/pico_bit_ops/bit_ops_aeabi.S.obj
LOAD CMakeFiles/CLOCK_STAT.dir/C_/Users/Christopher_Martin/Documents/Pico_SDK/pico-sdk/src/rp2_common/pico_bootrom/bootrom.c.obj
LOAD CMakeFiles/CLOCK_STAT.dir/C_/Users/Christopher_Martin/Documents/Pico_SDK/pico-sdk/src/rp2_common/pico_divider/divider.S.obj
LOAD CMakeFiles/CLOCK_STAT.dir/C_/Users/Christopher_Martin/Documents/Pico_SDK/pico-sdk/src/rp2_common/pico_double/double_aeabi.S.obj
LOAD CMakeFiles/CLOCK_STAT.dir/C_/Users/Christopher_Martin/Documents/Pico_SDK/pico-sdk/src/rp2_common/pico_double/double_init_rom.c.obj
LOAD CMakeFiles/CLOCK_STAT.dir/C_/Users/Christopher_Martin/Documents/Pico_SDK/pico-sdk/src/rp2_common/pico_double/double_math.c.obj
LOAD CMakeFiles/CLOCK_STAT.dir/C_/Users/Christopher_Martin/Documents/Pico_SDK/pico-sdk/src/rp2_common/pico_double/double_v1_rom_shim.S.obj
LOAD CMakeFiles/CLOCK_STAT.dir/C_/Users/Christopher_Martin/Documents/Pico_SDK/pico-sdk/src/rp2_common/pico_int64_ops/pico_int64_ops_aeabi.S.obj
LOAD CMakeFiles/CLOCK_STAT.dir/C_/Users/Christopher_Martin/Documents/Pico_SDK/pico-sdk/src/rp2_common/pico_float/float_aeabi.S.obj
LOAD CMakeFiles/CLOCK_STAT.dir/C_/Users/Christopher_Martin/Documents/Pico_SDK/pico-sdk/src/rp2_common/pico_float/float_init_rom.c.obj
LOAD CMakeFiles/CLOCK_STAT.dir/C_/Users/Christopher_Martin/Documents/Pico_SDK/pico-sdk/src/rp2_common/pico_float/float_math.c.obj
LOAD CMakeFiles/CLOCK_STAT.dir/C_/Users/Christopher_Martin/Documents/Pico_SDK/pico-sdk/src/rp2_common/pico_float/float_v1_rom_shim.S.obj
LOAD CMakeFiles/CLOCK_STAT.dir/C_/Users/Christopher_Martin/Documents/Pico_SDK/pico-sdk/src/rp2_common/pico_malloc/pico_malloc.c.obj
LOAD CMakeFiles/CLOCK_STAT.dir/C_/Users/Christopher_Martin/Documents/Pico_SDK/pico-sdk/src/rp2_common/pico_mem_ops/mem_ops_aeabi.S.obj
LOAD CMakeFiles/CLOCK_STAT.dir/C_/Users/Christopher_Martin/Documents/Pico_SDK/pico-sdk/src/rp2_common/pico_standard_link/crt0.S.obj
LOAD CMakeFiles/CLOCK_STAT.dir/C_/Users/Christopher_Martin/Documents/Pico_SDK/pico-sdk/src/rp2_common/pico_standard_link/new_delete.cpp.obj
LOAD CMakeFiles/CLOCK_STAT.dir/C_/Users/Christopher_Martin/Documents/Pico_SDK/pico-sdk/src/rp2_common/pico_standard_link/binary_info.c.obj
LOAD CMakeFiles/CLOCK_STAT.dir/C_/Users/Christopher_Martin/Documents/Pico_SDK/pico-sdk/src/rp2_common/pico_stdio/stdio.c.obj
LOAD CMakeFiles/CLOCK_STAT.dir/C_/Users/Christopher_Martin/Documents/Pico_SDK/pico-sdk/src/rp2_common/pico_stdio_uart/stdio_uart.c.obj
LOAD CMakeFiles/CLOCK_STAT.dir/C_/Users/Christopher_Martin/Documents/Pico_SDK/pico-sdk/src/rp2_common/pico_stdio_usb/reset_interface.c.obj
LOAD CMakeFiles/CLOCK_STAT.dir/C_/Users/Christopher_Martin/Documents/Pico_SDK/pico-sdk/src/rp2_common/pico_stdio_usb/stdio_usb.c.obj
LOAD CMakeFiles/CLOCK_STAT.dir/C_/Users/Christopher_Martin/Documents/Pico_SDK/pico-sdk/src/rp2_common/pico_stdio_usb/stdio_usb_descriptors.c.obj
LOAD CMakeFiles/CLOCK_STAT.dir/C_/Users/Christopher_Martin/Documents/Pico_SDK/pico-sdk/lib/tinyusb/src/portable/raspberrypi/rp2040/dcd_rp2040.c.obj
LOAD CMakeFiles/CLOCK_STAT.dir/C_/Users/Christopher_Martin/Documents/Pico_SDK/pico-sdk/lib/tinyusb/src/portable/raspberrypi/rp2040/rp2040_usb.c.obj
LOAD CMakeFiles/CLOCK_STAT.dir/C_/Users/Christopher_Martin/Documents/Pico_SDK/pico-sdk/lib/tinyusb/src/device/usbd.c.obj
LOAD CMakeFiles/CLOCK_STAT.dir/C_/Users/Christopher_Martin/Documents/Pico_SDK/pico-sdk/lib/tinyusb/src/device/usbd_control.c.obj
LOAD CMakeFiles/CLOCK_STAT.dir/C_/Users/Christopher_Martin/Documents/Pico_SDK/pico-sdk/lib/tinyusb/src/class/audio/audio_device.c.obj
LOAD CMakeFiles/CLOCK_STAT.dir/C_/Users/Christopher_Martin/Documents/Pico_SDK/pico-sdk/lib/tinyusb/src/class/cdc/cdc_device.c.obj
LOAD CMakeFiles/CLOCK_STAT.dir/C_/Users/Christopher_Martin/Documents/Pico_SDK/pico-sdk/lib/tinyusb/src/class/dfu/dfu_device.c.obj
LOAD CMakeFiles/CLOCK_STAT.dir/C_/Users/Christopher_Martin/Documents/Pico_SDK/pico-sdk/lib/tinyusb/src/class/dfu/dfu_rt_device.c.obj
LOAD CMakeFiles/CLOCK_STAT.dir/C_/Users/Christopher_Martin/Documents/Pico_SDK/pico-sdk/lib/tinyusb/src/class/hid/hid_device.c.obj
LOAD CMakeFiles/CLOCK_STAT.dir/C_/Users/Christopher_Martin/Documents/Pico_SDK/pico-sdk/lib/tinyusb/src/class/midi/midi_device.c.obj
LOAD CMakeFiles/CLOCK_STAT.dir/C_/Users/Christopher_Martin/Documents/Pico_SDK/pico-sdk/lib/tinyusb/src/class/msc/msc_device.c.obj
LOAD CMakeFiles/CLOCK_STAT.dir/C_/Users/Christopher_Martin/Documents/Pico_SDK/pico-sdk/lib/tinyusb/src/class/net/ecm_rndis_device.c.obj
LOAD CMakeFiles/CLOCK_STAT.dir/C_/Users/Christopher_Martin/Documents/Pico_SDK/pico-sdk/lib/tinyusb/src/class/net/ncm_device.c.obj
LOAD CMakeFiles/CLOCK_STAT.dir/C_/Users/Christopher_Martin/Documents/Pico_SDK/pico-sdk/lib/tinyusb/src/class/usbtmc/usbtmc_device.c.obj
LOAD CMakeFiles/CLOCK_STAT.dir/C_/Users/Christopher_Martin/Documents/Pico_SDK/pico-sdk/lib/tinyusb/src/class/vendor/vendor_device.c.obj
LOAD CMakeFiles/CLOCK_STAT.dir/C_/Users/Christopher_Martin/Documents/Pico_SDK/pico-sdk/lib/tinyusb/src/class/video/video_device.c.obj
LOAD CMakeFiles/CLOCK_STAT.dir/C_/Users/Christopher_Martin/Documents/Pico_SDK/pico-sdk/lib/tinyusb/src/tusb.c.obj
LOAD CMakeFiles/CLOCK_STAT.dir/C_/Users/Christopher_Martin/Documents/Pico_SDK/pico-sdk/lib/tinyusb/src/common/tusb_fifo.c.obj
LOAD CMakeFiles/CLOCK_STAT.dir/C_/Users/Christopher_Martin/Documents/Pico_SDK/pico-sdk/src/rp2_common/pico_fix/rp2040_usb_device_enumeration/rp2040_usb_device_enumeration.c.obj
LOAD CMakeFiles/CLOCK_STAT.dir/C_/Users/Christopher_Martin/Documents/Pico_SDK/pico-sdk/src/rp2_common/pico_unique_id/unique_id.c.obj
LOAD CMakeFiles/CLOCK_STAT.dir/C_/Users/Christopher_Martin/Documents/Pico_SDK/pico-sdk/src/rp2_common/hardware_flash/flash.c.obj
LOAD C:\Users\CHRIST~1\AppData\Local\Temp\ccaUT6dS.o
LOAD c:/progra~2/armgnu~1/1142da~1.3re/bin/../lib/gcc/arm-none-eabi/11.3.1/thumb/v6-m/nofp\libstdc++.a
LOAD c:/progra~2/armgnu~1/1142da~1.3re/bin/../lib/gcc/arm-none-eabi/11.3.1/thumb/v6-m/nofp\libm.a
START GROUP
LOAD c:/progra~2/armgnu~1/1142da~1.3re/bin/../lib/gcc/arm-none-eabi/11.3.1/thumb/v6-m/nofp\libgcc.a
LOAD c:/progra~2/armgnu~1/1142da~1.3re/bin/../lib/gcc/arm-none-eabi/11.3.1/thumb/v6-m/nofp\libc.a
END GROUP
START GROUP
LOAD c:/progra~2/armgnu~1/1142da~1.3re/bin/../lib/gcc/arm-none-eabi/11.3.1/thumb/v6-m/nofp\libgcc.a
LOAD c:/progra~2/armgnu~1/1142da~1.3re/bin/../lib/gcc/arm-none-eabi/11.3.1/thumb/v6-m/nofp\libc.a
LOAD c:/progra~2/armgnu~1/1142da~1.3re/bin/../lib/gcc/arm-none-eabi/11.3.1/thumb/v6-m/nofp\libnosys.a
END GROUP
LOAD c:/progra~2/armgnu~1/1142da~1.3re/bin/../lib/gcc/arm-none-eabi/11.3.1/thumb/v6-m/nofp/crtend.o
LOAD c:/progra~2/armgnu~1/1142da~1.3re/bin/../lib/gcc/arm-none-eabi/11.3.1/thumb/v6-m/nofp/crtn.o
OUTPUT(CLOCK_STAT.elf elf32-littlearm)
LOAD linker stubs

.ARM.attributes
                0x00000000       0x28
 .ARM.attributes
                0x00000000       0x1e c:/progra~2/armgnu~1/1142da~1.3re/bin/../lib/gcc/arm-none-eabi/11.3.1/thumb/v6-m/nofp/crti.o
 .ARM.attributes
                0x0000001e       0x2c c:/progra~2/armgnu~1/1142da~1.3re/bin/../lib/gcc/arm-none-eabi/11.3.1/thumb/v6-m/nofp/crtbegin.o
 .ARM.attributes
                0x0000004a       0x2c CMakeFiles/CLOCK_STAT.dir/clock_stat.c.obj
 .ARM.attributes
                0x00000076       0x2c CMakeFiles/CLOCK_STAT.dir/C_/Users/Christopher_Martin/Documents/Pico_SDK/pico-sdk/src/rp2_common/hardware_gpio/gpio.c.obj
 .ARM.attributes
                0x000000a2       0x2c CMakeFiles/CLOCK_STAT.dir/C_/Users/Christopher_Martin/Documents/Pico_SDK/pico-sdk/src/rp2_common/hardware_claim/claim.c.obj
 .ARM.attributes
                0x000000ce       0x2c CMakeFiles/CLOCK_STAT.dir/C_/Users/Christopher_Martin/Documents/Pico_SDK/pico-sdk/src/rp2_common/pico_platform/platform.c.obj
 .ARM.attributes