Archive member included to satisfy reference by file (symbol)

c:/progra~2/armgnu~1/1142da~1.3re/bin/../lib/gcc/arm-none-eabi/11.3.1/thumb/v6-m/nofp\libgcc.a(_dvmd_tls.o)
                              CMakeFiles/dhry1.dir/C_/Users/Christopher_Martin/Documents/Pico_SDK/pico-sdk/src/rp2_common/pico_divider/divider.S.obj (__aeabi_idiv0)
c:/progra~2/armgnu~1/1142da~1.3re/bin/../lib/gcc/arm-none-eabi/11.3.1/thumb/v6-m/nofp\libc.a(libc_a-calloc.o)
                              CMakeFiles/dhry1.dir/C_/Users/Christopher_Martin/Documents/Pico_SDK/pico-sdk/src/rp2_common/pico_malloc/pico_malloc.c.obj (calloc)
c:/progra~2/armgnu~1/1142da~1.3re/bin/../lib/gcc/arm-none-eabi/11.3.1/thumb/v6-m/nofp\libc.a(libc_a-callocr.o)
                              c:/progra~2/armgnu~1/1142da~1.3re/bin/../lib/gcc/arm-none-eabi/11.3.1/thumb/v6-m/nofp\libc.a(libc_a-calloc.o) (_calloc_r)
c:/progra~2/armgnu~1/1142da~1.3re/bin/../lib/gcc/arm-none-eabi/11.3.1/thumb/v6-m/nofp\libc.a(libc_a-malloc.o)
                              CMakeFiles/dhry1.dir/C_/Users/Christopher_Martin/Documents/Pico_SDK/pico-sdk/src/rp2_common/pico_malloc/pico_malloc.c.obj (malloc)
c:/progra~2/armgnu~1/1142da~1.3re/bin/../lib/gcc/arm-none-eabi/11.3.1/thumb/v6-m/nofp\libc.a(libc_a-mallocr.o)
                              c:/progra~2/armgnu~1/1142da~1.3re/bin/../lib/gcc/arm-none-eabi/11.3.1/thumb/v6-m/nofp\libc.a(libc_a-callocr.o) (_malloc_r)
c:/progra~2/armgnu~1/1142da~1.3re/bin/../lib/gcc/arm-none-eabi/11.3.1/thumb/v6-m/nofp\libc.a(libc_a-mlock.o)
                              c:/progra~2/armgnu~1/1142da~1.3re/bin/../lib/gcc/arm-none-eabi/11.3.1/thumb/v6-m/nofp\libc.a(libc_a-mallocr.o) (__malloc_lock)
c:/progra~2/armgnu~1/1142da~1.3re/bin/../lib/gcc/arm-none-eabi/11.3.1/thumb/v6-m/nofp\libc.a(libc_a-realloc.o)
                              CMakeFiles/dhry1.dir/C_/Users/Christopher_Martin/Documents/Pico_SDK/pico-sdk/src/rp2_common/pico_malloc/pico_malloc.c.obj (realloc)
c:/progra~2/armgnu~1/1142da~1.3re/bin/../lib/gcc/arm-none-eabi/11.3.1/thumb/v6-m/nofp\libc.a(libc_a-reallocr.o)
                              c:/progra~2/armgnu~1/1142da~1.3re/bin/../lib/gcc/arm-none-eabi/11.3.1/thumb/v6-m/nofp\libc.a(libc_a-realloc.o) (_realloc_r)
c:/progra~2/armgnu~1/1142da~1.3re/bin/../lib/gcc/arm-none-eabi/11.3.1/thumb/v6-m/nofp\libc.a(libc_a-memmove.o)
                              c:/progra~2/armgnu~1/1142da~1.3re/bin/../lib/gcc/arm-none-eabi/11.3.1/thumb/v6-m/nofp\libc.a(libc_a-reallocr.o) (memmove)
c:/progra~2/armgnu~1/1142da~1.3re/bin/../lib/gcc/arm-none-eabi/11.3.1/thumb/v6-m/nofp\libc.a(libc_a-impure.o)
                              c:/progra~2/armgnu~1/1142da~1.3re/bin/../lib/gcc/arm-none-eabi/11.3.1/thumb/v6-m/nofp\libc.a(libc_a-calloc.o) (_impure_ptr)
c:/progra~2/armgnu~1/1142da~1.3re/bin/../lib/gcc/arm-none-eabi/11.3.1/thumb/v6-m/nofp\libc.a(libc_a-sbrkr.o)
                              c:/progra~2/armgnu~1/1142da~1.3re/bin/../lib/gcc/arm-none-eabi/11.3.1/thumb/v6-m/nofp\libc.a(libc_a-mallocr.o) (_sbrk_r)
c:/progra~2/armgnu~1/1142da~1.3re/bin/../lib/gcc/arm-none-eabi/11.3.1/thumb/v6-m/nofp\libc.a(libc_a-errno.o)
                              c:/progra~2/armgnu~1/1142da~1.3re/bin/../lib/gcc/arm-none-eabi/11.3.1/thumb/v6-m/nofp\libc.a(libc_a-callocr.o) (__errno)
c:/progra~2/armgnu~1/1142da~1.3re/bin/../lib/gcc/arm-none-eabi/11.3.1/thumb/v6-m/nofp\libc.a(libc_a-init.o)
                              c:/progra~2/armgnu~1/1142da~1.3re/bin/../lib/gcc/arm-none-eabi/11.3.1/thumb/v6-m/nofp/crt0.o (__libc_init_array)
c:/progra~2/armgnu~1/1142da~1.3re/bin/../lib/gcc/arm-none-eabi/11.3.1/thumb/v6-m/nofp\libc.a(libc_a-lock.o)
                              c:/progra~2/armgnu~1/1142da~1.3re/bin/../lib/gcc/arm-none-eabi/11.3.1/thumb/v6-m/nofp\libc.a(libc_a-mlock.o) (__retarget_lock_acquire_recursive)
c:/progra~2/armgnu~1/1142da~1.3re/bin/../lib/gcc/arm-none-eabi/11.3.1/thumb/v6-m/nofp\libc.a(libc_a-strcmp.o)
                              CMakeFiles/dhry1.dir/dhry1.c.obj (strcmp)
c:/progra~2/armgnu~1/1142da~1.3re/bin/../lib/gcc/arm-none-eabi/11.3.1/thumb/v6-m/nofp\libc.a(libc_a-strlen-stub.o)
                              CMakeFiles/dhry1.dir/C_/Users/Christopher_Martin/Documents/Pico_SDK/pico-sdk/src/rp2_common/pico_stdio/stdio.c.obj (strlen)
c:/progra~2/armgnu~1/1142da~1.3re/bin/../lib/gcc/arm-none-eabi/11.3.1/thumb/v6-m/nofp\libc.a(libc_a-freer.o)
                              c:/progra~2/armgnu~1/1142da~1.3re/bin/../lib/gcc/arm-none-eabi/11.3.1/thumb/v6-m/nofp\libc.a(libc_a-malloc.o) (_free_r)
c:/progra~2/armgnu~1/1142da~1.3re/bin/../lib/gcc/arm-none-eabi/11.3.1/thumb/v6-m/nofp\libc.a(libc_a-findfp.o)
                              c:/progra~2/armgnu~1/1142da~1.3re/bin/../lib/gcc/arm-none-eabi/11.3.1/thumb/v6-m/nofp\libc.a(libc_a-impure.o) (__sf)
c:/progra~2/armgnu~1/1142da~1.3re/bin/../lib/gcc/arm-none-eabi/11.3.1/thumb/v6-m/nofp\libc.a(libc_a-fwalk.o)
[...]
Memory Configuration

Name             Origin             Length             Attributes
FLASH            0x10000000         0x00200000         xr
RAM              0x20000000         0x00040000         xrw
SCRATCH_X        0x20040000         0x00001000         xrw
SCRATCH_Y        0x20041000         0x00001000         xrw
*default*        0x00000000         0xffffffff

Linker script and memory map

LOAD c:/progra~2/armgnu~1/1142da~1.3re/bin/../lib/gcc/arm-none-eabi/11.3.1/thumb/v6-m/nofp/crti.o
LOAD c:/progra~2/armgnu~1/1142da~1.3re/bin/../lib/gcc/arm-none-eabi/11.3.1/thumb/v6-m/nofp/crtbegin.o
LOAD c:/progra~2/armgnu~1/1142da~1.3re/bin/../lib/gcc/arm-none-eabi/11.3.1/thumb/v6-m/nofp/crt0.o

.flash_begin    0x10000000        0x0
                0x10000000                __flash_binary_start = .

.boot2          0x10000000      0x100
                0x10000000                __boot2_start__ = .
 *(.boot2)
 .boot2         0x10000000      0x100 C:\Users\CHRIST~1\AppData\Local\Temp\ccUIvzJU.o
                0x10000100                __boot2_end__ = .
                0x00000001                ASSERT (((__boot2_end__ - __boot2_start__) == 0x100), ERROR: Pico second stage bootloader must be 256 bytes in size)

.text           0x10000100     0x8450
                0x10000100                __logical_binary_start = .
 *(.vectors)
 .vectors       0x10000100       0xd4 CMakeFiles/dhry1.dir/C_/Users/Christopher_Martin/Documents/Pico_SDK/pico-sdk/src/rp2_common/pico_standard_link/crt0.S.obj
                0x10000100                __VECTOR_TABLE
                0x10000100                __vectors
                0x100001c0                isr_invalid
                0x100001c0                __default_isrs_start
                0x100001c2                isr_nmi
                0x100001c4                isr_hardfault
                0x100001c6                isr_svcall
                0x100001c8                isr_pendsv
                0x100001ca                isr_systick
                0x100001cc                isr_irq23
                0x100001cc                isr_irq18
                0x100001cc                isr_irq11
                0x100001cc                isr_irq28
                0x100001cc                isr_irq19
                0x100001cc                isr_irq0
                0x100001cc                isr_irq6
                0x100001cc                isr_irq5
                0x100001cc                isr_irq12
                0x100001cc                isr_irq22
                0x100001cc                isr_irq31
                0x100001cc                isr_irq17
                0x100001cc                isr_irq27
                0x100001cc                isr_irq30
                0x100001cc                isr_irq2
                0x100001cc                isr_irq10
                0x100001cc                isr_irq8
                0x100001cc                isr_irq24
                0x100001cc                isr_irq1
                0x100001cc                isr_irq7
                0x100001cc                isr_irq21
                0x100001cc                isr_irq20
                0x100001cc                isr_irq15
                0x100001cc                isr_irq25
                0x100001cc                isr_irq13
                0x100001cc                __unhandled_user_irq
                0x100001cc                isr_irq4
                0x100001cc                isr_irq16
                0x100001cc                isr_irq29
                0x100001cc                isr_irq26
                0x100001cc                __default_isrs_end
                0x100001cc                isr_irq3
                0x100001cc                isr_irq14
                0x100001cc                isr_irq9
                0x100001d2                unhandled_user_irq_num_in_r0
 *(.binary_info_header)
 .binary_info_header
                0x100001d4       0x14 CMakeFiles/dhry1.dir/C_/Users/Christopher_Martin/Documents/Pico_SDK/pico-sdk/src/rp2_common/pico_standard_link/crt0.S.obj
                0x100001e8                __binary_info_header_end = .
 *(.reset)
 .reset         0x100001e8       0xa8 CMakeFiles/dhry1.dir/C_/Users/Christopher_Martin/Documents/Pico_SDK/pico-sdk/src/rp2_common/pico_standard_link/crt0.S.obj
                0x100001e8                _entry_point
                0x10000266                __get_current_exception
 .reset         0x10000290       0x30 CMakeFiles/dhry1.dir/C_/Users/Christopher_Martin/Documents/Pico_SDK/pico-sdk/src/rp2_common/pico_standard_link/binary_info.c.obj
 *(.init)
 .init          0x100002c0        0x4 c:/progra~2/armgnu~1/1142da~1.3re/bin/../lib/gcc/arm-none-eabi/11.3.1/thumb/v6-m/nofp/crti.o
                0x100002c0                _init
 *(EXCLUDE_FILE(*libm.a: *libc.a:*lib_a-mem*.o *libgcc.a:) .text*)
 .text.register_tm_clones
                0x100002c4       0x28 c:/progra~2/armgnu~1/1142da~1.3re/bin/../lib/gcc/arm-none-eabi/11.3.1/thumb/v6-m/nofp/crtbegin.o
 .text.frame_dummy
                0x100002ec       0x24 c:/progra~2/armgnu~1/1142da~1.3re/bin/../lib/gcc/arm-none-eabi/11.3.1/thumb/v6-m/nofp/crtbegin.o
 .text.Proc_1   0x10000310       0x8c CMakeFiles/dhry1.dir/dhry1.c.obj
                0x10000310                Proc_1
 .text.startup.main
                0x1000039c      0x8f0 CMakeFiles/dhry1.dir/dhry1.c.obj
                0x1000039c                main
 .text.Proc_6   0x10000c8c       0x30 CMakeFiles/dhry1.dir/dhry_2.c.obj
                0x10000c8c                Proc_6
 .text.Proc_7   0x10000cbc        0x8 CMakeFiles/dhry1.dir/dhry_2.c.obj
                0x10000cbc                Proc_7
 .text.Proc_8   0x10000cc4       0x40 CMakeFiles/dhry1.dir/dhry_2.c.obj
                0x10000cc4                Proc_8
 .text.Func_1   0x10000d04       0x14 CMakeFiles/dhry1.dir/dhry_2.c.obj
                0x10000d04                Func_1
 .text.Func_2   0x10000d18       0x28 CMakeFiles/dhry1.dir/dhry_2.c.obj
                0x10000d18                Func_2
 .text.gpio_set_function
                0x10000d40       0x30 CMakeFiles/dhry1.dir/C_/Users/Christopher_Martin/Documents/Pico_SDK/pico-sdk/src/rp2_common/hardware_gpio/gpio.c.obj
                0x10000d40                gpio_set_function
 .text.hw_claim_or_assert
                0x10000d70       0x44 CMakeFiles/dhry1.dir/C_/Users/Christopher_Martin/Documents/Pico_SDK/pico-sdk/src/rp2_common/hardware_claim/claim.c.obj
                0x10000d70                hw_claim_or_assert
 .text.hw_claim_unused_from_range
                0x10000db4       0x9c CMakeFiles/dhry1.dir/C_/Users/Christopher_Martin/Documents/Pico_SDK/pico-sdk/src/rp2_common/hardware_claim/claim.c.obj
                0x10000db4                hw_claim_unused_from_range
 .text.running_on_fpga
                0x10000e50       0x10 CMakeFiles/dhry1.dir/C_/Users/Christopher_Martin/Documents/Pico_SDK/pico-sdk/src/rp2_common/pico_platform/platform.c.obj
                0x10000e50                running_on_fpga
 .text.spin_locks_reset
                0x10000e60       0x1c CMakeFiles/dhry1.dir/C_/Users/Christopher_Martin/Documents/Pico_SDK/pico-sdk/src/rp2_common/hardware_sync/sync.c.obj
                0x10000e60                spin_locks_reset
 .text.next_striped_spin_lock_num
                0x10000e7c       0x18 CMakeFiles/dhry1.dir/C_/Users/Christopher_Martin/Documents/Pico_SDK/pico-sdk/src/rp2_common/hardware_sync/sync.c.obj
                0x10000e7c                next_striped_spin_lock_num
 .text.spin_lock_claim_unused
                0x10000e94       0x24 CMakeFiles/dhry1.dir/C_/Users/Christopher_Martin/Documents/Pico_SDK/pico-sdk/src/rp2_common/hardware_sync/sync.c.obj
                0x10000e94                spin_lock_claim_unused
 .text.irq_set_enabled
                0x10000eb8       0x24 CMakeFiles/dhry1.dir/C_/Users/Christopher_Martin/Documents/Pico_SDK/pico-sdk/src/rp2_common/hardware_irq/irq.c.obj
                0x10000eb8                irq_set_enabled
 .text.irq_set_pending
                0x10000edc       0x10 CMakeFiles/dhry1.dir/C_/Users/Christopher_Martin/Documents/Pico_SDK/pico-sdk/src/rp2_common/hardware_irq/irq.c.obj
                0x10000edc                irq_set_pending
 .text.irq_has_shared_handler
                0x10000eec       0x2c CMakeFiles/dhry1.dir/C_/Users/Christopher_Martin/Documents/Pico_SDK/pico-sdk/src/rp2_common/hardware_irq/irq.c.obj
                0x10000eec                irq_has_shared_handler
 .text.irq_get_vtable_handler
                0x10000f18       0x10 CMakeFiles/dhry1.dir/C_/Users/Christopher_Martin/Documents/Pico_SDK/pico-sdk/src/rp2_common/hardware_irq/irq.c.obj
                0x10000f18                irq_get_vtable_handler
 .text.irq_set_exclusive_handler
                0x10000f28       0x54 CMakeFiles/dhry1.dir/C_/Users/Christopher_Martin/Documents/Pico_SDK/pico-sdk/src/rp2_common/hardware_irq/irq.c.obj
                0x10000f28                irq_set_exclusive_handler
 .text.irq_add_shared_handler
                0x10000f7c      0x1e0 CMakeFiles/dhry1.dir/C_/Users/Christopher_Martin/Documents/Pico_SDK/pico-sdk/src/rp2_common/hardware_irq/irq.c.obj
                0x10000f7c                irq_add_shared_handler
 .text.irq_remove_handler
                0x1000115c      0x1b4 CMakeFiles/dhry1.dir/C_/Users/Christopher_Martin/Documents/Pico_SDK/pico-sdk/src/rp2_common/hardware_irq/irq.c.obj
                0x1000115c                irq_remove_handler
 .text.irq_add_tail_to_free_list
                0x10001310       0xb4 CMakeFiles/dhry1.dir/C_/Users/Christopher_Martin/Documents/Pico_SDK/pico-sdk/src/rp2_common/hardware_irq/irq.c.obj
                0x10001310                irq_add_tail_to_free_list
 .text.irq_init_priorities
                0x100013c4       0x24 CMakeFiles/dhry1.dir/C_/Users/Christopher_Martin/Documents/Pico_SDK/pico-sdk/src/rp2_common/hardware_irq/irq.c.obj
                0x100013c4                irq_init_priorities
 .text.user_irq_claim_unused
                0x100013e8       0x30 CMakeFiles/dhry1.dir/C_/Users/Christopher_Martin/Documents/Pico_SDK/pico-sdk/src/rp2_common/hardware_irq/irq.c.obj
                0x100013e8                user_irq_claim_unused
 .text.lock_init
                0x10001418       0x10 CMakeFiles/dhry1.dir/C_/Users/Christopher_Martin/Documents/Pico_SDK/pico-sdk/src/common/pico_sync/lock_core.c.obj
                0x10001418                lock_init
 .text.timer_pool_entry_comparator
                0x10001428       0x34 CMakeFiles/dhry1.dir/C_/Users/Christopher_Martin/Documents/Pico_SDK/pico-sdk/src/common/pico_time/time.c.obj
                0x10001428                timer_pool_entry_comparator
 .text.sleep_until_callback
                0x1000145c       0x30 CMakeFiles/dhry1.dir/C_/Users/Christopher_Martin/Documents/Pico_SDK/pico-sdk/src/common/pico_time/time.c.obj
 .text.add_alarm_under_lock.isra.0
                0x1000148c      0x104 CMakeFiles/dhry1.dir/C_/Users/Christopher_Martin/Documents/Pico_SDK/pico-sdk/src/common/pico_time/time.c.obj
 .text.alarm_pool_alarm_callback
                0x10001590      0x1c8 CMakeFiles/dhry1.dir/C_/Users/Christopher_Martin/Documents/Pico_SDK/pico-sdk/src/common/pico_time/time.c.obj
 .text.alarm_pool_add_alarm_at.constprop.0
                0x10001758      0x11c CMakeFiles/dhry1.dir/C_/Users/Christopher_Martin/Documents/Pico_SDK/pico-sdk/src/common/pico_time/time.c.obj
 .text.alarm_pool_init_default
                0x10001874       0x64 CMakeFiles/dhry1.dir/C_/Users/Christopher_Martin/Documents/Pico_SDK/pico-sdk/src/common/pico_time/time.c.obj
                0x10001874                alarm_pool_init_default
 .text.alarm_pool_get_default
                0x100018d8        0x8 CMakeFiles/dhry1.dir/C_/Users/Christopher_Martin/Documents/Pico_SDK/pico-sdk/src/common/pico_time/time.c.obj
                0x100018d8                alarm_pool_get_default
 .text.alarm_pool_add_alarm_at
                0x100018e0      0x1a0 CMakeFiles/dhry1.dir/C_/Users/Christopher_Martin/Documents/Pico_SDK/pico-sdk/src/common/pico_time/time.c.obj
                0x100018e0                alarm_pool_add_alarm_at
 .text.sleep_until
                0x10001a80       0xac CMakeFiles/dhry1.dir/C_/Users/Christopher_Martin/Documents/Pico_SDK/pico-sdk/src/common/pico_time/time.c.obj
                0x10001a80                sleep_until
 .text.sleep_ms
                0x10001b2c       0x38 CMakeFiles/dhry1.dir/C_/Users/Christopher_Martin/Documents/Pico_SDK/pico-sdk/src/common/pico_time/time.c.obj
                0x10001b2c                sleep_ms
 .text.best_effort_wfe_or_timeout
                0x10001b64       0xc0 CMakeFiles/dhry1.dir/C_/Users/Christopher_Martin/Documents/Pico_SDK/pico-sdk/src/common/pico_time/time.c.obj
                0x10001b64                best_effort_wfe_or_timeout
 .text.hardware_alarm_irq_handler
                0x10001c24       0xb8 CMakeFiles/dhry1.dir/C_/Users/Christopher_Martin/Documents/Pico_SDK/pico-sdk/src/rp2_common/hardware_timer/timer.c.obj
 .text.hardware_alarm_claim
                0x10001cdc       0x18 CMakeFiles/dhry1.dir/C_/Users/Christopher_Martin/Documents/Pico_SDK/pico-sdk/src/rp2_common/hardware_timer/timer.c.obj
                0x10001cdc                hardware_alarm_claim
 .text.time_us_64
                0x10001cf4       0x14 CMakeFiles/dhry1.dir/C_/Users/Christopher_Martin/Documents/Pico_SDK/pico-sdk/src/rp2_common/hardware_timer/timer.c.obj
                0x10001cf4                time_us_64
 .text.busy_wait_until
                0x10001d08       0x20 CMakeFiles/dhry1.dir/C_/Users/Christopher_Martin/Documents/Pico_SDK/pico-sdk/src/rp2_common/hardware_timer/timer.c.obj
                0x10001d08                busy_wait_until
 .text.hardware_alarm_set_callback
                0x10001d28       0x8c CMakeFiles/dhry1.dir/C_/Users/Christopher_Martin/Documents/Pico_SDK/pico-sdk/src/rp2_common/hardware_timer/timer.c.obj
                0x10001d28                hardware_alarm_set_callback
 .text.hardware_alarm_set_target
                0x10001db4       0xe0 CMakeFiles/dhry1.dir/C_/Users/Christopher_Martin/Documents/Pico_SDK/pico-sdk/src/rp2_common/hardware_timer/timer.c.obj
                0x10001db4                hardware_alarm_set_target
 .text.hardware_alarm_cancel
                0x10001e94       0x3c CMakeFiles/dhry1.dir/C_/Users/Christopher_Martin/Documents/Pico_SDK/pico-sdk/src/rp2_common/hardware_timer/timer.c.obj
                0x10001e94                hardware_alarm_cancel
 .text.ph_merge_nodes
                0x10001ed0       0x68 CMakeFiles/dhry1.dir/C_/Users/Christopher_Martin/Documents/Pico_SDK/pico-sdk/src/common/pico_util/pheap.c.obj
 .text.ph_post_alloc_init
                0x10001f38       0x3c CMakeFiles/dhry1.dir/C_/Users/Christopher_Martin/Documents/Pico_SDK/pico-sdk/src/common/pico_util/pheap.c.obj
                0x10001f38                ph_post_alloc_init
 .text.ph_merge_two_pass
                0x10001f74       0x9c CMakeFiles/dhry1.dir/C_/Users/Christopher_Martin/Documents/Pico_SDK/pico-sdk/src/common/pico_util/pheap.c.obj
                0x10001f74                ph_merge_two_pass
 .text.ph_remove_any_head
                0x10002010       0xf8 CMakeFiles/dhry1.dir/C_/Users/Christopher_Martin/Documents/Pico_SDK/pico-sdk/src/common/pico_util/pheap.c.obj
 .text.ph_remove_head
                0x10002108       0xfc CMakeFiles/dhry1.dir/C_/Users/Christopher_Martin/Documents/Pico_SDK/pico-sdk/src/common/pico_util/pheap.c.obj
                0x10002108                ph_remove_head
 .text.ph_remove_and_free_node
                0x10002204       0x7c CMakeFiles/dhry1.dir/C_/Users/Christopher_Martin/Documents/Pico_SDK/pico-sdk/src/common/pico_util/pheap.c.obj
                0x10002204                ph_remove_and_free_node
 .text.mutex_init
                0x10002280       0x1c CMakeFiles/dhry1.dir/C_/Users/Christopher_Martin/Documents/Pico_SDK/pico-sdk/src/common/pico_sync/mutex.c.obj
                0x10002280                mutex_init
 .text.recursive_mutex_init
                0x1000229c       0x1c CMakeFiles/dhry1.dir/C_/Users/Christopher_Martin/Documents/Pico_SDK/pico-sdk/src/common/pico_sync/mutex.c.obj
                0x1000229c                recursive_mutex_init
 .text.critical_section_init
                0x100022b8       0x20 CMakeFiles/dhry1.dir/C_/Users/Christopher_Martin/Documents/Pico_SDK/pico-sdk/src/common/pico_sync/critical_section.c.obj
                0x100022b8                critical_section_init
 .text.uart_init
                0x100022d8       0xe0 CMakeFiles/dhry1.dir/C_/Users/Christopher_Martin/Documents/Pico_SDK/pico-sdk/src/rp2_common/hardware_uart/uart.c.obj
                0x100022d8                uart_init
 .text.runtime_init
                0x100023b8       0xf0 CMakeFiles/dhry1.dir/C_/Users/Christopher_Martin/Documents/Pico_SDK/pico-sdk/src/rp2_common/pico_runtime/runtime.c.obj
                0x100023b8                runtime_init
 .text._sbrk    0x100024a8       0x34 CMakeFiles/dhry1.dir/C_/Users/Christopher_Martin/Documents/Pico_SDK/pico-sdk/src/rp2_common/pico_runtime/runtime.c.obj
                0x100024a8                _sbrk
 .text.exit     0x100024dc        0x4 CMakeFiles/dhry1.dir/C_/Users/Christopher_Martin/Documents/Pico_SDK/pico-sdk/src/rp2_common/pico_runtime/runtime.c.obj
                0x100024dc                exit
 .text.panic    0x100024e0       0x30 CMakeFiles/dhry1.dir/C_/Users/Christopher_Martin/Documents/Pico_SDK/pico-sdk/src/rp2_common/pico_runtime/runtime.c.obj
                0x100024e0                panic
 .text.hard_assertion_failure
                0x10002510        0xc CMakeFiles/dhry1.dir/C_/Users/Christopher_Martin/Documents/Pico_SDK/pico-sdk/src/rp2_common/pico_runtime/runtime.c.obj
                0x10002510                hard_assertion_failure
 .text.clocks_init
                0x1000251c      0x2b0 CMakeFiles/dhry1.dir/C_/Users/Christopher_Martin/Documents/Pico_SDK/pico-sdk/src/rp2_common/hardware_clocks/clocks.c.obj
                0x1000251c                clocks_init
 .text.clock_get_hz
                0x100027cc        0xc CMakeFiles/dhry1.dir/C_/Users/Christopher_Martin/Documents/Pico_SDK/pico-sdk/src/rp2_common/hardware_clocks/clocks.c.obj
                0x100027cc                clock_get_hz
 .text.frequency_count_khz
                0x100027d8       0x48 CMakeFiles/dhry1.dir/C_/Users/Christopher_Martin/Documents/Pico_SDK/pico-sdk/src/rp2_common/hardware_clocks/clocks.c.obj
                0x100027d8                frequency_count_khz
 .text.pll_init
                0x10002820       0xa8 CMakeFiles/dhry1.dir/C_/Users/Christopher_Martin/Documents/Pico_SDK/pico-sdk/src/rp2_common/hardware_pll/pll.c.obj
                0x10002820                pll_init
 .text.watchdog_start_tick
                0x100028c8       0x10 CMakeFiles/dhry1.dir/C_/Users/Christopher_Martin/Documents/Pico_SDK/pico-sdk/src/rp2_common/hardware_watchdog/watchdog.c.obj
                0x100028c8                watchdog_start_tick
 .text.watchdog_reboot
                0x100028d8       0x9c CMakeFiles/dhry1.dir/C_/Users/Christopher_Martin/Documents/Pico_SDK/pico-sdk/src/rp2_common/hardware_watchdog/watchdog.c.obj
                0x100028d8                watchdog_reboot
 .text.xosc_init
                0x10002974       0x28 CMakeFiles/dhry1.dir/C_/Users/Christopher_Martin/Documents/Pico_SDK/pico-sdk/src/rp2_common/hardware_xosc/xosc.c.obj
                0x10002974                xosc_init
 .text._out_null
                0x1000299c        0x4 CMakeFiles/dhry1.dir/C_/Users/Christopher_Martin/Documents/Pico_SDK/pico-sdk/src/rp2_common/pico_printf/printf.c.obj
 .text._out_rev
                0x100029a0       0x90 CMakeFiles/dhry1.dir/C_/Users/Christopher_Martin/Documents/Pico_SDK/pico-sdk/src/rp2_common/pico_printf/printf.c.obj
 .text._ntoa_format
                0x10002a30      0x1cc CMakeFiles/dhry1.dir/C_/Users/Christopher_Martin/Documents/Pico_SDK/pico-sdk/src/rp2_common/pico_printf/printf.c.obj
 .text._out_char
                0x10002bfc       0x10 CMakeFiles/dhry1.dir/C_/Users/Christopher_Martin/Documents/Pico_SDK/pico-sdk/src/rp2_common/pico_printf/printf.c.obj
 .text._out_fct
                0x10002c0c       0x10 CMakeFiles/dhry1.dir/C_/Users/Christopher_Martin/Documents/Pico_SDK/pico-sdk/src/rp2_common/pico_printf/printf.c.obj
 .text._etoa    0x10002c1c      0x44c CMakeFiles/dhry1.dir/C_/Users/Christopher_Martin/Documents/Pico_SDK/pico-sdk/src/rp2_common/pico_printf/printf.c.obj
 .text._ftoa    0x10003068      0x3d0 CMakeFiles/dhry1.dir/C_/Users/Christopher_Martin/Documents/Pico_SDK/pico-sdk/src/rp2_common/pico_printf/printf.c.obj
 .text._vsnprintf
                0x10003438      0xabc CMakeFiles/dhry1.dir/C_/Users/Christopher_Martin/Documents/Pico_SDK/pico-sdk/src/rp2_common/pico_printf/printf.c.obj
 .text.vfctprintf
                0x10003ef4       0x20 CMakeFiles/dhry1.dir/C_/Users/Christopher_Martin/Documents/Pico_SDK/pico-sdk/src/rp2_common/pico_printf/printf.c.obj
                0x10003ef4                vfctprintf
 .text.weak_raw_vprintf
                0x10003f14       0x30 CMakeFiles/dhry1.dir/C_/Users/Christopher_Martin/Documents/Pico_SDK/pico-sdk/src/rp2_common/pico_printf/printf.c.obj
                0x10003f14                weak_raw_vprintf
 .text          0x10003f44       0x10 CMakeFiles/dhry1.dir/C_/Users/Christopher_Martin/Documents/Pico_SDK/pico-sdk/src/rp2_common/pico_bit_ops/bit_ops_aeabi.S.obj
 .text.rom_func_lookup
                0x10003f54       0x10 CMakeFiles/dhry1.dir/C_/Users/Christopher_Martin/Documents/Pico_SDK/pico-sdk/src/rp2_common/pico_bootrom/bootrom.c.obj
                0x10003f54                rom_func_lookup
 .text.rom_data_lookup
                0x10003f64       0x10 CMakeFiles/dhry1.dir/C_/Users/Christopher_Martin/Documents/Pico_SDK/pico-sdk/src/rp2_common/pico_bootrom/bootrom.c.obj
                0x10003f64                rom_data_lookup
 .text.rom_funcs_lookup
                0x10003f74       0x44 CMakeFiles/dhry1.dir/C_/Users/Christopher_Martin/Documents/Pico_SDK/pico-sdk/src/rp2_common/pico_bootrom/bootrom.c.obj
                0x10003f74                rom_funcs_lookup
 .text.__wrap___aeabi_idiv
                0x10003fb8       0x50 CMakeFiles/dhry1.dir/C_/Users/Christopher_Martin/Documents/Pico_SDK/pico-sdk/src/rp2_common/pico_divider/divider.S.obj
                0x10003fb8                __wrap___aeabi_idivmod
                0x10003fb8                divmod_s32s32
                0x10003fb8                div_s32s32
                0x10003fb8                __wrap___aeabi_idiv
                0x10003fc0                divmod_s32s32_unsafe
                0x10003fec                divmod_s32s32_savestate
 .text.__wrap___aeabi_uidiv
                0x10004008       0x4c CMakeFiles/dhry1.dir/C_/Users/Christopher_Martin/Documents/Pico_SDK/pico-sdk/src/rp2_common/pico_divider/divider.S.obj
                0x10004008                __wrap___aeabi_uidiv
                0x10004008                __wrap___aeabi_uidivmod
                0x10004008                div_u32u32
                0x10004008                divmod_u32u32
                0x10004010                divmod_u32u32_unsafe
                0x10004038                divmod_u32u32_savestate
 .text.__wrap___aeabi_ldiv
                0x10004054      0x434 CMakeFiles/dhry1.dir/C_/Users/Christopher_Martin/Documents/Pico_SDK/pico-sdk/src/rp2_common/pico_divider/divider.S.obj
                0x10004054                div_s64s64
                0x10004054                divmod_s64s64
                0x10004054                __wrap___aeabi_ldivmod
                0x1000408c                divmod_u64u64
                0x1000408c                div_u64u64
                0x1000408c                __wrap___aeabi_uldivmod
                0x1000409c                divmod_u64u64_savestate
                0x100040c4                divmod_s64s64_unsafe
                0x1000414c                divmod_u64u64_unsafe
 .text.__wrap___aeabi_darithmetic
                0x10004488       0x80 CMakeFiles/dhry1.dir/C_/Users/Christopher_Martin/Documents/Pico_SDK/pico-sdk/src/rp2_common/pico_double/double_aeabi.S.obj
                0x10004488                __wrap___aeabi_drsub
                0x1000448e                __wrap___aeabi_dsub
                0x100044a0                __wrap___aeabi_dadd
                0x100044b2                __wrap___aeabi_ddiv
                0x100044ee                __wrap___aeabi_dmul
 .text.__wrap___aeabi_cdcmple
                0x10004508       0x6c CMakeFiles/dhry1.dir/C_/Users/Christopher_Martin/Documents/Pico_SDK/pico-sdk/src/rp2_common/pico_double/double_aeabi.S.obj
                0x10004508                __wrap___aeabi_cdrcmple
                0x10004518                __wrap___aeabi_cdcmpeq
                0x10004518                __wrap___aeabi_cdcmple
 .text.__wrap___aeabi_dcmplt
                0x10004574        0xc CMakeFiles/dhry1.dir/C_/Users/Christopher_Martin/Documents/Pico_SDK/pico-sdk/src/rp2_common/pico_double/double_aeabi.S.obj
                0x10004574                __wrap___aeabi_dcmplt
 .text.__wrap___aeabi_dcmple
                0x10004580       0x10 CMakeFiles/dhry1.dir/C_/Users/Christopher_Martin/Documents/Pico_SDK/pico-sdk/src/rp2_common/pico_double/double_aeabi.S.obj
                0x10004580                __wrap___aeabi_dcmple
 .text.__wrap___aeabi_dcmpge
                0x10004590       0x10 CMakeFiles/dhry1.dir/C_/Users/Christopher_Martin/Documents/Pico_SDK/pico-sdk/src/rp2_common/pico_double/double_aeabi.S.obj
                0x10004590                __wrap___aeabi_dcmpge
 .text.__wrap___aeabi_dcmpgt
                0x100045a0        0xa CMakeFiles/dhry1.dir/C_/Users/Christopher_Martin/Documents/Pico_SDK/pico-sdk/src/rp2_common/pico_double/double_aeabi.S.obj
                0x100045a0                __wrap___aeabi_dcmpgt
 .text.__wrap___aeabi_dcmpun
                0x100045aa       0x1c CMakeFiles/dhry1.dir/C_/Users/Christopher_Martin/Documents/Pico_SDK/pico-sdk/src/rp2_common/pico_double/double_aeabi.S.obj
                0x100045aa                __wrap___aeabi_dcmpun
 *fill*         0x100045c6        0x2 
 .text.__wrap___aeabi_i2d
                0x100045c8       0x38 CMakeFiles/dhry1.dir/C_/Users/Christopher_Martin/Documents/Pico_SDK/pico-sdk/src/rp2_common/pico_double/double_aeabi.S.obj
                0x100045c8                __wrap___aeabi_ui2d
                0x100045d0                __wrap___aeabi_i2d
 .text.__wrap___aeabi_d2iz
                0x10004600       0x48 CMakeFiles/dhry1.dir/C_/Users/Christopher_Martin/Documents/Pico_SDK/pico-sdk/src/rp2_common/pico_double/double_aeabi.S.obj
                0x10004600                double2int_z
                0x10004600                __wrap___aeabi_d2iz
 .text.__wrap___aeabi_d2uiz
                0x10004648       0x18 CMakeFiles/dhry1.dir/C_/Users/Christopher_Martin/Documents/Pico_SDK/pico-sdk/src/rp2_common/pico_double/double_aeabi.S.obj
                0x10004648                __wrap___aeabi_d2uiz
                0x10004648                double2uint
 .text.__wrap___aeabi_ul2d
                0x10004660       0x18 CMakeFiles/dhry1.dir/C_/Users/Christopher_Martin/Documents/Pico_SDK/pico-sdk/src/rp2_common/pico_double/double_aeabi.S.obj
                0x10004660                __wrap___aeabi_ul2d
 .text.__aeabi_double_init
                0x10004678       0x94 CMakeFiles/dhry1.dir/C_/Users/Christopher_Martin/Documents/Pico_SDK/pico-sdk/src/rp2_common/pico_double/double_init_rom.c.obj
                0x10004678                __aeabi_double_init
 .text.double_table_shim_on_use_helper
                0x1000470c       0x2c CMakeFiles/dhry1.dir/C_/Users/Christopher_Martin/Documents/Pico_SDK/pico-sdk/src/rp2_common/pico_double/double_v1_rom_shim.S.obj
                0x1000470c                double_table_shim_on_use_helper
 .text.__wrap___aeabi_dsub
                0x10004738       0x10 CMakeFiles/dhry1.dir/C_/Users/Christopher_Martin/Documents/Pico_SDK/pico-sdk/src/rp2_common/pico_double/double_v1_rom_shim.S.obj
                0x10004738                drsub_shim
                0x1000473e                dsub_shim
 .text.dadd_shim
                0x10004748      0x15c CMakeFiles/dhry1.dir/C_/Users/Christopher_Martin/Documents/Pico_SDK/pico-sdk/src/rp2_common/pico_double/double_v1_rom_shim.S.obj
                0x10004748                dadd_shim
 .text.dmul_shim
                0x100048a4      0x15c CMakeFiles/dhry1.dir/C_/Users/Christopher_Martin/Documents/Pico_SDK/pico-sdk/src/rp2_common/pico_double/double_v1_rom_shim.S.obj
                0x100048a4                dmul_shim
 .text.ddiv_shim
                0x10004a00      0x1b0 CMakeFiles/dhry1.dir/C_/Users/Christopher_Martin/Documents/Pico_SDK/pico-sdk/src/rp2_common/pico_double/double_v1_rom_shim.S.obj
                0x10004a00                ddiv_shim
 .text.double2uint_shim
                0x10004bb0        0xe CMakeFiles/dhry1.dir/C_/Users/Christopher_Martin/Documents/Pico_SDK/pico-sdk/src/rp2_common/pico_double/double_v1_rom_shim.S.obj
                0x10004bb0                double2uint_shim
                0x10004bb2                double2ufix_shim
 *fill*         0x10004bbe        0x2 
 .text.double2uint64_shim
                0x10004bc0       0x70 CMakeFiles/dhry1.dir/C_/Users/Christopher_Martin/Documents/Pico_SDK/pico-sdk/src/rp2_common/pico_double/double_v1_rom_shim.S.obj
                0x10004bc0                double2uint64_shim
                0x10004bc2                double2ufix64_shim
                0x10004be2                d2fix_a
 .text.x2double_shims
                0x10004c30       0x90 CMakeFiles/dhry1.dir/C_/Users/Christopher_Martin/Documents/Pico_SDK/pico-sdk/src/rp2_common/pico_double/double_v1_rom_shim.S.obj
                0x10004c30                uint2double_shim
                0x10004c32                ufix2double_shim
                0x10004c38                int2double_shim
                0x10004c3a                fix2double_shim
                0x10004c40                uint642double_shim
                0x10004c42                ufix642double_shim
                0x10004c48                int642double_shim
                0x10004c4a                fix642double_shim
 .text.dunpacks
                0x10004cc0       0x3c CMakeFiles/dhry1.dir/C_/Users/Christopher_Martin/Documents/Pico_SDK/pico-sdk/src/rp2_common/pico_double/double_v1_rom_shim.S.obj
                0x10004cc0                dunpacks
 .text.__aeabi_lmul
                0x10004cfc       0x32 CMakeFiles/dhry1.dir/C_/Users/Christopher_Martin/Documents/Pico_SDK/pico-sdk/src/rp2_common/pico_int64_ops/pico_int64_ops_aeabi.S.obj
                0x10004cfc                __wrap___aeabi_lmul
 *fill*         0x10004d2e        0x2 
 .text.__aeabi_float_init
                0x10004d30       0x64 CMakeFiles/dhry1.dir/C_/Users/Christopher_Martin/Documents/Pico_SDK/pico-sdk/src/rp2_common/pico_float/float_init_rom.c.obj
                0x10004d30                __aeabi_float_init
 .text.float_table_shim_on_use_helper
                0x10004d94       0x2c CMakeFiles/dhry1.dir/C_/Users/Christopher_Martin/Documents/Pico_SDK/pico-sdk/src/rp2_common/pico_float/float_v1_rom_shim.S.obj
                0x10004d94                float_table_shim_on_use_helper
 .text.__wrap_malloc
                0x10004dc0       0x24 CMakeFiles/dhry1.dir/C_/Users/Christopher_Martin/Documents/Pico_SDK/pico-sdk/src/rp2_common/pico_malloc/pico_malloc.c.obj
                0x10004dc0                __wrap_malloc
 .text          0x10004de4       0x10 CMakeFiles/dhry1.dir/C_/Users/Christopher_Martin/Documents/Pico_SDK/pico-sdk/src/rp2_common/pico_mem_ops/mem_ops_aeabi.S.obj
                0x10004de4                __aeabi_mem_init
 .text.memset   0x10004df4        0xc CMakeFiles/dhry1.dir/C_/Users/Christopher_Martin/Documents/Pico_SDK/pico-sdk/src/rp2_common/pico_mem_ops/mem_ops_aeabi.S.obj
                0x10004df4                __wrap_memset
 .text.memcpy   0x10004e00        0xc CMakeFiles/dhry1.dir/C_/Users/Christopher_Martin/Documents/Pico_SDK/pico-sdk/src/rp2_common/pico_mem_ops/mem_ops_aeabi.S.obj
                0x10004e00                __wrap_memcpy
                0x10004e00                __wrap___aeabi_memcpy
 .text.stdio_out_chars_no_crlf
                0x10004e0c       0x10 CMakeFiles/dhry1.dir/C_/Users/Christopher_Martin/Documents/Pico_SDK/pico-sdk/src/rp2_common/pico_stdio/stdio.c.obj
 .text.stdio_out_chars_crlf
                0x10004e1c       0xb4 CMakeFiles/dhry1.dir/C_/Users/Christopher_Martin/Documents/Pico_SDK/pico-sdk/src/rp2_common/pico_stdio/stdio.c.obj
 .text.stdio_buffered_printer
                0x10004ed0       0x64 CMakeFiles/dhry1.dir/C_/Users/Christopher_Martin/Documents/Pico_SDK/pico-sdk/src/rp2_common/pico_stdio/stdio.c.obj
 .text.stdio_put_string.isra.0
                0x10004f34       0xfc CMakeFiles/dhry1.dir/C_/Users/Christopher_Martin/Documents/Pico_SDK/pico-sdk/src/rp2_common/pico_stdio/stdio.c.obj
 .text.__wrap_putchar
                0x10005030       0xa0 CMakeFiles/dhry1.dir/C_/Users/Christopher_Martin/Documents/Pico_SDK/pico-sdk/src/rp2_common/pico_stdio/stdio.c.obj
                0x10005030                __wrap_putchar
 .text.__wrap_puts
                0x100050d0       0x3c CMakeFiles/dhry1.dir/C_/Users/Christopher_Martin/Documents/Pico_SDK/pico-sdk/src/rp2_common/pico_stdio/stdio.c.obj
                0x100050d0                __wrap_puts
 .text.stdio_set_driver_enabled
                0x1000510c       0x30 CMakeFiles/dhry1.dir/C_/Users/Christopher_Martin/Documents/Pico_SDK/pico-sdk/src/rp2_common/pico_stdio/stdio.c.obj
                0x1000510c                stdio_set_driver_enabled
 .text.__wrap_vprintf
                0x1000513c       0xd4 CMakeFiles/dhry1.dir/C_/Users/Christopher_Martin/Documents/Pico_SDK/pico-sdk/src/rp2_common/pico_stdio/stdio.c.obj
                0x1000513c                __wrap_vprintf
 .text.__wrap_printf
                0x10005210       0x18 CMakeFiles/dhry1.dir/C_/Users/Christopher_Martin/Documents/Pico_SDK/pico-sdk/src/rp2_common/pico_stdio/stdio.c.obj
                0x10005210                __wrap_printf
 .text.stdio_init_all
                0x10005228        0xc CMakeFiles/dhry1.dir/C_/Users/Christopher_Martin/Documents/Pico_SDK/pico-sdk/src/rp2_common/pico_stdio/stdio.c.obj
                0x10005228                stdio_init_all
 .text.stdio_uart_out_chars
                0x10005234       0x4c CMakeFiles/dhry1.dir/C_/Users/Christopher_Martin/Documents/Pico_SDK/pico-sdk/src/rp2_common/pico_stdio_uart/stdio_uart.c.obj
 .text.stdio_uart_in_chars
                0x10005280       0x38 CMakeFiles/dhry1.dir/C_/Users/Christopher_Martin/Documents/Pico_SDK/pico-sdk/src/rp2_common/pico_stdio_uart/stdio_uart.c.obj
                0x10005280                stdio_uart_in_chars
 .text.stdio_uart_init
                0x100052b8       0x48 CMakeFiles/dhry1.dir/C_/Users/Christopher_Martin/Documents/Pico_SDK/pico-sdk/src/rp2_common/pico_stdio_uart/stdio_uart.c.obj
                0x100052b8                stdio_uart_init
 .text.resetd_init
                0x10005300        0x4 CMakeFiles/dhry1.dir/C_/Users/Christopher_Martin/Documents/Pico_SDK/pico-sdk/src/rp2_common/pico_stdio_usb/reset_interface.c.obj
 .text.resetd_reset
                0x10005304        0xc CMakeFiles/dhry1.dir/C_/Users/Christopher_Martin/Documents/Pico_SDK/pico-sdk/src/rp2_common/pico_stdio_usb/reset_interface.c.obj
 .text.resetd_open
                0x10005310       0x28 CMakeFiles/dhry1.dir/C_/Users/Christopher_Martin/Documents/Pico_SDK/pico-sdk/src/rp2_common/pico_stdio_usb/reset_interface.c.obj
 .text.resetd_xfer_cb
                0x10005338        0x4 CMakeFiles/dhry1.dir/C_/Users/Christopher_Martin/Documents/Pico_SDK/pico-sdk/src/rp2_common/pico_stdio_usb/reset_interface.c.obj
 .text.resetd_control_xfer_cb
                0x1000533c       0x64 CMakeFiles/dhry1.dir/C_/Users/Christopher_Martin/Documents/Pico_SDK/pico-sdk/src/rp2_common/pico_stdio_usb/reset_interface.c.obj
 .text.usbd_app_driver_get_cb
                0x100053a0        0xc CMakeFiles/dhry1.dir/C_/Users/Christopher_Martin/Documents/Pico_SDK/pico-sdk/src/rp2_common/pico_stdio_usb/reset_interface.c.obj
                0x100053a0                usbd_app_driver_get_cb
 .text.tud_cdc_line_coding_cb
                0x100053ac       0x34 CMakeFiles/dhry1.dir/C_/Users/Christopher_Martin/Documents/Pico_SDK/pico-sdk/src/rp2_common/pico_stdio_usb/reset_interface.c.obj
                0x100053ac                tud_cdc_line_coding_cb
 .text.stdio_usb_in_chars
                0x100053e0       0x68 CMakeFiles/dhry1.dir/C_/Users/Christopher_Martin/Documents/Pico_SDK/pico-sdk/src/rp2_common/pico_stdio_usb/stdio_usb.c.obj
                0x100053e0                stdio_usb_in_chars
 .text.stdio_usb_out_chars
                0x10005448       0xe8 CMakeFiles/dhry1.dir/C_/Users/Christopher_Martin/Documents/Pico_SDK/pico-sdk/src/rp2_common/pico_stdio_usb/stdio_usb.c.obj
 .text.timer_task
                0x10005530       0x18 CMakeFiles/dhry1.dir/C_/Users/Christopher_Martin/Documents/Pico_SDK/pico-sdk/src/rp2_common/pico_stdio_usb/stdio_usb.c.obj
 .text.usb_irq  0x10005548       0x10 CMakeFiles/dhry1.dir/C_/Users/Christopher_Martin/Documents/Pico_SDK/pico-sdk/src/rp2_common/pico_stdio_usb/stdio_usb.c.obj
 .text.low_priority_worker_irq
                0x10005558       0x24 CMakeFiles/dhry1.dir/C_/Users/Christopher_Martin/Documents/Pico_SDK/pico-sdk/src/rp2_common/pico_stdio_usb/stdio_usb.c.obj
 .text.stdio_usb_init
                0x1000557c       0xb0 CMakeFiles/dhry1.dir/C_/Users/Christopher_Martin/Documents/Pico_SDK/pico-sdk/src/rp2_common/pico_stdio_usb/stdio_usb.c.obj
                0x1000557c                stdio_usb_init
 .text.tud_descriptor_device_cb
                0x1000562c        0x8 CMakeFiles/dhry1.dir/C_/Users/Christopher_Martin/Documents/Pico_SDK/pico-sdk/src/rp2_common/pico_stdio_usb/stdio_usb_descriptors.c.obj
                0x1000562c                tud_descriptor_device_cb
 .text.tud_descriptor_configuration_cb
                0x10005634        0x8 CMakeFiles/dhry1.dir/C_/Users/Christopher_Martin/Documents/Pico_SDK/pico-sdk/src/rp2_common/pico_stdio_usb/stdio_usb_descriptors.c.obj
                0x10005634                tud_descriptor_configuration_cb
 .text.tud_descriptor_string_cb
                0x1000563c       0x74 CMakeFiles/dhry1.dir/C_/Users/Christopher_Martin/Documents/Pico_SDK/pico-sdk/src/rp2_common/pico_stdio_usb/stdio_usb_descriptors.c.obj
                0x1000563c                tud_descriptor_string_cb
 .text.dcd_rp2040_irq
                0x100056b0      0x1cc CMakeFiles/dhry1.dir/C_/Users/Christopher_Martin/Documents/Pico_SDK/pico-sdk/lib/tinyusb/src/portable/raspberrypi/rp2040/dcd_rp2040.c.obj
 .text.dcd_int_enable
                0x1000587c        0xc CMakeFiles/dhry1.dir/C_/Users/Christopher_Martin/Documents/Pico_SDK/pico-sdk/lib/tinyusb/src/portable/raspberrypi/rp2040/dcd_rp2040.c.obj
                0x1000587c                dcd_int_enable
 .text.dcd_set_address
                0x10005888       0x14 CMakeFiles/dhry1.dir/C_/Users/Christopher_Martin/Documents/Pico_SDK/pico-sdk/lib/tinyusb/src/portable/raspberrypi/rp2040/dcd_rp2040.c.obj
                0x10005888                dcd_set_address
 .text.dcd_connect
                0x1000589c       0x10 CMakeFiles/dhry1.dir/C_/Users/Christopher_Martin/Documents/Pico_SDK/pico-sdk/lib/tinyusb/src/portable/raspberrypi/rp2040/dcd_rp2040.c.obj
                0x1000589c                dcd_connect
 .text.dcd_init
                0x100058ac       0xf0 CMakeFiles/dhry1.dir/C_/Users/Christopher_Martin/Documents/Pico_SDK/pico-sdk/lib/tinyusb/src/portable/raspberrypi/rp2040/dcd_rp2040.c.obj
                0x100058ac                dcd_init
 .text.dcd_edpt0_status_complete
                0x1000599c       0x1c CMakeFiles/dhry1.dir/C_/Users/Christopher_Martin/Documents/Pico_SDK/pico-sdk/lib/tinyusb/src/portable/raspberrypi/rp2040/dcd_rp2040.c.obj
                0x1000599c                dcd_edpt0_status_complete
 .text.dcd_edpt_open
                0x100059b8       0xf0 CMakeFiles/dhry1.dir/C_/Users/Christopher_Martin/Documents/Pico_SDK/pico-sdk/lib/tinyusb/src/portable/raspberrypi/rp2040/dcd_rp2040.c.obj
                0x100059b8                dcd_edpt_open
 .text.dcd_edpt_close_all
                0x10005aa8       0x68 CMakeFiles/dhry1.dir/C_/Users/Christopher_Martin/Documents/Pico_SDK/pico-sdk/lib/tinyusb/src/portable/raspberrypi/rp2040/dcd_rp2040.c.obj
                0x10005aa8                dcd_edpt_close_all
 .text.dcd_edpt_xfer
                0x10005b10       0x24 CMakeFiles/dhry1.dir/C_/Users/Christopher_Martin/Documents/Pico_SDK/pico-sdk/lib/tinyusb/src/portable/raspberrypi/rp2040/dcd_rp2040.c.obj
                0x10005b10                dcd_edpt_xfer
 .text.dcd_edpt_stall
                0x10005b34       0x38 CMakeFiles/dhry1.dir/C_/Users/Christopher_Martin/Documents/Pico_SDK/pico-sdk/lib/tinyusb/src/portable/raspberrypi/rp2040/dcd_rp2040.c.obj
                0x10005b34                dcd_edpt_stall
 .text.dcd_edpt_clear_stall
                0x10005b6c       0x30 CMakeFiles/dhry1.dir/C_/Users/Christopher_Martin/Documents/Pico_SDK/pico-sdk/lib/tinyusb/src/portable/raspberrypi/rp2040/dcd_rp2040.c.obj
                0x10005b6c                dcd_edpt_clear_stall
 .text._hw_endpoint_buffer_control_update32.part.0.isra.0
                0x10005b9c       0x1c CMakeFiles/dhry1.dir/C_/Users/Christopher_Martin/Documents/Pico_SDK/pico-sdk/lib/tinyusb/src/portable/raspberrypi/rp2040/rp2040_usb.c.obj
 .text.rp2040_usb_init
                0x10005bb8       0x4c CMakeFiles/dhry1.dir/C_/Users/Christopher_Martin/Documents/Pico_SDK/pico-sdk/lib/tinyusb/src/portable/raspberrypi/rp2040/rp2040_usb.c.obj
                0x10005bb8                rp2040_usb_init
 .text.hw_endpoint_reset_transfer
                0x10005c04        0xc CMakeFiles/dhry1.dir/C_/Users/Christopher_Martin/Documents/Pico_SDK/pico-sdk/lib/tinyusb/src/portable/raspberrypi/rp2040/rp2040_usb.c.obj
                0x10005c04                hw_endpoint_reset_transfer
 .text._hw_endpoint_buffer_control_update32
                0x10005c10       0x44 CMakeFiles/dhry1.dir/C_/Users/Christopher_Martin/Documents/Pico_SDK/pico-sdk/lib/tinyusb/src/portable/raspberrypi/rp2040/rp2040_usb.c.obj
                0x10005c10                _hw_endpoint_buffer_control_update32
 .text.hw_endpoint_xfer_start
                0x10005c54      0x134 CMakeFiles/dhry1.dir/C_/Users/Christopher_Martin/Documents/Pico_SDK/pico-sdk/lib/tinyusb/src/portable/raspberrypi/rp2040/rp2040_usb.c.obj
                0x10005c54                hw_endpoint_xfer_start
 .text.hw_endpoint_xfer_continue
                0x10005d88      0x1dc CMakeFiles/dhry1.dir/C_/Users/Christopher_Martin/Documents/Pico_SDK/pico-sdk/lib/tinyusb/src/portable/raspberrypi/rp2040/rp2040_usb.c.obj
                0x10005d88                hw_endpoint_xfer_continue
 .text.tud_mounted
                0x10005f64       0x10 CMakeFiles/dhry1.dir/C_/Users/Christopher_Martin/Documents/Pico_SDK/pico-sdk/lib/tinyusb/src/device/usbd.c.obj
                0x10005f64                tud_mounted
 .text.tud_suspended
                0x10005f74       0x10 CMakeFiles/dhry1.dir/C_/Users/Christopher_Martin/Documents/Pico_SDK/pico-sdk/lib/tinyusb/src/device/usbd.c.obj
                0x10005f74                tud_suspended
 .text.tud_inited
                0x10005f84        0xc CMakeFiles/dhry1.dir/C_/Users/Christopher_Martin/Documents/Pico_SDK/pico-sdk/lib/tinyusb/src/device/usbd.c.obj
                0x10005f84                tud_inited
 .text.tud_init
                0x10005f90       0xd8 CMakeFiles/dhry1.dir/C_/Users/Christopher_Martin/Documents/Pico_SDK/pico-sdk/lib/tinyusb/src/device/usbd.c.obj
                0x10005f90                tud_init
 .text.tud_task
                0x10006068      0x93c CMakeFiles/dhry1.dir/C_/Users/Christopher_Martin/Documents/Pico_SDK/pico-sdk/lib/tinyusb/src/device/usbd.c.obj
                0x10006068                tud_task
 .text.dcd_event_bus_signal
                0x100069a4      0x120 CMakeFiles/dhry1.dir/C_/Users/Christopher_Martin/Documents/Pico_SDK/pico-sdk/lib/tinyusb/src/device/usbd.c.obj
                0x100069a4                dcd_event_bus_signal
 .text.dcd_event_bus_reset
                0x10006ac4       0x54 CMakeFiles/dhry1.dir/C_/Users/Christopher_Martin/Documents/Pico_SDK/pico-sdk/lib/tinyusb/src/device/usbd.c.obj
                0x10006ac4                dcd_event_bus_reset
 .text.dcd_event_setup_received
                0x10006b18       0x50 CMakeFiles/dhry1.dir/C_/Users/Christopher_Martin/Documents/Pico_SDK/pico-sdk/lib/tinyusb/src/device/usbd.c.obj
                0x10006b18                dcd_event_setup_received
 .text.dcd_event_xfer_complete
                0x10006b68       0x68 CMakeFiles/dhry1.dir/C_/Users/Christopher_Martin/Documents/Pico_SDK/pico-sdk/lib/tinyusb/src/device/usbd.c.obj
                0x10006b68                dcd_event_xfer_complete
 .text.usbd_open_edpt_pair
                0x10006bd0       0x80 CMakeFiles/dhry1.dir/C_/Users/Christopher_Martin/Documents/Pico_SDK/pico-sdk/lib/tinyusb/src/device/usbd.c.obj
                0x10006bd0                usbd_open_edpt_pair
 .text.usbd_edpt_open
                0x10006c50       0x30 CMakeFiles/dhry1.dir/C_/Users/Christopher_Martin/Documents/Pico_SDK/pico-sdk/lib/tinyusb/src/device/usbd.c.obj
                0x10006c50                usbd_edpt_open
 .text.usbd_edpt_claim
                0x10006c80       0x64 CMakeFiles/dhry1.dir/C_/Users/Christopher_Martin/Documents/Pico_SDK/pico-sdk/lib/tinyusb/src/device/usbd.c.obj
                0x10006c80                usbd_edpt_claim
 .text.usbd_edpt_release
                0x10006ce4       0x4c CMakeFiles/dhry1.dir/C_/Users/Christopher_Martin/Documents/Pico_SDK/pico-sdk/lib/tinyusb/src/device/usbd.c.obj
                0x10006ce4                usbd_edpt_release
 .text.usbd_edpt_xfer
                0x10006d30       0x48 CMakeFiles/dhry1.dir/C_/Users/Christopher_Martin/Documents/Pico_SDK/pico-sdk/lib/tinyusb/src/device/usbd.c.obj
                0x10006d30                usbd_edpt_xfer
 .text.tud_control_status
                0x10006d78       0x2c CMakeFiles/dhry1.dir/C_/Users/Christopher_Martin/Documents/Pico_SDK/pico-sdk/lib/tinyusb/src/device/usbd_control.c.obj
                0x10006d78                tud_control_status
 .text.tud_control_xfer
                0x10006da4       0xac CMakeFiles/dhry1.dir/C_/Users/Christopher_Martin/Documents/Pico_SDK/pico-sdk/lib/tinyusb/src/device/usbd_control.c.obj
                0x10006da4                tud_control_xfer
 .text.usbd_control_reset
                0x10006e50       0x14 CMakeFiles/dhry1.dir/C_/Users/Christopher_Martin/Documents/Pico_SDK/pico-sdk/lib/tinyusb/src/device/usbd_control.c.obj
                0x10006e50                usbd_control_reset
 .text.usbd_control_set_complete_callback
                0x10006e64        0xc CMakeFiles/dhry1.dir/C_/Users/Christopher_Martin/Documents/Pico_SDK/pico-sdk/lib/tinyusb/src/device/usbd_control.c.obj
                0x10006e64                usbd_control_set_complete_callback
 .text.usbd_control_set_request
                0x10006e70       0x1c CMakeFiles/dhry1.dir/C_/Users/Christopher_Martin/Documents/Pico_SDK/pico-sdk/lib/tinyusb/src/device/usbd_control.c.obj
                0x10006e70                usbd_control_set_request
 .text.usbd_control_xfer_cb
                0x10006e8c       0xf4 CMakeFiles/dhry1.dir/C_/Users/Christopher_Martin/Documents/Pico_SDK/pico-sdk/lib/tinyusb/src/device/usbd_control.c.obj
                0x10006e8c                usbd_control_xfer_cb
 .text.tud_cdc_n_connected
                0x10006f80       0x30 CMakeFiles/dhry1.dir/C_/Users/Christopher_Martin/Documents/Pico_SDK/pico-sdk/lib/tinyusb/src/class/cdc/cdc_device.c.obj
                0x10006f80                tud_cdc_n_connected
 .text.tud_cdc_n_available
                0x10006fb0       0x18 CMakeFiles/dhry1.dir/C_/Users/Christopher_Martin/Documents/Pico_SDK/pico-sdk/lib/tinyusb/src/class/cdc/cdc_device.c.obj
                0x10006fb0                tud_cdc_n_available
 .text.tud_cdc_n_read
                0x10006fc8       0x70 CMakeFiles/dhry1.dir/C_/Users/Christopher_Martin/Documents/Pico_SDK/pico-sdk/lib/tinyusb/src/class/cdc/cdc_device.c.obj
                0x10006fc8                tud_cdc_n_read
 .text.tud_cdc_n_write_flush
                0x10007038       0x78 CMakeFiles/dhry1.dir/C_/Users/Christopher_Martin/Documents/Pico_SDK/pico-sdk/lib/tinyusb/src/class/cdc/cdc_device.c.obj
                0x10007038                tud_cdc_n_write_flush
 .text.tud_cdc_n_write
                0x100070b0       0x34 CMakeFiles/dhry1.dir/C_/Users/Christopher_Martin/Documents/Pico_SDK/pico-sdk/lib/tinyusb/src/class/cdc/cdc_device.c.obj
                0x100070b0                tud_cdc_n_write
 .text.tud_cdc_n_write_available
                0x100070e4       0x18 CMakeFiles/dhry1.dir/C_/Users/Christopher_Martin/Documents/Pico_SDK/pico-sdk/lib/tinyusb/src/class/cdc/cdc_device.c.obj
                0x100070e4                tud_cdc_n_write_available
 .text.cdcd_init
                0x100070fc       0x7c CMakeFiles/dhry1.dir/C_/Users/Christopher_Martin/Documents/Pico_SDK/pico-sdk/lib/tinyusb/src/class/cdc/cdc_device.c.obj
                0x100070fc                cdcd_init
 .text.cdcd_reset
                0x10007178       0x2c CMakeFiles/dhry1.dir/C_/Users/Christopher_Martin/Documents/Pico_SDK/pico-sdk/lib/tinyusb/src/class/cdc/cdc_device.c.obj
                0x10007178                cdcd_reset
 .text.cdcd_open
                0x100071a4       0xe4 CMakeFiles/dhry1.dir/C_/Users/Christopher_Martin/Documents/Pico_SDK/pico-sdk/lib/tinyusb/src/class/cdc/cdc_device.c.obj
                0x100071a4                cdcd_open
 .text.cdcd_control_xfer_cb
                0x10007288       0xe4 CMakeFiles/dhry1.dir/C_/Users/Christopher_Martin/Documents/Pico_SDK/pico-sdk/lib/tinyusb/src/class/cdc/cdc_device.c.obj
                0x10007288                cdcd_control_xfer_cb
 .text.cdcd_xfer_cb
                0x1000736c      0x148 CMakeFiles/dhry1.dir/C_/Users/Christopher_Martin/Documents/Pico_SDK/pico-sdk/lib/tinyusb/src/class/cdc/cdc_device.c.obj
                0x1000736c                cdcd_xfer_cb
 .text.tusb_init
                0x100074b4        0xc CMakeFiles/dhry1.dir/C_/Users/Christopher_Martin/Documents/Pico_SDK/pico-sdk/lib/tinyusb/src/tusb.c.obj
                0x100074b4                tusb_init
 .text.tusb_inited
                0x100074c0        0x8 CMakeFiles/dhry1.dir/C_/Users/Christopher_Martin/Documents/Pico_SDK/pico-sdk/lib/tinyusb/src/tusb.c.obj
                0x100074c0                tusb_inited
 .text.tu_edpt_validate
                0x100074c8       0x78 CMakeFiles/dhry1.dir/C_/Users/Christopher_Martin/Documents/Pico_SDK/pico-sdk/lib/tinyusb/src/tusb.c.obj
                0x100074c8                tu_edpt_validate
 .text.tu_edpt_bind_driver
                0x10007540       0x2c CMakeFiles/dhry1.dir/C_/Users/Christopher_Martin/Documents/Pico_SDK/pico-sdk/lib/tinyusb/src/tusb.c.obj
                0x10007540                tu_edpt_bind_driver
 .text.tu_fifo_config
                0x1000756c       0x78 CMakeFiles/dhry1.dir/C_/Users/Christopher_Martin/Documents/Pico_SDK/pico-sdk/lib/tinyusb/src/common/tusb_fifo.c.obj
                0x1000756c                tu_fifo_config
 .text.tu_fifo_count
                0x100075e4       0x20 CMakeFiles/dhry1.dir/C_/Users/Christopher_Martin/Documents/Pico_SDK/pico-sdk/lib/tinyusb/src/common/tusb_fifo.c.obj
                0x100075e4                tu_fifo_count
 .text.tu_fifo_empty
                0x10007604       0x10 CMakeFiles/dhry1.dir/C_/Users/Christopher_Martin/Documents/Pico_SDK/pico-sdk/lib/tinyusb/src/common/tusb_fifo.c.obj
                0x10007604                tu_fifo_empty
 .text.tu_fifo_remaining
                0x10007614       0x1c CMakeFiles/dhry1.dir/C_/Users/Christopher_Martin/Documents/Pico_SDK/pico-sdk/lib/tinyusb/src/common/tusb_fifo.c.obj
                0x10007614                tu_fifo_remaining
 .text.tu_fifo_read
                0x10007630       0x9c CMakeFiles/dhry1.dir/C_/Users/Christopher_Martin/Documents/Pico_SDK/pico-sdk/lib/tinyusb/src/common/tusb_fifo.c.obj
                0x10007630                tu_fifo_read
 .text.tu_fifo_read_n
                0x100076cc       0xfc CMakeFiles/dhry1.dir/C_/Users/Christopher_Martin/Documents/Pico_SDK/pico-sdk/lib/tinyusb/src/common/tusb_fifo.c.obj
                0x100076cc                tu_fifo_read_n
 .text.tu_fifo_write
                0x100077c8       0x7c CMakeFiles/dhry1.dir/C_/Users/Christopher_Martin/Documents/Pico_SDK/pico-sdk/lib/tinyusb/src/common/tusb_fifo.c.obj
                0x100077c8                tu_fifo_write
 .text.tu_fifo_write_n
                0x10007844      0x100 CMakeFiles/dhry1.dir/C_/Users/Christopher_Martin/Documents/Pico_SDK/pico-sdk/lib/tinyusb/src/common/tusb_fifo.c.obj
                0x10007844                tu_fifo_write_n
 .text.tu_fifo_clear
                0x10007944       0x4c CMakeFiles/dhry1.dir/C_/Users/Christopher_Martin/Documents/Pico_SDK/pico-sdk/lib/tinyusb/src/common/tusb_fifo.c.obj
                0x10007944                tu_fifo_clear
 .text.tu_fifo_set_overwritable
                0x10007990       0x3c CMakeFiles/dhry1.dir/C_/Users/Christopher_Martin/Documents/Pico_SDK/pico-sdk/lib/tinyusb/src/common/tusb_fifo.c.obj
                0x10007990                tu_fifo_set_overwritable
 .text.startup._retrieve_unique_id_on_boot
                0x100079cc       0x10 CMakeFiles/dhry1.dir/C_/Users/Christopher_Martin/Documents/Pico_SDK/pico-sdk/src/rp2_common/pico_unique_id/unique_id.c.obj
 .text.pico_get_unique_board_id_string
                0x100079dc      0x1a8 CMakeFiles/dhry1.dir/C_/Users/Christopher_Martin/Documents/Pico_SDK/pico-sdk/src/rp2_common/pico_unique_id/unique_id.c.obj
                0x100079dc                pico_get_unique_board_id_string
 .text.flash_get_unique_id
                0x10007b84       0x40 CMakeFiles/dhry1.dir/C_/Users/Christopher_Martin/Documents/Pico_SDK/pico-sdk/src/rp2_common/hardware_flash/flash.c.obj
                0x10007b84                flash_get_unique_id
 .text.malloc   0x10007bc4       0x14 c:/progra~2/armgnu~1/1142da~1.3re/bin/../lib/gcc/arm-none-eabi/11.3.1/thumb/v6-m/nofp\libc.a(libc_a-malloc.o)
                0x10007bc4                malloc
 .text._malloc_r
                0x10007bd8      0x57c c:/progra~2/armgnu~1/1142da~1.3re/bin/../lib/gcc/arm-none-eabi/11.3.1/thumb/v6-m/nofp\libc.a(libc_a-mallocr.o)
                0x10007bd8                _malloc_r
 .text.__malloc_lock
                0x10008154       0x10 c:/progra~2/armgnu~1/1142da~1.3re/bin/../lib/gcc/arm-none-eabi/11.3.1/thumb/v6-m/nofp\libc.a(libc_a-mlock.o)
                0x10008154                __malloc_lock
 .text.__malloc_unlock
                0x10008164       0x10 c:/progra~2/armgnu~1/1142da~1.3re/bin/../lib/gcc/arm-none-eabi/11.3.1/thumb/v6-m/nofp\libc.a(libc_a-mlock.o)
                0x10008164                __malloc_unlock
 .text._sbrk_r  0x10008174       0x24 c:/progra~2/armgnu~1/1142da~1.3re/bin/../lib/gcc/arm-none-eabi/11.3.1/thumb/v6-m/nofp\libc.a(libc_a-sbrkr.o)
                0x10008174                _sbrk_r
 .text.__retarget_lock_acquire_recursive
                0x10008198        0x4 c:/progra~2/armgnu~1/1142da~1.3re/bin/../lib/gcc/arm-none-eabi/11.3.1/thumb/v6-m/nofp\libc.a(libc_a-lock.o)
                0x10008198                __retarget_lock_acquire_recursive
 .text.__retarget_lock_release_recursive
                0x1000819c        0x4 c:/progra~2/armgnu~1/1142da~1.3re/bin/../lib/gcc/arm-none-eabi/11.3.1/thumb/v6-m/nofp\libc.a(libc_a-lock.o)
                0x1000819c                __retarget_lock_release_recursive
 .text          0x100081a0       0x88 c:/progra~2/armgnu~1/1142da~1.3re/bin/../lib/gcc/arm-none-eabi/11.3.1/thumb/v6-m/nofp\libc.a(libc_a-strcmp.o)
                0x100081a0                strcmp
 .text.strlen   0x10008228       0x5c c:/progra~2/armgnu~1/1142da~1.3re/bin/../lib/gcc/arm-none-eabi/11.3.1/thumb/v6-m/nofp\libc.a(libc_a-strlen-stub.o)
                0x10008228                strlen
 .text._malloc_trim_r
                0x10008284       0x9c c:/progra~2/armgnu~1/1142da~1.3re/bin/../lib/gcc/arm-none-eabi/11.3.1/thumb/v6-m/nofp\libc.a(libc_a-freer.o)
                0x10008284                _malloc_trim_r
 .text._free_r  0x10008320      0x1bc c:/progra~2/armgnu~1/1142da~1.3re/bin/../lib/gcc/arm-none-eabi/11.3.1/thumb/v6-m/nofp\libc.a(libc_a-freer.o)
                0x10008320                _free_r
 *(.fini)
 .fini          0x100084dc        0x4 c:/progra~2/armgnu~1/1142da~1.3re/bin/../lib/gcc/arm-none-eabi/11.3.1/thumb/v6-m/nofp/crti.o
                0x100084dc                _fini
 .fini.__stub   0x100084e0       0x70 linker stubs
 *crtbegin.o(.ctors)
 *crtbegin?.o(.ctors)
 *(EXCLUDE_FILE(*crtend.o *crtend?.o) .ctors)
 *(SORT_BY_NAME(.ctors.*))
 *(.ctors)
 *crtbegin.o(.dtors)
 *crtbegin?.o(.dtors)
 *(EXCLUDE_FILE(*crtend.o *crtend?.o) .dtors)
 *(SORT_BY_NAME(.dtors.*))
 *(.dtors)
 *(.eh_frame*)
 .eh_frame      0x10008550        0x0 c:/progra~2/armgnu~1/1142da~1.3re/bin/../lib/gcc/arm-none-eabi/11.3.1/thumb/v6-m/nofp/crtbegin.o
                0x10008550                . = ALIGN (0x4)

.glue_7         0x10008550        0x0
 .glue_7        0x10008550        0x0 linker stubs

.glue_7t        0x10008550        0x0
 .glue_7t       0x10008550        0x0 linker stubs

.vfp11_veneer   0x10008550        0x0
 .vfp11_veneer  0x10008550        0x0 linker stubs

.v4_bx          0x10008550        0x0
 .v4_bx         0x10008550        0x0 linker stubs

.iplt           0x10008550        0x0
 .iplt          0x10008550        0x0 c:/progra~2/armgnu~1/1142da~1.3re/bin/../lib/gcc/arm-none-eabi/11.3.1/thumb/v6-m/nofp/crtbegin.o

.rodata         0x10008550      0x964
 *(EXCLUDE_FILE(*libm.a: *libc.a:*lib_a-mem*.o *libgcc.a:) .rodata*)
 .rodata.main.str1.4
                0x10008550      0x447 CMakeFiles/dhry1.dir/dhry1.c.obj
 *fill*         0x10008997        0x1 
 .rodata.spin_lock_claim_unused.str1.4
                0x10008998       0x1b CMakeFiles/dhry1.dir/C_/Users/Christopher_Martin/Documents/Pico_SDK/pico-sdk/src/rp2_common/hardware_sync/sync.c.obj
 *fill*         0x100089b3        0x1 
 .rodata.user_irq_claim_unused.str1.4
                0x100089b4       0x1b CMakeFiles/dhry1.dir/C_/Users/Christopher_Martin/Documents/Pico_SDK/pico-sdk/src/rp2_common/hardware_irq/irq.c.obj
 *fill*         0x100089cf        0x1 
 .rodata.hardware_alarm_claim.str1.4
                0x100089d0       0x22 CMakeFiles/dhry1.dir/C_/Users/Christopher_Martin/Documents/Pico_SDK/pico-sdk/src/rp2_common/hardware_timer/timer.c.obj
 *fill*         0x100089f2        0x2 
 .rodata.panic.str1.4
                0x100089f4       0x10 CMakeFiles/dhry1.dir/C_/Users/Christopher_Martin/Documents/Pico_SDK/pico-sdk/src/rp2_common/pico_runtime/runtime.c.obj
                                 0x12 (size before relaxing)
 .rodata.hard_assertion_failure.str1.4
                0x10008a04        0xc CMakeFiles/dhry1.dir/C_/Users/Christopher_Martin/Documents/Pico_SDK/pico-sdk/src/rp2_common/pico_runtime/runtime.c.obj
 .rodata._ftoa.str1.4
                0x10008a10       0x15 CMakeFiles/dhry1.dir/C_/Users/Christopher_Martin/Documents/Pico_SDK/pico-sdk/src/rp2_common/pico_printf/printf.c.obj
 *fill*         0x10008a25        0x3 
 .rodata._vsnprintf
                0x10008a28      0x19c CMakeFiles/dhry1.dir/C_/Users/Christopher_Martin/Documents/Pico_SDK/pico-sdk/src/rp2_common/pico_printf/printf.c.obj
 *fill*         0x10008bc4        0x4 
 .rodata.pow10.0
                0x10008bc8       0x50 CMakeFiles/dhry1.dir/C_/Users/Christopher_Martin/Documents/Pico_SDK/pico-sdk/src/rp2_common/pico_printf/printf.c.obj
 .rodata.__wrap_malloc.str1.4
                0x10008c18        0xe CMakeFiles/dhry1.dir/C_/Users/Christopher_Martin/Documents/Pico_SDK/pico-sdk/src/rp2_common/pico_malloc/pico_malloc.c.obj
 *fill*         0x10008c26        0x2 
 .rodata.str1.4
                0x10008c28       0x3c CMakeFiles/dhry1.dir/C_/Users/Christopher_Martin/Documents/Pico_SDK/pico-sdk/src/rp2_common/pico_standard_link/binary_info.c.obj
 .rodata.__bi_44
                0x10008c64        0xc CMakeFiles/dhry1.dir/C_/Users/Christopher_Martin/Documents/Pico_SDK/pico-sdk/src/rp2_common/pico_standard_link/binary_info.c.obj
 .rodata.__bi_75
                0x10008c70        0xc CMakeFiles/dhry1.dir/C_/Users/Christopher_Martin/Documents/Pico_SDK/pico-sdk/src/rp2_common/pico_standard_link/binary_info.c.obj
 .rodata.__bi_81
                0x10008c7c        0xc CMakeFiles/dhry1.dir/C_/Users/Christopher_Martin/Documents/Pico_SDK/pico-sdk/src/rp2_common/pico_standard_link/binary_info.c.obj
 .rodata.crlf_str.0
                0x10008c88        0x2 CMakeFiles/dhry1.dir/C_/Users/Christopher_Martin/Documents/Pico_SDK/pico-sdk/src/rp2_common/pico_stdio/stdio.c.obj
 *fill*         0x10008c8a        0x2 
 .rodata.str1.4
                0x10008c8c       0x2c CMakeFiles/dhry1.dir/C_/Users/Christopher_Martin/Documents/Pico_SDK/pico-sdk/src/rp2_common/pico_stdio_uart/stdio_uart.c.obj
 .rodata.__bi_28.4
                0x10008cb8        0xc CMakeFiles/dhry1.dir/C_/Users/Christopher_Martin/Documents/Pico_SDK/pico-sdk/src/rp2_common/pico_stdio_uart/stdio_uart.c.obj
 .rodata.__bi_29.5
                0x10008cc4        0x8 CMakeFiles/dhry1.dir/C_/Users/Christopher_Martin/Documents/Pico_SDK/pico-sdk/src/rp2_common/pico_stdio_uart/stdio_uart.c.obj
 .rodata._resetd_driver
                0x10008ccc       0x18 CMakeFiles/dhry1.dir/C_/Users/Christopher_Martin/Documents/Pico_SDK/pico-sdk/src/rp2_common/pico_stdio_usb/reset_interface.c.obj
 .rodata.str1.4
                0x10008ce4       0x13 CMakeFiles/dhry1.dir/C_/Users/Christopher_Martin/Documents/Pico_SDK/pico-sdk/src/rp2_common/pico_stdio_usb/stdio_usb.c.obj
 *fill*         0x10008cf7        0x1 
 .rodata.__bi_118.0
                0x10008cf8        0xc CMakeFiles/dhry1.dir/C_/Users/Christopher_Martin/Documents/Pico_SDK/pico-sdk/src/rp2_common/pico_stdio_usb/stdio_usb.c.obj
 .rodata.str1.4
                0x10008d04       0x2a CMakeFiles/dhry1.dir/C_/Users/Christopher_Martin/Documents/Pico_SDK/pico-sdk/src/rp2_common/pico_stdio_usb/stdio_usb_descriptors.c.obj
 *fill*         0x10008d2e        0x2 
 .rodata.usbd_desc_cfg
                0x10008d30       0x54 CMakeFiles/dhry1.dir/C_/Users/Christopher_Martin/Documents/Pico_SDK/pico-sdk/src/rp2_common/pico_stdio_usb/stdio_usb_descriptors.c.obj
 .rodata.usbd_desc_device
                0x10008d84       0x12 CMakeFiles/dhry1.dir/C_/Users/Christopher_Martin/Documents/Pico_SDK/pico-sdk/src/rp2_common/pico_stdio_usb/stdio_usb_descriptors.c.obj
 *fill*         0x10008d96        0x2 
 .rodata.usbd_desc_str
                0x10008d98       0x18 CMakeFiles/dhry1.dir/C_/Users/Christopher_Martin/Documents/Pico_SDK/pico-sdk/src/rp2_common/pico_stdio_usb/stdio_usb_descriptors.c.obj
 .rodata.dcd_rp2040_irq.str1.4
                0x10008db0       0x14 CMakeFiles/dhry1.dir/C_/Users/Christopher_Martin/Documents/Pico_SDK/pico-sdk/lib/tinyusb/src/portable/raspberrypi/rp2040/dcd_rp2040.c.obj
 .rodata._hw_endpoint_buffer_control_update32.part.0.isra.0.str1.4
                0x10008dc4       0x1f CMakeFiles/dhry1.dir/C_/Users/Christopher_Martin/Documents/Pico_SDK/pico-sdk/lib/tinyusb/src/portable/raspberrypi/rp2040/rp2040_usb.c.obj
 *fill*         0x10008de3        0x1 
 .rodata.hw_endpoint_xfer_continue.str1.4
                0x10008de4       0x29 CMakeFiles/dhry1.dir/C_/Users/Christopher_Martin/Documents/Pico_SDK/pico-sdk/lib/tinyusb/src/portable/raspberrypi/rp2040/rp2040_usb.c.obj
 .rodata.str1.4
                0x10008e0d       0x29 CMakeFiles/dhry1.dir/C_/Users/Christopher_Martin/Documents/Pico_SDK/pico-sdk/lib/tinyusb/src/portable/raspberrypi/rp2040/rp2040_usb.c.obj
                                  0x7 (size before relaxing)
 *fill*         0x10008e0d        0x3 
 .rodata.tud_task
                0x10008e10       0x8c CMakeFiles/dhry1.dir/C_/Users/Christopher_Martin/Documents/Pico_SDK/pico-sdk/lib/tinyusb/src/device/usbd.c.obj
 .rodata._usbd_driver
                0x10008e9c       0x18 CMakeFiles/dhry1.dir/C_/Users/Christopher_Martin/Documents/Pico_SDK/pico-sdk/lib/tinyusb/src/device/usbd.c.obj
                0x10008eb4                . = ALIGN (0x4)
 *(SORT_BY_ALIGNMENT(SORT_BY_NAME(.flashdata*)))
                0x10008eb4                . = ALIGN (0x4)

.rel.dyn        0x10008eb4        0x0
 .rel.iplt      0x10008eb4        0x0 c:/progra~2/armgnu~1/1142da~1.3re/bin/../lib/gcc/arm-none-eabi/11.3.1/thumb/v6-m/nofp/crtbegin.o

.ARM.extab
 *(.ARM.extab* .gnu.linkonce.armextab.*)
                0x10008eb4                __exidx_start = .

.ARM.exidx
 *(.ARM.exidx* .gnu.linkonce.armexidx.*)
                0x10008eb4                __exidx_end = .
                0x10008eb4                . = ALIGN (0x4)
                0x10008eb4                __binary_info_start = .

.binary_info    0x10008eb4       0x28
 *(.binary_info.keep.*)
 .binary_info.keep.__bi_ptr22
                0x10008eb4        0x4 CMakeFiles/dhry1.dir/C_/Users/Christopher_Martin/Documents/Pico_SDK/pico-sdk/src/rp2_common/pico_standard_link/binary_info.c.obj
 .binary_info.keep.__bi_ptr30
                0x10008eb8        0x4 CMakeFiles/dhry1.dir/C_/Users/Christopher_Martin/Documents/Pico_SDK/pico-sdk/src/rp2_common/pico_standard_link/binary_info.c.obj
 .binary_info.keep.__bi_ptr38
                0x10008ebc        0x4 CMakeFiles/dhry1.dir/C_/Users/Christopher_Martin/Documents/Pico_SDK/pico-sdk/src/rp2_common/pico_standard_link/binary_info.c.obj
 .binary_info.keep.__bi_ptr44
                0x10008ec0        0x4 CMakeFiles/dhry1.dir/C_/Users/Christopher_Martin/Documents/Pico_SDK/pico-sdk/src/rp2_common/pico_standard_link/binary_info.c.obj
 .binary_info.keep.__bi_ptr50
                0x10008ec4        0x4 CMakeFiles/dhry1.dir/C_/Users/Christopher_Martin/Documents/Pico_SDK/pico-sdk/src/rp2_common/pico_standard_link/binary_info.c.obj
 .binary_info.keep.__bi_ptr75
                0x10008ec8        0x4 CMakeFiles/dhry1.dir/C_/Users/Christopher_Martin/Documents/Pico_SDK/pico-sdk/src/rp2_common/pico_standard_link/binary_info.c.obj
 .binary_info.keep.__bi_ptr81
                0x10008ecc        0x4 CMakeFiles/dhry1.dir/C_/Users/Christopher_Martin/Documents/Pico_SDK/pico-sdk/src/rp2_common/pico_standard_link/binary_info.c.obj
 *(.binary_info.*)
 .binary_info.__bi_ptr28
                0x10008ed0        0x4 CMakeFiles/dhry1.dir/C_/Users/Christopher_Martin/Documents/Pico_SDK/pico-sdk/src/rp2_common/pico_stdio_uart/stdio_uart.c.obj
 .binary_info.__bi_ptr29
                0x10008ed4        0x4 CMakeFiles/dhry1.dir/C_/Users/Christopher_Martin/Documents/Pico_SDK/pico-sdk/src/rp2_common/pico_stdio_uart/stdio_uart.c.obj
 .binary_info.__bi_ptr118
                0x10008ed8        0x4 CMakeFiles/dhry1.dir/C_/Users/Christopher_Martin/Documents/Pico_SDK/pico-sdk/src/rp2_common/pico_stdio_usb/stdio_usb.c.obj
                0x10008edc                __binary_info_end = .
                0x10008edc                . = ALIGN (0x4)
                0x10008edc                __etext = .

.ram_vector_table
                0x20000000       0xc0
 *(.ram_vector_table)
 .ram_vector_table
                0x20000000       0xc0 CMakeFiles/dhry1.dir/C_/Users/Christopher_Martin/Documents/Pico_SDK/pico-sdk/src/rp2_common/pico_runtime/runtime.c.obj
                0x20000000                ram_vector_table

.data           0x200000c0      0x93c load address 0x10008edc
                0x200000c0                __data_start__ = .
 *(vtable)
 *(.time_critical*)
 .time_critical.mutex_enter_blocking
                0x200000c0       0x48 CMakeFiles/dhry1.dir/C_/Users/Christopher_Martin/Documents/Pico_SDK/pico-sdk/src/common/pico_sync/mutex.c.obj
                0x200000c0                mutex_enter_blocking
 .time_critical.mutex_try_enter
                0x20000108       0x44 CMakeFiles/dhry1.dir/C_/Users/Christopher_Martin/Documents/Pico_SDK/pico-sdk/src/common/pico_sync/mutex.c.obj
                0x20000108                mutex_try_enter
 .time_critical.mutex_enter_timeout_ms
                0x2000014c       0xa0 CMakeFiles/dhry1.dir/C_/Users/Christopher_Martin/Documents/Pico_SDK/pico-sdk/src/common/pico_sync/mutex.c.obj
                0x2000014c                mutex_enter_timeout_ms
 .time_critical.mutex_exit
                0x200001ec       0x28 CMakeFiles/dhry1.dir/C_/Users/Christopher_Martin/Documents/Pico_SDK/pico-sdk/src/common/pico_sync/mutex.c.obj
                0x200001ec                mutex_exit
 .time_critical.flash_init_boot2_copyout
                0x20000214       0x30 CMakeFiles/dhry1.dir/C_/Users/Christopher_Martin/Documents/Pico_SDK/pico-sdk/src/rp2_common/hardware_flash/flash.c.obj
 .time_critical.flash_enable_xip_via_boot2
                0x20000244       0x10 CMakeFiles/dhry1.dir/C_/Users/Christopher_Martin/Documents/Pico_SDK/pico-sdk/src/rp2_common/hardware_flash/flash.c.obj
 .time_critical.flash_cs_force
                0x20000254       0x38 CMakeFiles/dhry1.dir/C_/Users/Christopher_Martin/Documents/Pico_SDK/pico-sdk/src/rp2_common/hardware_flash/flash.c.obj
 .time_critical.flash_do_cmd
                0x2000028c       0xc4 CMakeFiles/dhry1.dir/C_/Users/Christopher_Martin/Documents/Pico_SDK/pico-sdk/src/rp2_common/hardware_flash/flash.c.obj
                0x2000028c                flash_do_cmd
 *(.text*)
 .text          0x20000350        0x4 c:/progra~2/armgnu~1/1142da~1.3re/bin/../lib/gcc/arm-none-eabi/11.3.1/thumb/v6-m/nofp\libgcc.a(_dvmd_tls.o)
                0x20000350                __aeabi_idiv0
                0x20000350                __aeabi_ldiv0
 *fill*         0x20000354        0x4 
 .text.__stub   0x20000358       0x30 linker stubs
                0x20000388                . = ALIGN (0x4)
 *(.rodata*)
                0x20000388                . = ALIGN (0x4)
 *(.data*)
 .data.Reg_Define
                0x20000388       0x28 CMakeFiles/dhry1.dir/dhry1.c.obj
                0x20000388                Reg_Define
 .data.striped_spin_lock_num
                0x200003b0        0x1 CMakeFiles/dhry1.dir/C_/Users/Christopher_Martin/Documents/Pico_SDK/pico-sdk/src/rp2_common/hardware_sync/sync.c.obj
 *fill*         0x200003b1        0x3 
 .data          0x200003b4       0x48 CMakeFiles/dhry1.dir/C_/Users/Christopher_Martin/Documents/Pico_SDK/pico-sdk/src/rp2_common/hardware_irq/irq_handler_chain.S.obj
                0x200003b4                irq_handler_chain_slots
                0x200003e4                irq_handler_chain_first_slot
                0x200003ee                irq_handler_chain_remove_tail
 .data.default_alarm_pool
                0x200003fc       0x18 CMakeFiles/dhry1.dir/C_/Users/Christopher_Martin/Documents/Pico_SDK/pico-sdk/src/common/pico_time/time.c.obj
 .data.default_alarm_pool_heap
                0x20000414       0x10 CMakeFiles/dhry1.dir/C_/Users/Christopher_Martin/Documents/Pico_SDK/pico-sdk/src/common/pico_time/time.c.obj
 *fill*         0x20000424        0xc 
 .data.aeabi_bits_funcs
                0x20000430       0x10 CMakeFiles/dhry1.dir/C_/Users/Christopher_Martin/Documents/Pico_SDK/pico-sdk/src/rp2_common/pico_bit_ops/bit_ops_aeabi.S.obj
                0x20000430                aeabi_bits_funcs
                0x20000440                aeabi_bits_funcs_end
 .data.aeabi_mem_funcs
                0x20000440       0x10 CMakeFiles/dhry1.dir/C_/Users/Christopher_Martin/Documents/Pico_SDK/pico-sdk/src/rp2_common/pico_mem_ops/mem_ops_aeabi.S.obj
                0x20000440                aeabi_mem_funcs
                0x20000450                aeabi_mem_funcs_end
 .data.stdio_uart
                0x20000450       0x14 CMakeFiles/dhry1.dir/C_/Users/Christopher_Martin/Documents/Pico_SDK/pico-sdk/src/rp2_common/pico_stdio_uart/stdio_uart.c.obj
                0x20000450                stdio_uart
 .data.stdio_usb
                0x20000464       0x14 CMakeFiles/dhry1.dir/C_/Users/Christopher_Martin/Documents/Pico_SDK/pico-sdk/src/rp2_common/pico_stdio_usb/stdio_usb.c.obj
                0x20000464                stdio_usb
 .data.ep_dir_string
                0x20000478        0x8 CMakeFiles/dhry1.dir/C_/Users/Christopher_Martin/Documents/Pico_SDK/pico-sdk/lib/tinyusb/src/portable/raspberrypi/rp2040/rp2040_usb.c.obj
                0x20000478                ep_dir_string
 .data._usbd_qdef
                0x20000480       0x24 CMakeFiles/dhry1.dir/C_/Users/Christopher_Martin/Documents/Pico_SDK/pico-sdk/lib/tinyusb/src/device/usbd.c.obj
                0x20000480                _usbd_qdef
 .data.__malloc_av_
                0x200004a4      0x408 c:/progra~2/armgnu~1/1142da~1.3re/bin/../lib/gcc/arm-none-eabi/11.3.1/thumb/v6-m/nofp\libc.a(libc_a-mallocr.o)
                0x200004a4                __malloc_av_
 .data.__malloc_sbrk_base
                0x200008ac        0x4 c:/progra~2/armgnu~1/1142da~1.3re/bin/../lib/gcc/arm-none-eabi/11.3.1/thumb/v6-m/nofp\libc.a(libc_a-mallocr.o)
                0x200008ac                __malloc_sbrk_base
 .data.__malloc_trim_threshold
                0x200008b0        0x4 c:/progra~2/armgnu~1/1142da~1.3re/bin/../lib/gcc/arm-none-eabi/11.3.1/thumb/v6-m/nofp\libc.a(libc_a-mallocr.o)
                0x200008b0                __malloc_trim_threshold
 *fill*         0x200008b4        0x4 
 .data._impure_data
                0x200008b8      0x120 c:/progra~2/armgnu~1/1142da~1.3re/bin/../lib/gcc/arm-none-eabi/11.3.1/thumb/v6-m/nofp\libc.a(libc_a-impure.o)
                0x200008b8                _impure_data
 .data._impure_ptr
                0x200009d8        0x4 c:/progra~2/armgnu~1/1142da~1.3re/bin/../lib/gcc/arm-none-eabi/11.3.1/thumb/v6-m/nofp\libc.a(libc_a-impure.o)
                0x200009d8                _impure_ptr
                0x200009dc                . = ALIGN (0x4)
 *(.after_data.*)
                0x200009dc                . = ALIGN (0x4)
                0x200009dc                PROVIDE (__mutex_array_start = .)
 *(SORT_BY_NAME(.mutex_array.*))
 *(.mutex_array)
 .mutex_array   0x200009dc        0x8 CMakeFiles/dhry1.dir/C_/Users/Christopher_Martin/Documents/Pico_SDK/pico-sdk/src/rp2_common/pico_stdio/stdio.c.obj
                0x200009e4                PROVIDE (__mutex_array_end = .)
                0x200009e4                . = ALIGN (0x4)
                0x200009e4                PROVIDE (__preinit_array_start = .)
 *(SORT_BY_NAME(.preinit_array.*))
 .preinit_array.00001
                0x200009e4        0x4 CMakeFiles/dhry1.dir/C_/Users/Christopher_Martin/Documents/Pico_SDK/pico-sdk/src/rp2_common/pico_mem_ops/mem_ops_aeabi.S.obj
 .preinit_array.00010
                0x200009e8        0x4 CMakeFiles/dhry1.dir/C_/Users/Christopher_Martin/Documents/Pico_SDK/pico-sdk/src/rp2_common/pico_bit_ops/bit_ops_aeabi.S.obj
 .preinit_array.00020
                0x200009ec        0x4 CMakeFiles/dhry1.dir/C_/Users/Christopher_Martin/Documents/Pico_SDK/pico-sdk/src/rp2_common/pico_double/double_aeabi.S.obj
 .preinit_array.00020
                0x200009f0        0x4 CMakeFiles/dhry1.dir/C_/Users/Christopher_Martin/Documents/Pico_SDK/pico-sdk/src/rp2_common/pico_float/float_aeabi.S.obj
 *(.preinit_array)
                0x200009f4                PROVIDE (__preinit_array_end = .)
                0x200009f4                . = ALIGN (0x4)
                0x200009f4                PROVIDE (__init_array_start = .)
 *(SORT_BY_NAME(.init_array.*))
 *(.init_array)
 .init_array    0x200009f4        0x4 c:/progra~2/armgnu~1/1142da~1.3re/bin/../lib/gcc/arm-none-eabi/11.3.1/thumb/v6-m/nofp/crtbegin.o
 .init_array    0x200009f8        0x4 CMakeFiles/dhry1.dir/C_/Users/Christopher_Martin/Documents/Pico_SDK/pico-sdk/src/rp2_common/pico_unique_id/unique_id.c.obj
                0x200009fc                PROVIDE (__init_array_end = .)
                0x200009fc                . = ALIGN (0x4)
                [!provide]                PROVIDE (__fini_array_start = .)
 *(SORT_BY_NAME(.fini_array.*))
 *(.fini_array)
                [!provide]                PROVIDE (__fini_array_end = .)
 *(.jcr)
                0x200009fc                . = ALIGN (0x4)
                0x200009fc                __data_end__ = .

.tm_clone_table
                0x200009fc        0x0 load address 0x10009818
 .tm_clone_table
                0x200009fc        0x0 c:/progra~2/armgnu~1/1142da~1.3re/bin/../lib/gcc/arm-none-eabi/11.3.1/thumb/v6-m/nofp/crtbegin.o
 .tm_clone_table
                0x200009fc        0x0 c:/progra~2/armgnu~1/1142da~1.3re/bin/../lib/gcc/arm-none-eabi/11.3.1/thumb/v6-m/nofp/crtend.o

.igot.plt       0x200009fc        0x0 load address 0x10009818
 .igot.plt      0x200009fc        0x0 c:/progra~2/armgnu~1/1142da~1.3re/bin/../lib/gcc/arm-none-eabi/11.3.1/thumb/v6-m/nofp/crtbegin.o

.uninitialized_data
                0x200009fc        0x0 load address 0x10009818
                0x200009fc                . = ALIGN (0x4)
 *(.uninitialized_data*)

.scratch_x      0x20040000        0x0 load address 0x10009818
                0x20040000                __scratch_x_start__ = .
 *(.scratch_x.*)
                0x20040000                . = ALIGN (0x4)
                0x20040000                __scratch_x_end__ = .
                0x10009818                __scratch_x_source__ = LOADADDR (.scratch_x)

.scratch_y      0x20041000        0x0 load address 0x10009818
                0x20041000                __scratch_y_start__ = .
 *(.scratch_y.*)
                0x20041000                . = ALIGN (0x4)
                0x20041000                __scratch_y_end__ = .
                0x10009818                __scratch_y_source__ = LOADADDR (.scratch_y)

.bss            0x20000a00     0x371c
                0x20000a00                . = ALIGN (0x4)
                0x20000a00                __bss_start__ = .
 *(SORT_BY_ALIGNMENT(SORT_BY_NAME(.bss*)))
 .bss.Dhrystones_Per_Second
                0x20000a00        0x8 CMakeFiles/dhry1.dir/dhry1.c.obj
                0x20000a00                Dhrystones_Per_Second
 .bss.Microseconds
                0x20000a08        0x8 CMakeFiles/dhry1.dir/dhry1.c.obj
                0x20000a08                Microseconds
 .bss.User_Time
                0x20000a10        0x8 CMakeFiles/dhry1.dir/dhry1.c.obj
                0x20000a10                User_Time
 .bss.Vax_Mips  0x20000a18        0x8 CMakeFiles/dhry1.dir/dhry1.c.obj
                0x20000a18                Vax_Mips
 .bss.default_alarm_pool_entries
                0x20000a20      0x100 CMakeFiles/dhry1.dir/C_/Users/Christopher_Martin/Documents/Pico_SDK/pico-sdk/src/common/pico_time/time.c.obj
 .bss.last_avail_time.1
                0x20000b20        0x8 CMakeFiles/dhry1.dir/C_/Users/Christopher_Martin/Documents/Pico_SDK/pico-sdk/src/rp2_common/pico_stdio_usb/stdio_usb.c.obj
 .bss.sd_table  0x20000b28      0x100 CMakeFiles/dhry1.dir/C_/Users/Christopher_Martin/Documents/Pico_SDK/pico-sdk/src/rp2_common/pico_double/double_init_rom.c.obj
                0x20000b28                sd_table
 .bss.secs      0x20000c28        0x8 CMakeFiles/dhry1.dir/dhry1.c.obj
                0x20000c28                secs
 .bss.sf_table  0x20000c30      0x100 CMakeFiles/dhry1.dir/C_/Users/Christopher_Martin/Documents/Pico_SDK/pico-sdk/src/rp2_common/pico_float/float_init_rom.c.obj
                0x20000c30                sf_table
 .bss.startTime
                0x20000d30        0x8 CMakeFiles/dhry1.dir/dhry1.c.obj
                0x20000d30                startTime
 .bss.Arr_1_Glob
                0x20000d38       0xc8 CMakeFiles/dhry1.dir/dhry1.c.obj
                0x20000d38                Arr_1_Glob
 .bss.Arr_2_Glob
                0x20000e00     0x2710 CMakeFiles/dhry1.dir/dhry1.c.obj
                0x20000e00                Arr_2_Glob
 .bss.Bool_Glob
                0x20003510        0x4 CMakeFiles/dhry1.dir/dhry1.c.obj
                0x20003510                Bool_Glob
 .bss.Int_Glob  0x20003514        0x4 CMakeFiles/dhry1.dir/dhry1.c.obj
                0x20003514                Int_Glob
 .bss.Next_Ptr_Glob
                0x20003518        0x4 CMakeFiles/dhry1.dir/dhry1.c.obj
                0x20003518                Next_Ptr_Glob
 .bss.Ptr_Glob  0x2000351c        0x4 CMakeFiles/dhry1.dir/dhry1.c.obj
                0x2000351c                Ptr_Glob
 .bss.__lock___malloc_recursive_mutex
                0x20003520        0x1 c:/progra~2/armgnu~1/1142da~1.3re/bin/../lib/gcc/arm-none-eabi/11.3.1/thumb/v6-m/nofp\libc.a(libc_a-lock.o)
                0x20003520                __lock___malloc_recursive_mutex
 *fill*         0x20003521        0x3 
 .bss.__malloc_current_mallinfo
                0x20003524       0x28 c:/progra~2/armgnu~1/1142da~1.3re/bin/../lib/gcc/arm-none-eabi/11.3.1/thumb/v6-m/nofp\libc.a(libc_a-mallocr.o)
                0x20003524                __malloc_current_mallinfo
 .bss.__malloc_max_sbrked_mem
                0x2000354c        0x4 c:/progra~2/armgnu~1/1142da~1.3re/bin/../lib/gcc/arm-none-eabi/11.3.1/thumb/v6-m/nofp\libc.a(libc_a-mallocr.o)
                0x2000354c                __malloc_max_sbrked_mem
 .bss.__malloc_max_total_mem
                0x20003550        0x4 c:/progra~2/armgnu~1/1142da~1.3re/bin/../lib/gcc/arm-none-eabi/11.3.1/thumb/v6-m/nofp\libc.a(libc_a-mallocr.o)
                0x20003550                __malloc_max_total_mem
 .bss.__malloc_top_pad
                0x20003554        0x4 c:/progra~2/armgnu~1/1142da~1.3re/bin/../lib/gcc/arm-none-eabi/11.3.1/thumb/v6-m/nofp\libc.a(libc_a-mallocr.o)
                0x20003554                __malloc_top_pad
 .bss.__sf      0x20003558      0x138 c:/progra~2/armgnu~1/1142da~1.3re/bin/../lib/gcc/arm-none-eabi/11.3.1/thumb/v6-m/nofp\libc.a(libc_a-findfp.o)
                0x20003558                __sf
 .bss._app_driver
                0x20003690        0x4 CMakeFiles/dhry1.dir/C_/Users/Christopher_Martin/Documents/Pico_SDK/pico-sdk/lib/tinyusb/src/device/usbd.c.obj
 .bss._cdcd_itf
                0x20003694      0x2d8 CMakeFiles/dhry1.dir/C_/Users/Christopher_Martin/Documents/Pico_SDK/pico-sdk/lib/tinyusb/src/class/cdc/cdc_device.c.obj
 .bss._ctrl_xfer
                0x2000396c       0x14 CMakeFiles/dhry1.dir/C_/Users/Christopher_Martin/Documents/Pico_SDK/pico-sdk/lib/tinyusb/src/device/usbd_control.c.obj
 .bss._ubsd_mutexdef
                0x20003980        0x8 CMakeFiles/dhry1.dir/C_/Users/Christopher_Martin/Documents/Pico_SDK/pico-sdk/lib/tinyusb/src/device/usbd.c.obj
 .bss._usbd_ctrl_buf
                0x20003988       0x40 CMakeFiles/dhry1.dir/C_/Users/Christopher_Martin/Documents/Pico_SDK/pico-sdk/lib/tinyusb/src/device/usbd_control.c.obj
 .bss._usbd_dev
                0x200039c8       0x53 CMakeFiles/dhry1.dir/C_/Users/Christopher_Martin/Documents/Pico_SDK/pico-sdk/lib/tinyusb/src/device/usbd.c.obj
 *fill*         0x20003a1b        0x1 
 .bss._usbd_mutex
                0x20003a1c        0x4 CMakeFiles/dhry1.dir/C_/Users/Christopher_Martin/Documents/Pico_SDK/pico-sdk/lib/tinyusb/src/device/usbd.c.obj
 .bss._usbd_q   0x20003a20        0x4 CMakeFiles/dhry1.dir/C_/Users/Christopher_Martin/Documents/Pico_SDK/pico-sdk/lib/tinyusb/src/device/usbd.c.obj
 .bss._usbd_qdef_buf
                0x20003a24       0xc0 CMakeFiles/dhry1.dir/C_/Users/Christopher_Martin/Documents/Pico_SDK/pico-sdk/lib/tinyusb/src/device/usbd.c.obj
                0x20003a24                _usbd_qdef_buf
 .bss.alarm_callbacks
                0x20003ae4       0x10 CMakeFiles/dhry1.dir/C_/Users/Christopher_Martin/Documents/Pico_SDK/pico-sdk/src/rp2_common/hardware_timer/timer.c.obj
 .bss.boot2_copyout
                0x20003af4      0x100 CMakeFiles/dhry1.dir/C_/Users/Christopher_Martin/Documents/Pico_SDK/pico-sdk/src/rp2_common/hardware_flash/flash.c.obj
 .bss.claimed   0x20003bf4        0x4 CMakeFiles/dhry1.dir/C_/Users/Christopher_Martin/Documents/Pico_SDK/pico-sdk/src/rp2_common/hardware_sync/sync.c.obj
 .bss.configured_freq
                0x20003bf8       0x28 CMakeFiles/dhry1.dir/C_/Users/Christopher_Martin/Documents/Pico_SDK/pico-sdk/src/rp2_common/hardware_clocks/clocks.c.obj
 .bss.default_alarm_pool_entry_ids_high
                0x20003c20       0x10 CMakeFiles/dhry1.dir/C_/Users/Christopher_Martin/Documents/Pico_SDK/pico-sdk/src/common/pico_time/time.c.obj
 .bss.default_alarm_pool_heap_nodes
                0x20003c30       0x30 CMakeFiles/dhry1.dir/C_/Users/Christopher_Martin/Documents/Pico_SDK/pico-sdk/src/common/pico_time/time.c.obj
 .bss.desc_str.0
                0x20003c60       0x28 CMakeFiles/dhry1.dir/C_/Users/Christopher_Martin/Documents/Pico_SDK/pico-sdk/src/rp2_common/pico_stdio_usb/stdio_usb_descriptors.c.obj
 .bss.drivers   0x20003c88        0x4 CMakeFiles/dhry1.dir/C_/Users/Christopher_Martin/Documents/Pico_SDK/pico-sdk/src/rp2_common/pico_stdio/stdio.c.obj
 .bss.errno     0x20003c8c        0x4 c:/progra~2/armgnu~1/1142da~1.3re/bin/../lib/gcc/arm-none-eabi/11.3.1/thumb/v6-m/nofp\libc.a(libc_a-reent.o)
                0x20003c8c                errno
 .bss.filter    0x20003c90        0x4 CMakeFiles/dhry1.dir/C_/Users/Christopher_Martin/Documents/Pico_SDK/pico-sdk/src/rp2_common/pico_stdio/stdio.c.obj
 .bss.heap_end.0
                0x20003c94        0x4 CMakeFiles/dhry1.dir/C_/Users/Christopher_Martin/Documents/Pico_SDK/pico-sdk/src/rp2_common/pico_runtime/runtime.c.obj
 .bss.hw_endpoints
                0x20003c98      0x400 CMakeFiles/dhry1.dir/C_/Users/Christopher_Martin/Documents/Pico_SDK/pico-sdk/lib/tinyusb/src/portable/raspberrypi/rp2040/dcd_rp2040.c.obj
 .bss.lazy_vsnprintf
                0x20004098        0x4 CMakeFiles/dhry1.dir/C_/Users/Christopher_Martin/Documents/Pico_SDK/pico-sdk/src/rp2_common/pico_printf/printf.c.obj
 .bss.load_value
                0x2000409c        0x4 CMakeFiles/dhry1.dir/C_/Users/Christopher_Martin/Documents/Pico_SDK/pico-sdk/src/rp2_common/hardware_watchdog/watchdog.c.obj
 .bss.next_buffer_ptr
                0x200040a0        0x4 CMakeFiles/dhry1.dir/C_/Users/Christopher_Martin/Documents/Pico_SDK/pico-sdk/lib/tinyusb/src/portable/raspberrypi/rp2040/dcd_rp2040.c.obj
 .bss.object.0  0x200040a4       0x18 c:/progra~2/armgnu~1/1142da~1.3re/bin/../lib/gcc/arm-none-eabi/11.3.1/thumb/v6-m/nofp/crtbegin.o
 .bss.pools     0x200040bc       0x10 CMakeFiles/dhry1.dir/C_/Users/Christopher_Martin/Documents/Pico_SDK/pico-sdk/src/common/pico_time/time.c.obj
 .bss.retrieved_id
                0x200040cc        0x8 CMakeFiles/dhry1.dir/C_/Users/Christopher_Martin/Documents/Pico_SDK/pico-sdk/src/rp2_common/pico_unique_id/unique_id.c.obj
 .bss.sf_clz_func
                0x200040d4        0x4 CMakeFiles/dhry1.dir/C_/Users/Christopher_Martin/Documents/Pico_SDK/pico-sdk/src/rp2_common/pico_double/double_init_rom.c.obj
                0x200040d4                sf_clz_func
 .bss.sleep_notifier
                0x200040d8        0x4 CMakeFiles/dhry1.dir/C_/Users/Christopher_Martin/Documents/Pico_SDK/pico-sdk/src/common/pico_time/time.c.obj
 .bss.stdio_usb_mutex
                0x200040dc        0x8 CMakeFiles/dhry1.dir/C_/Users/Christopher_Martin/Documents/Pico_SDK/pico-sdk/src/rp2_common/pico_stdio_usb/stdio_usb.c.obj
 .bss.target_hi
                0x200040e4       0x10 CMakeFiles/dhry1.dir/C_/Users/Christopher_Martin/Documents/Pico_SDK/pico-sdk/src/rp2_common/hardware_timer/timer.c.obj
 .bss.uart_char_to_line_feed
                0x200040f4        0x4 CMakeFiles/dhry1.dir/C_/Users/Christopher_Martin/Documents/Pico_SDK/pico-sdk/src/rp2_common/hardware_uart/uart.c.obj
                0x200040f4                uart_char_to_line_feed
 .bss.uart_instance
                0x200040f8        0x4 CMakeFiles/dhry1.dir/C_/Users/Christopher_Martin/Documents/Pico_SDK/pico-sdk/src/rp2_common/pico_stdio_uart/stdio_uart.c.obj
 .bss.usbd_serial_str
                0x200040fc       0x11 CMakeFiles/dhry1.dir/C_/Users/Christopher_Martin/Documents/Pico_SDK/pico-sdk/src/rp2_common/pico_stdio_usb/stdio_usb_descriptors.c.obj
 *fill*         0x2000410d        0x3 
 .bss.user_irq_claimed
                0x20004110        0x2 CMakeFiles/dhry1.dir/C_/Users/Christopher_Martin/Documents/Pico_SDK/pico-sdk/src/rp2_common/hardware_irq/irq.c.obj
 .bss.Ch_1_Glob
                0x20004112        0x1 CMakeFiles/dhry1.dir/dhry1.c.obj
                0x20004112                Ch_1_Glob
 .bss.Ch_2_Glob
                0x20004113        0x1 CMakeFiles/dhry1.dir/dhry1.c.obj
                0x20004113                Ch_2_Glob
 .bss._app_driver_count
                0x20004114        0x1 CMakeFiles/dhry1.dir/C_/Users/Christopher_Martin/Documents/Pico_SDK/pico-sdk/lib/tinyusb/src/device/usbd.c.obj
 .bss._usbd_initialized
                0x20004115        0x1 CMakeFiles/dhry1.dir/C_/Users/Christopher_Martin/Documents/Pico_SDK/pico-sdk/lib/tinyusb/src/device/usbd.c.obj
 .bss.boot2_copyout_valid
                0x20004116        0x1 CMakeFiles/dhry1.dir/C_/Users/Christopher_Martin/Documents/Pico_SDK/pico-sdk/src/rp2_common/hardware_flash/flash.c.obj
 .bss.claimed   0x20004117        0x1 CMakeFiles/dhry1.dir/C_/Users/Christopher_Martin/Documents/Pico_SDK/pico-sdk/src/rp2_common/hardware_timer/timer.c.obj
 .bss.irq_hander_chain_free_slot_head
                0x20004118        0x1 CMakeFiles/dhry1.dir/C_/Users/Christopher_Martin/Documents/Pico_SDK/pico-sdk/src/rp2_common/hardware_irq/irq.c.obj
 .bss.itf_num   0x20004119        0x1 CMakeFiles/dhry1.dir/C_/Users/Christopher_Martin/Documents/Pico_SDK/pico-sdk/src/rp2_common/pico_stdio_usb/reset_interface.c.obj
 .bss.low_priority_irq_num
                0x2000411a        0x1 CMakeFiles/dhry1.dir/C_/Users/Christopher_Martin/Documents/Pico_SDK/pico-sdk/src/rp2_common/pico_stdio_usb/stdio_usb.c.obj
 .bss.timer_callbacks_pending
                0x2000411b        0x1 CMakeFiles/dhry1.dir/C_/Users/Christopher_Martin/Documents/Pico_SDK/pico-sdk/src/rp2_common/hardware_timer/timer.c.obj
 *(COMMON)
                0x2000411c                . = ALIGN (0x4)
                0x2000411c                __bss_end__ = .

.heap           0x2000411c      0x800
                0x2000411c                __end__ = .
                0x2000411c                end = __end__
 *(.heap*)
 .heap          0x2000411c      0x800 CMakeFiles/dhry1.dir/C_/Users/Christopher_Martin/Documents/Pico_SDK/pico-sdk/src/rp2_common/pico_standard_link/crt0.S.obj
                0x2000491c                __HeapLimit = .

.stack1_dummy   0x20040000        0x0
 *(.stack1*)

.stack_dummy    0x20041000      0x800
 *(.stack*)
 .stack         0x20041000      0x800 CMakeFiles/dhry1.dir/C_/Users/Christopher_Martin/Documents/Pico_SDK/pico-sdk/src/rp2_common/pico_standard_link/crt0.S.obj

.flash_end      0x10009818        0x0
                0x10009818                __flash_binary_end = .
                0x20040000                __StackLimit = (ORIGIN (RAM) + LENGTH (RAM))
                0x20041000                __StackOneTop = (ORIGIN (SCRATCH_X) + LENGTH (SCRATCH_X))
                0x20042000                __StackTop = (ORIGIN (SCRATCH_Y) + LENGTH (SCRATCH_Y))
                0x20041000                __StackOneBottom = (__StackOneTop - SIZEOF (.stack1_dummy))
                0x20041800                __StackBottom = (__StackTop - SIZEOF (.stack_dummy))
                0x20042000                PROVIDE (__stack = __StackTop)
                0x00000001                ASSERT ((__StackLimit >= __HeapLimit), region RAM overflowed)
                0x00000001                ASSERT (((__binary_info_header_end - __logical_binary_start) <= 0x100), Binary info must be in first 256 bytes of the binary)
LOAD CMakeFiles/dhry1.dir/dhry1.c.obj
LOAD CMakeFiles/dhry1.dir/dhry_2.c.obj
LOAD CMakeFiles/dhry1.dir/C_/Users/Christopher_Martin/Documents/Pico_SDK/pico-sdk/src/rp2_common/pico_stdlib/stdlib.c.obj
LOAD CMakeFiles/dhry1.dir/C_/Users/Christopher_Martin/Documents/Pico_SDK/pico-sdk/src/rp2_common/hardware_gpio/gpio.c.obj
LOAD CMakeFiles/dhry1.dir/C_/Users/Christopher_Martin/Documents/Pico_SDK/pico-sdk/src/rp2_common/hardware_claim/claim.c.obj
LOAD CMakeFiles/dhry1.dir/C_/Users/Christopher_Martin/Documents/Pico_SDK/pico-sdk/src/rp2_common/pico_platform/platform.c.obj
LOAD CMakeFiles/dhry1.dir/C_/Users/Christopher_Martin/Documents/Pico_SDK/pico-sdk/src/rp2_common/hardware_sync/sync.c.obj
LOAD CMakeFiles/dhry1.dir/C_/Users/Christopher_Martin/Documents/Pico_SDK/pico-sdk/src/rp2_common/hardware_irq/irq.c.obj
LOAD CMakeFiles/dhry1.dir/C_/Users/Christopher_Martin/Documents/Pico_SDK/pico-sdk/src/rp2_common/hardware_irq/irq_handler_chain.S.obj
LOAD CMakeFiles/dhry1.dir/C_/Users/Christopher_Martin/Documents/Pico_SDK/pico-sdk/src/common/pico_sync/sem.c.obj
LOAD CMakeFiles/dhry1.dir/C_/Users/Christopher_Martin/Documents/Pico_SDK/pico-sdk/src/common/pico_sync/lock_core.c.obj
LOAD CMakeFiles/dhry1.dir/C_/Users/Christopher_Martin/Documents/Pico_SDK/pico-sdk/src/common/pico_time/time.c.obj
LOAD CMakeFiles/dhry1.dir/C_/Users/Christopher_Martin/Documents/Pico_SDK/pico-sdk/src/common/pico_time/timeout_helper.c.obj
LOAD CMakeFiles/dhry1.dir/C_/Users/Christopher_Martin/Documents/Pico_SDK/pico-sdk/src/rp2_common/hardware_timer/timer.c.obj
LOAD CMakeFiles/dhry1.dir/C_/Users/Christopher_Martin/Documents/Pico_SDK/pico-sdk/src/common/pico_util/datetime.c.obj
LOAD CMakeFiles/dhry1.dir/C_/Users/Christopher_Martin/Documents/Pico_SDK/pico-sdk/src/common/pico_util/pheap.c.obj
LOAD CMakeFiles/dhry1.dir/C_/Users/Christopher_Martin/Documents/Pico_SDK/pico-sdk/src/common/pico_util/queue.c.obj
LOAD CMakeFiles/dhry1.dir/C_/Users/Christopher_Martin/Documents/Pico_SDK/pico-sdk/src/common/pico_sync/mutex.c.obj
LOAD CMakeFiles/dhry1.dir/C_/Users/Christopher_Martin/Documents/Pico_SDK/pico-sdk/src/common/pico_sync/critical_section.c.obj
LOAD CMakeFiles/dhry1.dir/C_/Users/Christopher_Martin/Documents/Pico_SDK/pico-sdk/src/rp2_common/hardware_uart/uart.c.obj
LOAD CMakeFiles/dhry1.dir/C_/Users/Christopher_Martin/Documents/Pico_SDK/pico-sdk/src/rp2_common/hardware_divider/divider.S.obj
LOAD CMakeFiles/dhry1.dir/C_/Users/Christopher_Martin/Documents/Pico_SDK/pico-sdk/src/rp2_common/pico_runtime/runtime.c.obj
LOAD CMakeFiles/dhry1.dir/C_/Users/Christopher_Martin/Documents/Pico_SDK/pico-sdk/src/rp2_common/hardware_clocks/clocks.c.obj
LOAD CMakeFiles/dhry1.dir/C_/Users/Christopher_Martin/Documents/Pico_SDK/pico-sdk/src/rp2_common/hardware_pll/pll.c.obj
LOAD CMakeFiles/dhry1.dir/C_/Users/Christopher_Martin/Documents/Pico_SDK/pico-sdk/src/rp2_common/hardware_vreg/vreg.c.obj
LOAD CMakeFiles/dhry1.dir/C_/Users/Christopher_Martin/Documents/Pico_SDK/pico-sdk/src/rp2_common/hardware_watchdog/watchdog.c.obj
LOAD CMakeFiles/dhry1.dir/C_/Users/Christopher_Martin/Documents/Pico_SDK/pico-sdk/src/rp2_common/hardware_xosc/xosc.c.obj
LOAD CMakeFiles/dhry1.dir/C_/Users/Christopher_Martin/Documents/Pico_SDK/pico-sdk/src/rp2_common/pico_printf/printf.c.obj